Component: Arm Compiler for Embedded 6.23 Tool: armlink [5f102400]

==============================================================================

Section Cross References

    startup_stm32f103xb.o(STACK) refers (Special) to heapauxi.o(.text) for __use_two_region_memory
    startup_stm32f103xb.o(HEAP) refers (Special) to heapauxi.o(.text) for __use_two_region_memory
    startup_stm32f103xb.o(RESET) refers (Special) to heapauxi.o(.text) for __use_two_region_memory
    startup_stm32f103xb.o(RESET) refers to startup_stm32f103xb.o(STACK) for __initial_sp
    startup_stm32f103xb.o(RESET) refers to startup_stm32f103xb.o(.text) for Reset_Handler
    startup_stm32f103xb.o(RESET) refers to stm32f1xx_it.o(.text.NMI_Handler) for NMI_Handler
    startup_stm32f103xb.o(RESET) refers to stm32f1xx_it.o(.text.HardFault_Handler) for HardFault_Handler
    startup_stm32f103xb.o(RESET) refers to stm32f1xx_it.o(.text.MemManage_Handler) for MemManage_Handler
    startup_stm32f103xb.o(RESET) refers to stm32f1xx_it.o(.text.BusFault_Handler) for BusFault_Handler
    startup_stm32f103xb.o(RESET) refers to stm32f1xx_it.o(.text.UsageFault_Handler) for UsageFault_Handler
    startup_stm32f103xb.o(RESET) refers to stm32f1xx_it.o(.text.SVC_Handler) for SVC_Handler
    startup_stm32f103xb.o(RESET) refers to stm32f1xx_it.o(.text.DebugMon_Handler) for DebugMon_Handler
    startup_stm32f103xb.o(RESET) refers to stm32f1xx_it.o(.text.PendSV_Handler) for PendSV_Handler
    startup_stm32f103xb.o(RESET) refers to stm32f1xx_it.o(.text.SysTick_Handler) for SysTick_Handler
    startup_stm32f103xb.o(RESET) refers to stm32f1xx_it.o(.text.TIM2_IRQHandler) for TIM2_IRQHandler
    startup_stm32f103xb.o(RESET) refers to stm32f1xx_it.o(.text.TIM3_IRQHandler) for TIM3_IRQHandler
    startup_stm32f103xb.o(RESET) refers to stm32f1xx_it.o(.text.TIM4_IRQHandler) for TIM4_IRQHandler
    startup_stm32f103xb.o(RESET) refers to stm32f1xx_it.o(.text.USART1_IRQHandler) for USART1_IRQHandler
    startup_stm32f103xb.o(RESET) refers to stm32f1xx_it.o(.text.USART2_IRQHandler) for USART2_IRQHandler
    startup_stm32f103xb.o(.text) refers (Special) to heapauxi.o(.text) for __use_two_region_memory
    startup_stm32f103xb.o(.text) refers to system_stm32f1xx.o(.text.SystemInit) for SystemInit
    startup_stm32f103xb.o(.text) refers to __main.o(!!!main) for __main
    startup_stm32f103xb.o(.text) refers to startup_stm32f103xb.o(HEAP) for Heap_Mem
    startup_stm32f103xb.o(.text) refers to startup_stm32f103xb.o(STACK) for Stack_Mem
    esp8266.o(.text) refers (Special) to _printf_percent.o(.ARM.Collect$$_printf_percent$$00000000) for _printf_percent
    esp8266.o(.text) refers (Special) to _printf_s.o(.ARM.Collect$$_printf_percent$$00000014) for _printf_s
    esp8266.o(.text) refers (Special) to _printf_d.o(.ARM.Collect$$_printf_percent$$00000009) for _printf_d
    esp8266.o(.text) refers (Special) to _printf_dec.o(.text) for _printf_int_dec
    esp8266.o(.text) refers (Special) to _printf_str.o(.text) for _printf_str
    esp8266.o(.text.HAL_UART_RxCpltCallback) refers (Special) to _printf_percent.o(.ARM.Collect$$_printf_percent$$00000000) for _printf_percent
    esp8266.o(.text.HAL_UART_RxCpltCallback) refers (Special) to _printf_s.o(.ARM.Collect$$_printf_percent$$00000014) for _printf_s
    esp8266.o(.text.HAL_UART_RxCpltCallback) refers (Special) to _printf_d.o(.ARM.Collect$$_printf_percent$$00000009) for _printf_d
    esp8266.o(.text.HAL_UART_RxCpltCallback) refers (Special) to _printf_dec.o(.text) for _printf_int_dec
    esp8266.o(.text.HAL_UART_RxCpltCallback) refers (Special) to _printf_str.o(.text) for _printf_str
    esp8266.o(.text.HAL_UART_RxCpltCallback) refers to esp8266.o(.bss.strEsp8266_Fram_Record) for strEsp8266_Fram_Record
    esp8266.o(.text.HAL_UART_RxCpltCallback) refers to usart.o(.bss.huart1) for huart1
    esp8266.o(.text.HAL_UART_RxCpltCallback) refers to stm32f1xx_hal_uart.o(.text.HAL_UART_Receive_IT) for HAL_UART_Receive_IT
    esp8266.o(.ARM.exidx.text.HAL_UART_RxCpltCallback) refers (Special) to _printf_percent.o(.ARM.Collect$$_printf_percent$$00000000) for _printf_percent
    esp8266.o(.ARM.exidx.text.HAL_UART_RxCpltCallback) refers (Special) to _printf_s.o(.ARM.Collect$$_printf_percent$$00000014) for _printf_s
    esp8266.o(.ARM.exidx.text.HAL_UART_RxCpltCallback) refers (Special) to _printf_d.o(.ARM.Collect$$_printf_percent$$00000009) for _printf_d
    esp8266.o(.ARM.exidx.text.HAL_UART_RxCpltCallback) refers (Special) to _printf_dec.o(.text) for _printf_int_dec
    esp8266.o(.ARM.exidx.text.HAL_UART_RxCpltCallback) refers (Special) to _printf_str.o(.text) for _printf_str
    esp8266.o(.ARM.exidx.text.HAL_UART_RxCpltCallback) refers to esp8266.o(.text.HAL_UART_RxCpltCallback) for [Anonymous Symbol]
    esp8266.o(.text.UART2_Debug_Print) refers (Special) to _printf_percent.o(.ARM.Collect$$_printf_percent$$00000000) for _printf_percent
[...]
    [Anonymous Symbol]                       0x08004620   Section        0  stm32f1xx_it.o(.text.MemManage_Handler)
    [Anonymous Symbol]                       0x08004624   Section        0  stm32f1xx_it.o(.text.NMI_Handler)
    [Anonymous Symbol]                       0x08004628   Section        0  stm32f1xx_it.o(.text.PendSV_Handler)
    [Anonymous Symbol]                       0x0800462c   Section        0  stm32f1xx_it.o(.text.SVC_Handler)
    [Anonymous Symbol]                       0x08004630   Section        0  stm32f1xx_it.o(.text.SysTick_Handler)
    [Anonymous Symbol]                       0x08004634   Section        0  system_stm32f1xx.o(.text.SystemInit)
    [Anonymous Symbol]                       0x08004638   Section        0  stm32f1xx_it.o(.text.TIM2_IRQHandler)
    [Anonymous Symbol]                       0x08004644   Section        0  stm32f1xx_it.o(.text.TIM3_IRQHandler)
    [Anonymous Symbol]                       0x08004650   Section        0  stm32f1xx_it.o(.text.TIM4_IRQHandler)
    [Anonymous Symbol]                       0x0800465c   Section        0  esp8266.o(.text.UART2_Debug_Print)
    UART_DMAAbortOnError                     0x080046c5   Thumb Code    12  stm32f1xx_hal_uart.o(.text.UART_DMAAbortOnError)
    [Anonymous Symbol]                       0x080046c4   Section        0  stm32f1xx_hal_uart.o(.text.UART_DMAAbortOnError)
    UART_DMARxOnlyAbortCallback              0x080046d1   Thumb Code    18  stm32f1xx_hal_uart.o(.text.UART_DMARxOnlyAbortCallback)
    [Anonymous Symbol]                       0x080046d0   Section        0  stm32f1xx_hal_uart.o(.text.UART_DMARxOnlyAbortCallback)
    UART_Receive_IT                          0x080046e5   Thumb Code   254  stm32f1xx_hal_uart.o(.text.UART_Receive_IT)
    [Anonymous Symbol]                       0x080046e4   Section        0  stm32f1xx_hal_uart.o(.text.UART_Receive_IT)
    [Anonymous Symbol]                       0x080047e4   Section        0  stm32f1xx_it.o(.text.USART1_IRQHandler)
    [Anonymous Symbol]                       0x080047f0   Section        0  stm32f1xx_it.o(.text.USART2_IRQHandler)
    [Anonymous Symbol]                       0x080047fc   Section        0  stm32f1xx_it.o(.text.UsageFault_Handler)
    [Anonymous Symbol]                       0x08004800   Section        0  main.o(.text.main)
    [Anonymous Symbol]                       0x0800494c   Section        0  esp8266.o(.text.main_loop_task)
    CL$$btod_d2e                             0x08004a94   Section       62  btod.o(CL$$btod_d2e)
    CL$$btod_d2e_denorm_low                  0x08004ad2   Section       70  btod.o(CL$$btod_d2e_denorm_low)
    CL$$btod_d2e_norm_op1                    0x08004b18   Section       96  btod.o(CL$$btod_d2e_norm_op1)
    CL$$btod_div_common                      0x08004b78   Section      824  btod.o(CL$$btod_div_common)
    CL$$btod_e2e                             0x08004eb0   Section      220  btod.o(CL$$btod_e2e)
    CL$$btod_ediv                            0x08004f8c   Section       42  btod.o(CL$$btod_ediv)
    CL$$btod_emul                            0x08004fb6   Section       42  btod.o(CL$$btod_emul)
    CL$$btod_mult_common                     0x08004fe0   Section      580  btod.o(CL$$btod_mult_common)
    i.__ARM_fpclassify                       0x08005224   Section        0  fpclassify.o(i.__ARM_fpclassify)
    i._is_digit                              0x0800524c   Section        0  __printf_wp.o(i._is_digit)
    locale$$code                             0x0800525c   Section       44  lc_ctype_c.o(locale$$code)
    locale$$code                             0x08005288   Section       44  lc_numeric_c.o(locale$$code)
    x$fpl$printf1                            0x080052b4   Section        4  printf1.o(x$fpl$printf1)
    x$fpl$printf2                            0x080052b8   Section        4  printf2.o(x$fpl$printf2)
    maptable                                 0x080052bc   Data          17  __printf_flags_ss_wp.o(.constdata)
    .constdata                               0x080052bc   Section       17  __printf_flags_ss_wp.o(.constdata)
    x$fpl$usenofp                            0x080052bc   Section        0  usenofp.o(x$fpl$usenofp)
    initial_mbstate                          0x080052d0   Data           8  _printf_wctomb.o(.constdata)
    .constdata                               0x080052d0   Section        8  _printf_wctomb.o(.constdata)
    uc_hextab                                0x080052d8   Data          20  _printf_hex_int_ll_ptr.o(.constdata)
    .constdata                               0x080052d8   Section       40  _printf_hex_int_ll_ptr.o(.constdata)
    lc_hextab                                0x080052ec   Data          20  _printf_hex_int_ll_ptr.o(.constdata)
    lc_hextab                                0x08005300   Data          19  _printf_fp_hex.o(.constdata)
    .constdata                               0x08005300   Section       38  _printf_fp_hex.o(.constdata)
    uc_hextab                                0x08005313   Data          19  _printf_fp_hex.o(.constdata)
    tenpwrs_x                                0x08005328   Data          60  bigflt0.o(.constdata)
    .constdata                               0x08005328   Section      148  bigflt0.o(.constdata)
    tenpwrs_i                                0x08005364   Data          64  bigflt0.o(.constdata)
    HAL_RCC_GetSysClockFreq.aPredivFactorTable 0x080053d4   Data           2  stm32f1xx_hal_rcc.o(.rodata.HAL_RCC_GetSysClockFreq.aPredivFactorTable)
    [Anonymous Symbol]                       0x080053d4   Section        0  stm32f1xx_hal_rcc.o(.rodata.HAL_RCC_GetSysClockFreq.aPredivFactorTable)
    HAL_RCC_GetSysClockFreq.aPLLMULFactorTable 0x080053d6   Data          16  stm32f1xx_hal_rcc.o(.rodata.cst16)
    [Anonymous Symbol]                       0x080053d6   Section        0  stm32f1xx_hal_rcc.o(.rodata.cst16)
    .L.str.158                               0x080053e6   Data          31  esp8266.o(.rodata.str1.1)
    [Anonymous Symbol]                       0x080053e6   Section        0  esp8266.o(.rodata.str1.1)
    .L.str.148                               0x08005405   Data          51  esp8266.o(.rodata.str1.1)
    .L.str.109                               0x08005438   Data          44  esp8266.o(.rodata.str1.1)
    .L.str.104                               0x0800549c   Data          63  esp8266.o(.rodata.str1.1)
    .L.str.12                                0x080054db   Data          52  esp8266.o(.rodata.str1.1)
    .L.str.31                                0x080055bc   Data          50  esp8266.o(.rodata.str1.1)
    .L.str.32                                0x080055ee   Data          54  esp8266.o(.rodata.str1.1)
    .L.str.14                                0x08005603   Data          44  esp8266.o(.rodata.str1.1)
    .L.str.33                                0x08005624   Data          65  esp8266.o(.rodata.str1.1)
    .L.str.157                               0x0800562f   Data          42  esp8266.o(.rodata.str1.1)
    .L.str.53                                0x0800572f   Data           8  esp8266.o(.rodata.str1.1)
    .L.str.57                                0x08005737   Data          20  esp8266.o(.rodata.str1.1)
    .L.str.58                                0x0800574b   Data          57  esp8266.o(.rodata.str1.1)
    .L.str.118                               0x08005751   Data          60  esp8266.o(.rodata.str1.1)
    .L.str.61                                0x08005784   Data          46  esp8266.o(.rodata.str1.1)
    .L.str.147                               0x0800578d   Data          36  esp8266.o(.rodata.str1.1)
    .L.str.62                                0x080057b2   Data          57  esp8266.o(.rodata.str1.1)
    .L.str.63                                0x080057eb   Data          49  esp8266.o(.rodata.str1.1)
    .L.str.50                                0x080057f1   Data          65  esp8266.o(.rodata.str1.1)
    .L.str.65                                0x0800581c   Data          56  esp8266.o(.rodata.str1.1)
    .L.str.66                                0x08005854   Data          26  esp8266.o(.rodata.str1.1)
    .L.str.67                                0x0800586e   Data          14  esp8266.o(.rodata.str1.1)
    .L.str.68                                0x0800587c   Data          51  esp8266.o(.rodata.str1.1)
    .L.str.70                                0x080058af   Data          49  esp8266.o(.rodata.str1.1)
    .L.str.72                                0x080058e0   Data          41  esp8266.o(.rodata.str1.1)
    .L.str.73                                0x08005909   Data          13  esp8266.o(.rodata.str1.1)
    .L.str.74                                0x08005916   Data          11  esp8266.o(.rodata.str1.1)
    .L.str.75                                0x08005921   Data          70  esp8266.o(.rodata.str1.1)
    .L.str.76                                0x08005967   Data          51  esp8266.o(.rodata.str1.1)
    .L.str.19                                0x08005972   Data          27  esp8266.o(.rodata.str1.1)
    .L.str.77                                0x0800599a   Data          75  esp8266.o(.rodata.str1.1)
    .L.str.41                                0x0800599b   Data          13  esp8266.o(.rodata.str1.1)
    .L.str.45                                0x080059b5   Data          12  esp8266.o(.rodata.str1.1)
    .L.str.40                                0x080059c1   Data          13  esp8266.o(.rodata.str1.1)
    .L.str.44                                0x080059ce   Data          54  esp8266.o(.rodata.str1.1)
    .L.str.78                                0x080059e5   Data          60  esp8266.o(.rodata.str1.1)
    .L.str.119                               0x08005a0c   Data          50  esp8266.o(.rodata.str1.1)
    .L.str.79                                0x08005a21   Data          75  esp8266.o(.rodata.str1.1)
    .L.str.80                                0x08005a6c   Data          50  esp8266.o(.rodata.str1.1)
    .L.str.83                                0x08005a9e   Data          36  esp8266.o(.rodata.str1.1)
    .L.str.126                               0x08005aac   Data          46  esp8266.o(.rodata.str1.1)
    .L.str.84                                0x08005ac2   Data          48  esp8266.o(.rodata.str1.1)
    .L.str.106                               0x08005ada   Data          53  esp8266.o(.rodata.str1.1)
    .L.str.85                                0x08005af2   Data          65  esp8266.o(.rodata.str1.1)
    .L.str.86                                0x08005b33   Data          52  esp8266.o(.rodata.str1.1)
    .L.str.114                               0x08005b53   Data          38  esp8266.o(.rodata.str1.1)
    .L.str.87                                0x08005b67   Data          68  esp8266.o(.rodata.str1.1)
    .L.str.133                               0x08005ba7   Data          41  esp8266.o(.rodata.str1.1)
    .L.str.88                                0x08005bab   Data          64  esp8266.o(.rodata.str1.1)
    .L.str.111                               0x08005bd0   Data         123  esp8266.o(.rodata.str1.1)
    .L.str.89                                0x08005beb   Data          60  esp8266.o(.rodata.str1.1)
    .L.str.95                                0x08005c27   Data          38  esp8266.o(.rodata.str1.1)
    .L.str.96                                0x08005c4d   Data          10  esp8266.o(.rodata.str1.1)
    .L.str.117                               0x08005c52   Data          15  esp8266.o(.rodata.str1.1)
    .L.str.97                                0x08005c57   Data          62  esp8266.o(.rodata.str1.1)
    .L.str.10                                0x08005c6c   Data           3  esp8266.o(.rodata.str1.1)
    .L.str.1                                 0x08005c84   Data          31  esp8266.o(.rodata.str1.1)
    .L.str.98                                0x08005c95   Data          66  esp8266.o(.rodata.str1.1)
    .L.str.9                                 0x08005cac   Data           3  esp8266.o(.rodata.str1.1)
    .L.str.15                                0x08005caf   Data           7  esp8266.o(.rodata.str1.1)
    .L.str.110                               0x08005cb6   Data          11  esp8266.o(.rodata.str1.1)
    .L.str.99                                0x08005cd7   Data           7  esp8266.o(.rodata.str1.1)
    .L.str.128                               0x08005cdb   Data          22  esp8266.o(.rodata.str1.1)
    .L.str.100                               0x08005cde   Data          59  esp8266.o(.rodata.str1.1)
    .L.str.116                               0x08005cf1   Data          26  esp8266.o(.rodata.str1.1)
    .L.str.18                                0x08005d0b   Data          13  esp8266.o(.rodata.str1.1)
    .L.str.141                               0x08005d18   Data          83  esp8266.o(.rodata.str1.1)
    .L.str.101                               0x08005d19   Data          56  esp8266.o(.rodata.str1.1)
    .L.str.6                                 0x08005d6b   Data          38  esp8266.o(.rodata.str1.1)
    .L.str.25                                0x08005e13   Data          38  esp8266.o(.rodata.str1.1)
    .L.str.113                               0x08005e39   Data          45  esp8266.o(.rodata.str1.1)
    .L.str.16                                0x08005e9a   Data          37  esp8266.o(.rodata.str1.1)
    .L.str.124                               0x08005ebf   Data          73  esp8266.o(.rodata.str1.1)
    .L.str.22                                0x08005f11   Data           8  esp8266.o(.rodata.str1.1)
    .L.str.20                                0x08005f84   Data          10  esp8266.o(.rodata.str1.1)
    .L.str.108                               0x08005f8e   Data           5  esp8266.o(.rodata.str1.1)
    .L.str.150                               0x08005f93   Data           6  esp8266.o(.rodata.str1.1)
    .L.str.137                               0x08005fda   Data           5  esp8266.o(.rodata.str1.1)
    .L.str.122                               0x08005fdf   Data          19  esp8266.o(.rodata.str1.1)
    .L.str.107                               0x0800608f   Data          40  esp8266.o(.rodata.str1.1)
    .L.str.112                               0x080060b7   Data          41  esp8266.o(.rodata.str1.1)
    .L.str.8                                 0x080060e0   Data          30  esp8266.o(.rodata.str1.1)
    .L.str.24                                0x080060fe   Data          29  esp8266.o(.rodata.str1.1)
    .L.str.11                                0x0800611b   Data          32  esp8266.o(.rodata.str1.1)
    .L.str.154                               0x0800613b   Data          31  esp8266.o(.rodata.str1.1)
    .L.str.132                               0x0800615a   Data          41  esp8266.o(.rodata.str1.1)
    .L.str.103                               0x08006183   Data          51  esp8266.o(.rodata.str1.1)
    .L.str.149                               0x0800618b   Data          98  esp8266.o(.rodata.str1.1)
    .L.str.43                                0x080061b6   Data          45  esp8266.o(.rodata.str1.1)
    .L.str.156                               0x08006245   Data         132  esp8266.o(.rodata.str1.1)
    .L.str.1                                 0x080062c9   Data          32  main.o(.rodata.str1.1)
    [Anonymous Symbol]                       0x080062c9   Section        0  main.o(.rodata.str1.1)
    locale$$data                             0x0800630c   Section      272  lc_ctype_c.o(locale$$data)
    __lcctype_c_name                         0x08006310   Data           2  lc_ctype_c.o(locale$$data)
    __lcctype_c_start                        0x08006318   Data           0  lc_ctype_c.o(locale$$data)
    __lcctype_c_end                          0x0800641c   Data           0  lc_ctype_c.o(locale$$data)
    locale$$data                             0x0800641c   Section       28  lc_numeric_c.o(locale$$data)
    __lcnum_c_name                           0x08006420   Data           2  lc_numeric_c.o(locale$$data)
    __lcnum_c_start                          0x08006428   Data           0  lc_numeric_c.o(locale$$data)
    __lcnum_c_point                          0x08006434   Data           0  lc_numeric_c.o(locale$$data)
    __lcnum_c_thousands                      0x08006436   Data           0  lc_numeric_c.o(locale$$data)
    __lcnum_c_grouping                       0x08006437   Data           0  lc_numeric_c.o(locale$$data)
    __lcnum_c_end                            0x08006438   Data           0  lc_numeric_c.o(locale$$data)
    .L_MergedGlobals                         0x20000000   Data           8  stm32f1xx_hal.o(.data..L_MergedGlobals)
    [Anonymous Symbol]                       0x20000000   Section        0  stm32f1xx_hal.o(.data..L_MergedGlobals)
    .bss                                     0x20000010   Section       96  libspace.o(.bss)
    Heap_Mem                                 0x20000df0   Data         512  startup_stm32f103xb.o(HEAP)
    HEAP                                     0x20000df0   Section      512  startup_stm32f103xb.o(HEAP)
    Stack_Mem                                0x20000ff0   Data        1024  startup_stm32f103xb.o(STACK)
    STACK                                    0x20000ff0   Section     1024  startup_stm32f103xb.o(STACK)
    __initial_sp                             0x200013f0   Data           0  startup_stm32f103xb.o(STACK)

    Global Symbols

    Symbol Name                              Value     Ov Type        Size  Object(Section)

    BuildAttributes$$THM_ISAv4$P$D$K$B$S$PE$A:L22UL41UL21$X:L11$S22US41US21$IEEE1$IW$~IW$USESV6$~STKCKD$USESV7$~SHL$OTIME$ROPI$IEEEJ$EBA8$UX$STANDARDLIB$REQ8$PRES8$EABIv2 0x00000000   Number         0  anon$$obj.o ABSOLUTE
    __fp_init_empty                          0x00000000   Number         0  fpinit_empty.o ABSOLUTE
    _printf_flags                            0x00000000   Number         0  printf_stubs.o ABSOLUTE
    _printf_return_value                     0x00000000   Number         0  printf_stubs.o ABSOLUTE
    _printf_sizespec                         0x00000000   Number         0  printf_stubs.o ABSOLUTE
    _printf_widthprec                        0x00000000   Number         0  printf_stubs.o ABSOLUTE
    __ARM_exceptions_init                     - Undefined Weak Reference
    __alloca_initialize                       - Undefined Weak Reference
    __arm_preinit_                            - Undefined Weak Reference
    __arm_relocate_pie_                       - Undefined Weak Reference
    __cpp_initialize__aeabi_                  - Undefined Weak Reference
    __cxa_finalize                            - Undefined Weak Reference
    __sigvec_lookup                           - Undefined Weak Reference
    _atexit_init                              - Undefined Weak Reference
    _call_atexit_fns                          - Undefined Weak Reference
    _clock_init                               - Undefined Weak Reference
    _fp_trap_init                             - Undefined Weak Reference
    _fp_trap_shutdown                         - Undefined Weak Reference
    _get_lc_collate                           - Undefined Weak Reference
    _get_lc_monetary                          - Undefined Weak Reference
    _get_lc_time                              - Undefined Weak Reference
    _getenv_init                              - Undefined Weak Reference
    _handle_redirection                       - Undefined Weak Reference
    _init_alloc                               - Undefined Weak Reference
    _init_user_alloc                          - Undefined Weak Reference
    _initio                                   - Undefined Weak Reference
    _printf_mbtowc                            - Undefined Weak Reference
    _printf_wc                                - Undefined Weak Reference
    _rand_init                                - Undefined Weak Reference
    _signal_finish                            - Undefined Weak Reference
    _signal_init                              - Undefined Weak Reference
    _terminate_alloc                          - Undefined Weak Reference
    _terminate_user_alloc                     - Undefined Weak Reference
    _terminateio                              - Undefined Weak Reference
    __Vectors_Size                           0x000000ec   Number         0  startup_stm32f103xb.o ABSOLUTE
    __Vectors                                0x08000000   Data           4  startup_stm32f103xb.o(RESET)
    __Vectors_End                            0x080000ec   Data           0  startup_stm32f103xb.o(RESET)
    __main                                   0x080000ed   Thumb Code     8  __main.o(!!!main)
    __scatterload                            0x080000f5   Thumb Code     0  __scatter.o(!!!scatter)
    __scatterload_rt2                        0x080000f5   Thumb Code    84  __scatter.o(!!!scatter)
    __scatterload_rt2_thumb_only             0x080000f5   Thumb Code     0  __scatter.o(!!!scatter)
    __scatterload_loop                       0x080000ff   Thumb Code     0  __scatter.o(!!!scatter)
    __scatterload_copy                       0x08000151   Thumb Code    26  __scatter_copy.o(!!handler_copy)
    __scatterload_null                       0x0800016d   Thumb Code     2  __scatter.o(!!handler_null)
    __scatterload_zeroinit                   0x08000171   Thumb Code    28  __scatter_zi.o(!!handler_zi)
    _printf_n                                0x0800018d   Thumb Code     0  _printf_n.o(.ARM.Collect$$_printf_percent$$00000001)
    _printf_percent                          0x0800018d   Thumb Code     0  _printf_percent.o(.ARM.Collect$$_printf_percent$$00000000)
    _printf_p                                0x08000193   Thumb Code     0  _printf_p.o(.ARM.Collect$$_printf_percent$$00000002)
    _printf_f                                0x08000199   Thumb Code     0  _printf_f.o(.ARM.Collect$$_printf_percent$$00000003)
    _printf_e                                0x0800019f   Thumb Code     0  _printf_e.o(.ARM.Collect$$_printf_percent$$00000004)
    _printf_g                                0x080001a5   Thumb Code     0  _printf_g.o(.ARM.Collect$$_printf_percent$$00000005)
    _printf_a                                0x080001ab   Thumb Code     0  _printf_a.o(.ARM.Collect$$_printf_percent$$00000006)
    _printf_ll                               0x080001b1   Thumb Code     0  _printf_ll.o(.ARM.Collect$$_printf_percent$$00000007)
    _printf_i                                0x080001bb   Thumb Code     0  _printf_i.o(.ARM.Collect$$_printf_percent$$00000008)
    _printf_d                                0x080001c1   Thumb Code     0  _printf_d.o(.ARM.Collect$$_printf_percent$$00000009)
    _printf_u                                0x080001c7   Thumb Code     0  _printf_u.o(.ARM.Collect$$_printf_percent$$0000000A)
    _printf_o                                0x080001cd   Thumb Code     0  _printf_o.o(.ARM.Collect$$_printf_percent$$0000000B)
    _printf_x                                0x080001d3   Thumb Code     0  _printf_x.o(.ARM.Collect$$_printf_percent$$0000000C)
    _printf_lli                              0x080001d9   Thumb Code     0  _printf_lli.o(.ARM.Collect$$_printf_percent$$0000000D)
    _printf_lld                              0x080001df   Thumb Code     0  _printf_lld.o(.ARM.Collect$$_printf_percent$$0000000E)
    _printf_llu                              0x080001e5   Thumb Code     0  _printf_llu.o(.ARM.Collect$$_printf_percent$$0000000F)
    _printf_llo                              0x080001eb   Thumb Code     0  _printf_llo.o(.ARM.Collect$$_printf_percent$$00000010)
    _printf_llx                              0x080001f1   Thumb Code     0  _printf_llx.o(.ARM.Collect$$_printf_percent$$00000011)
    _printf_l                                0x080001f7   Thumb Code     0  _printf_l.o(.ARM.Collect$$_printf_percent$$00000012)
    _printf_c                                0x08000201   Thumb Code     0  _printf_c.o(.ARM.Collect$$_printf_percent$$00000013)
    _printf_s                                0x08000207   Thumb Code     0  _printf_s.o(.ARM.Collect$$_printf_percent$$00000014)
    _printf_lc                               0x0800020d   Thumb Code     0  _printf_lc.o(.ARM.Collect$$_printf_percent$$00000015)
    _printf_ls                               0x08000213   Thumb Code     0  _printf_ls.o(.ARM.Collect$$_printf_percent$$00000016)
    _printf_percent_end                      0x08000219   Thumb Code     0  _printf_percent_end.o(.ARM.Collect$$_printf_percent$$00000017)
    __rt_lib_init                            0x0800021d   Thumb Code     0  libinit.o(.ARM.Collect$$libinit$$00000000)
    __rt_lib_init_fp_1                       0x0800021f   Thumb Code     0  libinit2.o(.ARM.Collect$$libinit$$00000002)
    __rt_lib_init_heap_1                     0x0800021f   Thumb Code     0  libinit2.o(.ARM.Collect$$libinit$$0000000C)
    __rt_lib_init_lc_common                  0x0800021f   Thumb Code     0  libinit2.o(.ARM.Collect$$libinit$$00000011)
    __rt_lib_init_preinit_1                  0x0800021f   Thumb Code     0  libinit2.o(.ARM.Collect$$libinit$$00000006)
    __rt_lib_init_rand_1                     0x0800021f   Thumb Code     0  libinit2.o(.ARM.Collect$$libinit$$00000010)
    __rt_lib_init_relocate_pie_1             0x0800021f   Thumb Code     0  libinit2.o(.ARM.Collect$$libinit$$00000004)
    __rt_lib_init_user_alloc_1               0x0800021f   Thumb Code     0  libinit2.o(.ARM.Collect$$libinit$$0000000E)
    __rt_lib_init_lc_collate_1               0x08000225   Thumb Code     0  libinit2.o(.ARM.Collect$$libinit$$00000013)
    __rt_lib_init_lc_ctype_2                 0x08000225   Thumb Code     0  libinit2.o(.ARM.Collect$$libinit$$00000014)
    __rt_lib_init_lc_ctype_1                 0x08000231   Thumb Code     0  libinit2.o(.ARM.Collect$$libinit$$00000015)
    __rt_lib_init_lc_monetary_1              0x08000231   Thumb Code     0  libinit2.o(.ARM.Collect$$libinit$$00000017)
    __rt_lib_init_lc_numeric_2               0x08000231   Thumb Code     0  libinit2.o(.ARM.Collect$$libinit$$00000018)
    __rt_lib_init_alloca_1                   0x0800023b   Thumb Code     0  libinit2.o(.ARM.Collect$$libinit$$00000030)
    __rt_lib_init_argv_1                     0x0800023b   Thumb Code     0  libinit2.o(.ARM.Collect$$libinit$$0000002E)
    __rt_lib_init_atexit_1                   0x0800023b   Thumb Code     0  libinit2.o(.ARM.Collect$$libinit$$0000001D)
    __rt_lib_init_clock_1                    0x0800023b   Thumb Code     0  libinit2.o(.ARM.Collect$$libinit$$00000023)
    __rt_lib_init_cpp_1                      0x0800023b   Thumb Code     0  libinit2.o(.ARM.Collect$$libinit$$00000034)
    __rt_lib_init_exceptions_1               0x0800023b   Thumb Code     0  libinit2.o(.ARM.Collect$$libinit$$00000032)
    __rt_lib_init_fp_trap_1                  0x0800023b   Thumb Code     0  libinit2.o(.ARM.Collect$$libinit$$00000021)
    __rt_lib_init_getenv_1                   0x0800023b   Thumb Code     0  libinit2.o(.ARM.Collect$$libinit$$00000025)
    __rt_lib_init_lc_numeric_1               0x0800023b   Thumb Code     0  libinit2.o(.ARM.Collect$$libinit$$00000019)
    __rt_lib_init_lc_time_1                  0x0800023b   Thumb Code     0  libinit2.o(.ARM.Collect$$libinit$$0000001B)
    __rt_lib_init_return                     0x0800023b   Thumb Code     0  libinit2.o(.ARM.Collect$$libinit$$00000035)
    __rt_lib_init_signal_1                   0x0800023b   Thumb Code     0  libinit2.o(.ARM.Collect$$libinit$$0000001F)
    __rt_lib_init_stdio_1                    0x0800023b   Thumb Code     0  libinit2.o(.ARM.Collect$$libinit$$00000027)
    __rt_lib_shutdown                        0x0800023d   Thumb Code     0  libshutdown.o(.ARM.Collect$$libshutdown$$00000000)
    __rt_lib_shutdown_cpp_1                  0x0800023f   Thumb Code     0  libshutdown2.o(.ARM.Collect$$libshutdown$$00000002)
    __rt_lib_shutdown_fp_trap_1              0x0800023f   Thumb Code     0  libshutdown2.o(.ARM.Collect$$libshutdown$$00000007)
    __rt_lib_shutdown_heap_1                 0x0800023f   Thumb Code     0  libshutdown2.o(.ARM.Collect$$libshutdown$$0000000F)
    __rt_lib_shutdown_return                 0x0800023f   Thumb Code     0  libshutdown2.o(.ARM.Collect$$libshutdown$$00000010)
    __rt_lib_shutdown_signal_1               0x0800023f   Thumb Code     0  libshutdown2.o(.ARM.Collect$$libshutdown$$0000000A)
    __rt_lib_shutdown_stdio_1                0x0800023f   Thumb Code     0  libshutdown2.o(.ARM.Collect$$libshutdown$$00000004)
    __rt_lib_shutdown_user_alloc_1           0x0800023f   Thumb Code     0  libshutdown2.o(.ARM.Collect$$libshutdown$$0000000C)
    __rt_entry                               0x08000241   Thumb Code     0  __rtentry.o(.ARM.Collect$$rtentry$$00000000)
    __rt_entry_presh_1                       0x08000241   Thumb Code     0  __rtentry2.o(.ARM.Collect$$rtentry$$00000002)
    __rt_entry_sh                            0x08000241   Thumb Code     0  __rtentry4.o(.ARM.Collect$$rtentry$$00000004)
    __rt_entry_li                            0x08000247   Thumb Code     0  __rtentry2.o(.ARM.Collect$$rtentry$$0000000A)
    __rt_entry_postsh_1                      0x08000247   Thumb Code     0  __rtentry2.o(.ARM.Collect$$rtentry$$00000009)
    __rt_entry_main                          0x0800024b   Thumb Code     0  __rtentry2.o(.ARM.Collect$$rtentry$$0000000D)
    __rt_entry_postli_1                      0x0800024b   Thumb Code     0  __rtentry2.o(.ARM.Collect$$rtentry$$0000000C)
    __rt_exit                                0x08000253   Thumb Code     0  rtexit.o(.ARM.Collect$$rtexit$$00000000)
    __rt_exit_ls                             0x08000255   Thumb Code     0  rtexit2.o(.ARM.Collect$$rtexit$$00000003)
    __rt_exit_prels_1                        0x08000255   Thumb Code     0  rtexit2.o(.ARM.Collect$$rtexit$$00000002)
    __rt_exit_exit                           0x08000259   Thumb Code     0  rtexit2.o(.ARM.Collect$$rtexit$$00000004)
    Reset_Handler                            0x08000261   Thumb Code     8  startup_stm32f103xb.o(.text)
    ADC1_2_IRQHandler                        0x0800027b   Thumb Code     0  startup_stm32f103xb.o(.text)
    CAN1_RX1_IRQHandler                      0x0800027b   Thumb Code     0  startup_stm32f103xb.o(.text)
    CAN1_SCE_IRQHandler                      0x0800027b   Thumb Code     0  startup_stm32f103xb.o(.text)
    DMA1_Channel1_IRQHandler                 0x0800027b   Thumb Code     0  startup_stm32f103xb.o(.text)
    DMA1_Channel2_IRQHandler                 0x0800027b   Thumb Code     0  startup_stm32f103xb.o(.text)
    DMA1_Channel3_IRQHandler                 0x0800027b   Thumb Code     0  startup_stm32f103xb.o(.text)
    DMA1_Channel4_IRQHandler                 0x0800027b   Thumb Code     0  startup_stm32f103xb.o(.text)
    DMA1_Channel5_IRQHandler                 0x0800027b   Thumb Code     0  startup_stm32f103xb.o(.text)
    DMA1_Channel6_IRQHandler                 0x0800027b   Thumb Code     0  startup_stm32f103xb.o(.text)
    DMA1_Channel7_IRQHandler                 0x0800027b   Thumb Code     0  startup_stm32f103xb.o(.text)
    EXTI0_IRQHandler                         0x0800027b   Thumb Code     0  startup_stm32f103xb.o(.text)
    EXTI15_10_IRQHandler                     0x0800027b   Thumb Code     0  startup_stm32f103xb.o(.text)
    EXTI1_IRQHandler                         0x0800027b   Thumb Code     0  startup_stm32f103xb.o(.text)
    EXTI2_IRQHandler                         0x0800027b   Thumb Code     0  startup_stm32f103xb.o(.text)
    EXTI3_IRQHandler                         0x0800027b   Thumb Code     0  startup_stm32f103xb.o(.text)
    EXTI4_IRQHandler                         0x0800027b   Thumb Code     0  startup_stm32f103xb.o(.text)
    EXTI9_5_IRQHandler                       0x0800027b   Thumb Code     0  startup_stm32f103xb.o(.text)
    FLASH_IRQHandler                         0x0800027b   Thumb Code     0  startup_stm32f103xb.o(.text)
    I2C1_ER_IRQHandler                       0x0800027b   Thumb Code     0  startup_stm32f103xb.o(.text)
    I2C1_EV_IRQHandler                       0x0800027b   Thumb Code     0  startup_stm32f103xb.o(.text)
    I2C2_ER_IRQHandler                       0x0800027b   Thumb Code     0  startup_stm32f103xb.o(.text)
    I2C2_EV_IRQHandler                       0x0800027b   Thumb Code     0  startup_stm32f103xb.o(.text)
    PVD_IRQHandler                           0x0800027b   Thumb Code     0  startup_stm32f103xb.o(.text)
    RCC_IRQHandler                           0x0800027b   Thumb Code     0  startup_stm32f103xb.o(.text)
    RTC_Alarm_IRQHandler                     0x0800027b   Thumb Code     0  startup_stm32f103xb.o(.text)
    RTC_IRQHandler                           0x0800027b   Thumb Code     0  startup_stm32f103xb.o(.text)
    SPI1_IRQHandler                          0x0800027b   Thumb Code     0  startup_stm32f103xb.o(.text)
    SPI2_IRQHandler                          0x0800027b   Thumb Code     0  startup_stm32f103xb.o(.text)
    TAMPER_IRQHandler                        0x0800027b   Thumb Code     0  startup_stm32f103xb.o(.text)
    TIM1_BRK_IRQHandler                      0x0800027b   Thumb Code     0  startup_stm32f103xb.o(.text)
    TIM1_CC_IRQHandler                       0x0800027b   Thumb Code     0  startup_stm32f103xb.o(.text)
    TIM1_TRG_COM_IRQHandler                  0x0800027b   Thumb Code     0  startup_stm32f103xb.o(.text)
    TIM1_UP_IRQHandler                       0x0800027b   Thumb Code     0  startup_stm32f103xb.o(.text)
    USART3_IRQHandler                        0x0800027b   Thumb Code     0  startup_stm32f103xb.o(.text)
    USBWakeUp_IRQHandler                     0x0800027b   Thumb Code     0  startup_stm32f103xb.o(.text)
    USB_HP_CAN1_TX_IRQHandler                0x0800027b   Thumb Code     0  startup_stm32f103xb.o(.text)
    USB_LP_CAN1_RX0_IRQHandler               0x0800027b   Thumb Code     0  startup_stm32f103xb.o(.text)
    WWDG_IRQHandler                          0x0800027b   Thumb Code     0  startup_stm32f103xb.o(.text)
    __user_initial_stackheap                 0x0800027d   Thumb Code     0  startup_stm32f103xb.o(.text)
    vsnprintf                                0x080002a1   Thumb Code    56  vsnprintf.o(.text)
    __2snprintf                              0x080002dd   Thumb Code    58  __2snprintf.o(.text)
    _printf_str                              0x0800031d   Thumb Code    82  _printf_str.o(.text)
    _printf_int_dec                          0x08000371   Thumb Code   104  _printf_dec.o(.text)
    __printf                                 0x080003e9   Thumb Code   388  __printf_flags_ss_wp.o(.text)
    strchr                                   0x08000571   Thumb Code    20  strchr.o(.text)
    strstr                                   0x08000585   Thumb Code    36  strstr.o(.text)
    strlen                                   0x080005a9   Thumb Code    62  strlen.o(.text)
    __aeabi_memclr                           0x080005e7   Thumb Code     0  rt_memclr.o(.text)
    __rt_memclr                              0x080005e7   Thumb Code     0  rt_memclr.o(.text)
    _memset                                  0x080005eb   Thumb Code    64  rt_memclr.o(.text)
    __aeabi_memclr4                          0x0800062b   Thumb Code     0  rt_memclr_w.o(.text)
    __aeabi_memclr8                          0x0800062b   Thumb Code     0  rt_memclr_w.o(.text)
    __rt_memclr_w                            0x0800062b   Thumb Code     0  rt_memclr_w.o(.text)
    _memset_w                                0x0800062f   Thumb Code    74  rt_memclr_w.o(.text)
    strncpy                                  0x08000679   Thumb Code    86  strncpy.o(.text)
    strcmp                                   0x080006d1   Thumb Code   128  strcmpv7m.o(.text)
    __use_two_region_memory                  0x08000751   Thumb Code     2  heapauxi.o(.text)
    __rt_heap_escrow$2region                 0x08000753   Thumb Code     2  heapauxi.o(.text)
    __rt_heap_expand$2region                 0x08000755   Thumb Code     2  heapauxi.o(.text)
    _printf_pre_padding                      0x08000757   Thumb Code    44  _printf_pad.o(.text)
    _printf_post_padding                     0x08000783   Thumb Code    34  _printf_pad.o(.text)
    _printf_truncate_signed                  0x080007a5   Thumb Code    18  _printf_truncate.o(.text)
    _printf_truncate_unsigned                0x080007b7   Thumb Code    18  _printf_truncate.o(.text)
    _printf_int_common                       0x080007c9   Thumb Code   178  _printf_intcommon.o(.text)
    _printf_charcount                        0x0800087b   Thumb Code    40  _printf_charcount.o(.text)
    _printf_char_common                      0x080008af   Thumb Code    32  _printf_char_common.o(.text)
    _snputc                                  0x080008d5   Thumb Code    16  _snputc.o(.text)
    _printf_cs_common                        0x080008e5   Thumb Code    20  _printf_char.o(.text)
    _printf_char                             0x080008f9   Thumb Code    16  _printf_char.o(.text)
    _printf_string                           0x08000909   Thumb Code     8  _printf_char.o(.text)
    _printf_wctomb                           0x08000911   Thumb Code   182  _printf_wctomb.o(.text)
    _printf_longlong_dec                     0x080009cd   Thumb Code   108  _printf_longlong_dec.o(.text)
    _printf_longlong_oct                     0x08000a49   Thumb Code    68  _printf_oct_int_ll.o(.text)
    _printf_int_oct                          0x08000a8d   Thumb Code    24  _printf_oct_int_ll.o(.text)
    _printf_ll_oct                           0x08000aa5   Thumb Code    12  _printf_oct_int_ll.o(.text)
    _printf_longlong_hex                     0x08000ab9   Thumb Code    86  _printf_hex_int_ll_ptr.o(.text)
    _printf_int_hex                          0x08000b0f   Thumb Code    28  _printf_hex_int_ll_ptr.o(.text)
    _printf_ll_hex                           0x08000b2b   Thumb Code    12  _printf_hex_int_ll_ptr.o(.text)
    _printf_hex_ptr                          0x08000b37   Thumb Code    18  _printf_hex_int_ll_ptr.o(.text)
    __user_libspace                          0x08000b4d   Thumb Code     8  libspace.o(.text)
    __user_perproc_libspace                  0x08000b4d   Thumb Code     0  libspace.o(.text)
    __user_perthread_libspace                0x08000b4d   Thumb Code     0  libspace.o(.text)
    __rt_ctype_table                         0x08000b55   Thumb Code    16  rt_ctype_table.o(.text)
    _ll_udiv10                               0x08000b65   Thumb Code   138  lludiv10.o(.text)
    _printf_fp_dec_real                      0x08000d9f   Thumb Code   620  _printf_fp_dec.o(.text)
    _printf_fp_hex_real                      0x0800100d   Thumb Code   756  _printf_fp_hex.o(.text)
    _printf_lcs_common                       0x08001309   Thumb Code    20  _printf_wchar.o(.text)
    _printf_wchar                            0x0800131d   Thumb Code    16  _printf_wchar.o(.text)
    _printf_wstring                          0x0800132d   Thumb Code     8  _printf_wchar.o(.text)
    _c16rtomb                                0x08001335   Thumb Code    72  _c16rtomb.o(.text)
    _wcrtomb                                 0x08001335   Thumb Code     0  _c16rtomb.o(.text)
    __user_setup_stackheap                   0x0800137d   Thumb Code    74  sys_stackheap_outer.o(.text)
    __rt_locale                              0x080013c9   Thumb Code     8  rt_locale_intlibspace.o(.text)
    _printf_fp_infnan                        0x080013d1   Thumb Code   112  _printf_fp_infnan.o(.text)
    _btod_etento                             0x08001451   Thumb Code   224  bigflt0.o(.text)
    exit                                     0x08001535   Thumb Code    18  exit.o(.text)
    _sys_exit                                0x08001549   Thumb Code     8  sys_exit.o(.text)
    __I$use$semihosting                      0x08001555   Thumb Code     0  use_no_semi.o(.text)
    __use_no_semihosting_swi                 0x08001555   Thumb Code     2  use_no_semi.o(.text)
    __semihosting_library_function           0x08001557   Thumb Code     0  indicate_semi.o(.text)
    BusFault_Handler                         0x08001559   Thumb Code     2  stm32f1xx_it.o(.text.BusFault_Handler)
    DebugMon_Handler                         0x0800155d   Thumb Code     2  stm32f1xx_it.o(.text.DebugMon_Handler)
    ESP8266_AT_MQTT_Publish_Raw              0x08001561   Thumb Code   324  esp8266.o(.text.ESP8266_AT_MQTT_Publish_Raw)
    ESP8266_AT_Test                          0x08001719   Thumb Code   560  esp8266.o(.text.ESP8266_AT_Test)
    ESP8266_Aithinker_MQTT_Example           0x08001985   Thumb Code   220  esp8266.o(.text.ESP8266_Aithinker_MQTT_Example)
    ESP8266_Bind_OneNET_Report_Topic_With_Cmd 0x08001ae1   Thumb Code   156  esp8266.o(.text.ESP8266_Bind_OneNET_Report_Topic_With_Cmd)
    ESP8266_Cmd                              0x08001bb1   Thumb Code   492  esp8266.o(.text.ESP8266_Cmd)
    ESP8266_Init                             0x08001e1d   Thumb Code   134  esp8266.o(.text.ESP8266_Init)
    ESP8266_LINK_AP                          0x08001ea5   Thumb Code   200  esp8266.o(.text.ESP8266_LINK_AP)
    ESP8266_Link_Server                      0x08001fe9   Thumb Code   396  esp8266.o(.text.ESP8266_Link_Server)
    ESP8266_MQTT_Subscribe_OneNET            0x080021f9   Thumb Code   136  esp8266.o(.text.ESP8266_MQTT_Subscribe_OneNET)
    ESP8266_MQTT_Subscribe_OneNET_Repaly     0x080022fd   Thumb Code   140  esp8266.o(.text.ESP8266_MQTT_Subscribe_OneNET_Repaly)
    ESP8266_Parse_OneNET_Property            0x080023f5   Thumb Code   920  esp8266.o(.text.ESP8266_Parse_OneNET_Property)
    Error_Handler                            0x08002809   Thumb Code    10  main.o(.text.Error_Handler)
    HAL_DMA_Abort                            0x08002815   Thumb Code    70  stm32f1xx_hal_dma.o(.text.HAL_DMA_Abort)
    HAL_DMA_Abort_IT                         0x0800285d   Thumb Code   182  stm32f1xx_hal_dma.o(.text.HAL_DMA_Abort_IT)
    HAL_Delay                                0x08002915   Thumb Code    40  stm32f1xx_hal.o(.text.HAL_Delay)
    HAL_GPIO_Init                            0x0800293d   Thumb Code   526  stm32f1xx_hal_gpio.o(.text.HAL_GPIO_Init)
    HAL_GPIO_WritePin                        0x08002b4d   Thumb Code    10  stm32f1xx_hal_gpio.o(.text.HAL_GPIO_WritePin)
    HAL_GetTick                              0x08002b59   Thumb Code    12  stm32f1xx_hal.o(.text.HAL_GetTick)
    HAL_IncTick                              0x08002b65   Thumb Code    26  stm32f1xx_hal.o(.text.HAL_IncTick)
    HAL_Init                                 0x08002b81   Thumb Code    38  stm32f1xx_hal.o(.text.HAL_Init)
    HAL_InitTick                             0x08002ba9   Thumb Code    72  stm32f1xx_hal.o(.text.HAL_InitTick)
    HAL_MspInit                              0x08002bf1   Thumb Code    66  stm32f1xx_hal_msp.o(.text.HAL_MspInit)
    HAL_NVIC_EnableIRQ                       0x08002c35   Thumb Code    34  stm32f1xx_hal_cortex.o(.text.HAL_NVIC_EnableIRQ)
    HAL_NVIC_SetPriority                     0x08002c59   Thumb Code    86  stm32f1xx_hal_cortex.o(.text.HAL_NVIC_SetPriority)
    HAL_NVIC_SetPriorityGrouping             0x08002cb1   Thumb Code    32  stm32f1xx_hal_cortex.o(.text.HAL_NVIC_SetPriorityGrouping)
    HAL_RCC_ClockConfig                      0x08002cd1   Thumb Code   442  stm32f1xx_hal_rcc.o(.text.HAL_RCC_ClockConfig)
    HAL_RCC_GetPCLK1Freq                     0x08002e8d   Thumb Code    38  stm32f1xx_hal_rcc.o(.text.HAL_RCC_GetPCLK1Freq)
    HAL_RCC_GetPCLK2Freq                     0x08002eb5   Thumb Code    38  stm32f1xx_hal_rcc.o(.text.HAL_RCC_GetPCLK2Freq)
    HAL_RCC_OscConfig                        0x08002edd   Thumb Code  1024  stm32f1xx_hal_rcc.o(.text.HAL_RCC_OscConfig)
    HAL_SYSTICK_Config                       0x080032dd   Thumb Code    44  stm32f1xx_hal_cortex.o(.text.HAL_SYSTICK_Config)
    HAL_TIMEx_BreakCallback                  0x08003309   Thumb Code     2  stm32f1xx_hal_tim_ex.o(.text.HAL_TIMEx_BreakCallback)
    HAL_TIMEx_CommutCallback                 0x0800330d   Thumb Code     2  stm32f1xx_hal_tim_ex.o(.text.HAL_TIMEx_CommutCallback)
    HAL_TIMEx_MasterConfigSynchronization    0x08003311   Thumb Code   126  stm32f1xx_hal_tim_ex.o(.text.HAL_TIMEx_MasterConfigSynchronization)
    HAL_TIM_Base_Init                        0x08003391   Thumb Code   250  stm32f1xx_hal_tim.o(.text.HAL_TIM_Base_Init)
    HAL_TIM_Base_MspInit                     0x0800348d   Thumb Code   154  tim.o(.text.HAL_TIM_Base_MspInit)
    HAL_TIM_ConfigClockSource                0x08003529   Thumb Code   416  stm32f1xx_hal_tim.o(.text.HAL_TIM_ConfigClockSource)
    HAL_TIM_IC_CaptureCallback               0x080036c9   Thumb Code     2  main.o(.text.HAL_TIM_IC_CaptureCallback)
    HAL_TIM_IRQHandler                       0x080036cd   Thumb Code   334  stm32f1xx_hal_tim.o(.text.HAL_TIM_IRQHandler)
    HAL_TIM_OC_DelayElapsedCallback          0x0800381d   Thumb Code     2  stm32f1xx_hal_tim.o(.text.HAL_TIM_OC_DelayElapsedCallback)
    HAL_TIM_PWM_PulseFinishedCallback        0x08003821   Thumb Code     2  stm32f1xx_hal_tim.o(.text.HAL_TIM_PWM_PulseFinishedCallback)
    HAL_TIM_PeriodElapsedCallback            0x08003825   Thumb Code     2  main.o(.text.HAL_TIM_PeriodElapsedCallback)
    HAL_TIM_TriggerCallback                  0x08003829   Thumb Code     2  stm32f1xx_hal_tim.o(.text.HAL_TIM_TriggerCallback)
    HAL_UARTEx_RxEventCallback               0x0800382d   Thumb Code     2  stm32f1xx_hal_uart.o(.text.HAL_UARTEx_RxEventCallback)
    HAL_UART_AbortReceiveCpltCallback        0x08003831   Thumb Code     2  stm32f1xx_hal_uart.o(.text.HAL_UART_AbortReceiveCpltCallback)
    HAL_UART_AbortReceive_IT                 0x08003835   Thumb Code   372  stm32f1xx_hal_uart.o(.text.HAL_UART_AbortReceive_IT)
    HAL_UART_ErrorCallback                   0x080039a9   Thumb Code     2  stm32f1xx_hal_uart.o(.text.HAL_UART_ErrorCallback)
    HAL_UART_IRQHandler                      0x080039ad   Thumb Code  1392  stm32f1xx_hal_uart.o(.text.HAL_UART_IRQHandler)
    HAL_UART_Init                            0x08003f1d   Thumb Code   226  stm32f1xx_hal_uart.o(.text.HAL_UART_Init)
    HAL_UART_MspInit                         0x08004001   Thumb Code   214  usart.o(.text.HAL_UART_MspInit)
    HAL_UART_Receive_IT                      0x080040d9   Thumb Code    84  stm32f1xx_hal_uart.o(.text.HAL_UART_Receive_IT)
    HAL_UART_RxCpltCallback                  0x0800412d   Thumb Code   150  esp8266.o(.text.HAL_UART_RxCpltCallback)
    HAL_UART_Transmit                        0x080041c5   Thumb Code   402  stm32f1xx_hal_uart.o(.text.HAL_UART_Transmit)
    HAL_UART_Transmit_IT                     0x08004359   Thumb Code    62  stm32f1xx_hal_uart.o(.text.HAL_UART_Transmit_IT)
    HAL_UART_TxCpltCallback                  0x08004399   Thumb Code     2  stm32f1xx_hal_uart.o(.text.HAL_UART_TxCpltCallback)
    HardFault_Handler                        0x0800439d   Thumb Code     2  stm32f1xx_it.o(.text.HardFault_Handler)
    MX_GPIO_Init                             0x080043a1   Thumb Code   170  gpio.o(.text.MX_GPIO_Init)
    MX_TIM2_Init                             0x0800444d   Thumb Code   112  tim.o(.text.MX_TIM2_Init)
    MX_TIM3_Init                             0x080044bd   Thumb Code   116  tim.o(.text.MX_TIM3_Init)
    MX_TIM4_Init                             0x08004531   Thumb Code   120  tim.o(.text.MX_TIM4_Init)
    MX_USART1_UART_Init                      0x080045a9   Thumb Code    60  usart.o(.text.MX_USART1_UART_Init)
    MX_USART2_UART_Init                      0x080045e5   Thumb Code    60  usart.o(.text.MX_USART2_UART_Init)
    MemManage_Handler                        0x08004621   Thumb Code     2  stm32f1xx_it.o(.text.MemManage_Handler)
    NMI_Handler                              0x08004625   Thumb Code     2  stm32f1xx_it.o(.text.NMI_Handler)
    PendSV_Handler                           0x08004629   Thumb Code     2  stm32f1xx_it.o(.text.PendSV_Handler)
    SVC_Handler                              0x0800462d   Thumb Code     2  stm32f1xx_it.o(.text.SVC_Handler)
    SysTick_Handler                          0x08004631   Thumb Code     4  stm32f1xx_it.o(.text.SysTick_Handler)
    SystemInit                               0x08004635   Thumb Code     2  system_stm32f1xx.o(.text.SystemInit)
    TIM2_IRQHandler                          0x08004639   Thumb Code    12  stm32f1xx_it.o(.text.TIM2_IRQHandler)
    TIM3_IRQHandler                          0x08004645   Thumb Code    12  stm32f1xx_it.o(.text.TIM3_IRQHandler)
    TIM4_IRQHandler                          0x08004651   Thumb Code    12  stm32f1xx_it.o(.text.TIM4_IRQHandler)
    UART2_Debug_Print                        0x0800465d   Thumb Code   104  esp8266.o(.text.UART2_Debug_Print)
    USART1_IRQHandler                        0x080047e5   Thumb Code    12  stm32f1xx_it.o(.text.USART1_IRQHandler)
    USART2_IRQHandler                        0x080047f1   Thumb Code    12  stm32f1xx_it.o(.text.USART2_IRQHandler)
    UsageFault_Handler                       0x080047fd   Thumb Code     2  stm32f1xx_it.o(.text.UsageFault_Handler)
    main                                     0x08004801   Thumb Code   296  main.o(.text.main)
    main_loop_task                           0x0800494d   Thumb Code   192  esp8266.o(.text.main_loop_task)
    _btod_d2e                                0x08004a95   Thumb Code    62  btod.o(CL$$btod_d2e)
    _d2e_denorm_low                          0x08004ad3   Thumb Code    70  btod.o(CL$$btod_d2e_denorm_low)
    _d2e_norm_op1                            0x08004b19   Thumb Code    96  btod.o(CL$$btod_d2e_norm_op1)
    __btod_div_common                        0x08004b79   Thumb Code   696  btod.o(CL$$btod_div_common)
    _e2e                                     0x08004eb1   Thumb Code   220  btod.o(CL$$btod_e2e)
    _btod_ediv                               0x08004f8d   Thumb Code    42  btod.o(CL$$btod_ediv)
    _btod_emul                               0x08004fb7   Thumb Code    42  btod.o(CL$$btod_emul)
    __btod_mult_common                       0x08004fe1   Thumb Code   580  btod.o(CL$$btod_mult_common)
    __ARM_fpclassify                         0x08005225   Thumb Code    40  fpclassify.o(i.__ARM_fpclassify)
    _is_digit                                0x0800524d   Thumb Code    14  __printf_wp.o(i._is_digit)
    _get_lc_ctype                            0x0800525d   Thumb Code    44  lc_ctype_c.o(locale$$code)
    _get_lc_numeric                          0x08005289   Thumb Code    44  lc_numeric_c.o(locale$$code)
    _printf_fp_dec                           0x080052b5   Thumb Code     4  printf1.o(x$fpl$printf1)
    _printf_fp_hex                           0x080052b9   Thumb Code     4  printf2.o(x$fpl$printf2)
    __I$use$fp                               0x080052bc   Number         0  usenofp.o(x$fpl$usenofp)
    AHBPrescTable                            0x080053bc   Data          16  system_stm32f1xx.o(.rodata.AHBPrescTable)
    APBPrescTable                            0x080053cc   Data           8  system_stm32f1xx.o(.rodata.APBPrescTable)
    Region$$Table$$Base                      0x080062ec   Number         0  anon$$obj.o(Region$$Table)
    Region$$Table$$Limit                     0x0800630c   Number         0  anon$$obj.o(Region$$Table)
    __ctype                                  0x08006319   Data           0  lc_ctype_c.o(locale$$data)
    uwTickFreq                               0x20000000   Data           1  stm32f1xx_hal.o(.data..L_MergedGlobals)
    uwTickPrio                               0x20000004   Data           4  stm32f1xx_hal.o(.data..L_MergedGlobals)
    SystemCoreClock                          0x20000008   Data           4  system_stm32f1xx.o(.data.SystemCoreClock)
    __libspace_start                         0x20000010   Data          96  libspace.o(.bss)
    __temporary_stack_top$libspace           0x20000070   Data           0  libspace.o(.bss)
    g_OneNET_Property_Data                   0x20000070   Data           8  esp8266.o(.bss.g_OneNET_Property_Data)
    g_uart1_busy                             0x20000078   Data           1  main.o(.bss.g_uart1_busy)
    htim2                                    0x2000007c   Data          72  tim.o(.bss.htim2)
    htim3                                    0x200000c4   Data          72  tim.o(.bss.htim3)
    htim4                                    0x2000010c   Data          72  tim.o(.bss.htim4)
    huart1                                   0x20000154   Data          72  usart.o(.bss.huart1)
    huart2                                   0x2000019c   Data          72  usart.o(.bss.huart2)
    strEsp8266_Fram_Record                   0x200001e4   Data        1026  esp8266.o(.bss.strEsp8266_Fram_Record)
    uart1_tx_buffer                          0x200005e8   Data        1024  esp8266.o(.bss.uart1_tx_buffer)
    uart2_tx_buffer                          0x200009e8   Data        1024  esp8266.o(.bss.uart2_tx_buffer)
    uwTick                                   0x20000de8   Data           4  stm32f1xx_hal.o(.bss.uwTick)



==============================================================================

Memory Map of the image

  Image Entry point : 0x080000ed

  Load Region LR_IROM1 (Base: 0x08000000, Size: 0x00006448, Max: 0x00010000, ABSOLUTE)

    Execution Region ER_IROM1 (Exec base: 0x08000000, Load base: 0x08000000, Size: 0x00006438, Max: 0x00010000, ABSOLUTE)

    Exec Addr    Load Addr    Size         Type   Attr      Idx    E Section Name        Object

    0x08000000   0x08000000   0x000000ec   Data   RO            3    RESET               startup_stm32f103xb.o
    0x080000ec   0x080000ec   0x00000008   Code   RO         1043  * !!!main             c_w.l(__main.o)
    0x080000f4   0x080000f4   0x0000005c   Code   RO         1360    !!!scatter          c_w.l(__scatter.o)
    0x08000150   0x08000150   0x0000001a   Code   RO         1364    !!handler_copy      c_w.l(__scatter_copy.o)
    0x0800016a   0x0800016a   0x00000002   PAD
    0x0800016c   0x0800016c   0x00000002   Code   RO         1361    !!handler_null      c_w.l(__scatter.o)
    0x0800016e   0x0800016e   0x00000002   PAD
    0x08000170   0x08000170   0x0000001c   Code   RO         1366    !!handler_zi        c_w.l(__scatter_zi.o)
    0x0800018c   0x0800018c   0x00000000   Code   RO         1024    .ARM.Collect$$_printf_percent$$00000000  c_w.l(_printf_percent.o)
    0x0800018c   0x0800018c   0x00000006   Code   RO         1098    .ARM.Collect$$_printf_percent$$00000001  c_w.l(_printf_n.o)
    0x08000192   0x08000192   0x00000006   Code   RO         1100    .ARM.Collect$$_printf_percent$$00000002  c_w.l(_printf_p.o)
    0x08000198   0x08000198   0x00000006   Code   RO         1104    .ARM.Collect$$_printf_percent$$00000003  c_w.l(_printf_f.o)
    0x0800019e   0x0800019e   0x00000006   Code   RO         1105    .ARM.Collect$$_printf_percent$$00000004  c_w.l(_printf_e.o)
    0x080001a4   0x080001a4   0x00000006   Code   RO         1106    .ARM.Collect$$_printf_percent$$00000005  c_w.l(_printf_g.o)
    0x080001aa   0x080001aa   0x00000006   Code   RO         1107    .ARM.Collect$$_printf_percent$$00000006  c_w.l(_printf_a.o)
    0x080001b0   0x080001b0   0x0000000a   Code   RO         1112    .ARM.Collect$$_printf_percent$$00000007  c_w.l(_printf_ll.o)
    0x080001ba   0x080001ba   0x00000006   Code   RO         1102    .ARM.Collect$$_printf_percent$$00000008  c_w.l(_printf_i.o)
    0x080001c0   0x080001c0   0x00000006   Code   RO         1023    .ARM.Collect$$_printf_percent$$00000009  c_w.l(_printf_d.o)
    0x080001c6   0x080001c6   0x00000006   Code   RO         1103    .ARM.Collect$$_printf_percent$$0000000A  c_w.l(_printf_u.o)
    0x080001cc   0x080001cc   0x00000006   Code   RO         1101    .ARM.Collect$$_printf_percent$$0000000B  c_w.l(_printf_o.o)
    0x080001d2   0x080001d2   0x00000006   Code   RO         1099    .ARM.Collect$$_printf_percent$$0000000C  c_w.l(_printf_x.o)
    0x080001d8   0x080001d8   0x00000006   Code   RO         1109    .ARM.Collect$$_printf_percent$$0000000D  c_w.l(_printf_lli.o)
    0x080001de   0x080001de   0x00000006   Code   RO         1110    .ARM.Collect$$_printf_percent$$0000000E  c_w.l(_printf_lld.o)
    0x080001e4   0x080001e4   0x00000006   Code   RO         1111    .ARM.Collect$$_printf_percent$$0000000F  c_w.l(_printf_llu.o)
    0x080001ea   0x080001ea   0x00000006   Code   RO         1116    .ARM.Collect$$_printf_percent$$00000010  c_w.l(_printf_llo.o)
    0x080001f0   0x080001f0   0x00000006   Code   RO         1117    .ARM.Collect$$_printf_percent$$00000011  c_w.l(_printf_llx.o)
    0x080001f6   0x080001f6   0x0000000a   Code   RO         1113    .ARM.Collect$$_printf_percent$$00000012  c_w.l(_printf_l.o)
    0x08000200   0x08000200   0x00000006   Code   RO         1097    .ARM.Collect$$_printf_percent$$00000013  c_w.l(_printf_c.o)
    0x08000206   0x08000206   0x00000006   Code   RO         1022    .ARM.Collect$$_printf_percent$$00000014  c_w.l(_printf_s.o)
    0x0800020c   0x0800020c   0x00000006   Code   RO         1114    .ARM.Collect$$_printf_percent$$00000015  c_w.l(_printf_lc.o)
    0x08000212   0x08000212   0x00000006   Code   RO         1115    .ARM.Collect$$_printf_percent$$00000016  c_w.l(_printf_ls.o)
    0x08000218   0x08000218   0x00000004   Code   RO         1108    .ARM.Collect$$_printf_percent$$00000017  c_w.l(_printf_percent_end.o)
    0x0800021c   0x0800021c   0x00000002   Code   RO         1216    .ARM.Collect$$libinit$$00000000  c_w.l(libinit.o)
    0x0800021e   0x0800021e   0x00000000   Code   RO         1227    .ARM.Collect$$libinit$$00000002  c_w.l(libinit2.o)
    0x0800021e   0x0800021e   0x00000000   Code   RO         1229    .ARM.Collect$$libinit$$00000004  c_w.l(libinit2.o)
    0x0800021e   0x0800021e   0x00000000   Code   RO         1231    .ARM.Collect$$libinit$$00000006  c_w.l(libinit2.o)
    0x0800021e   0x0800021e   0x00000000   Code   RO         1234    .ARM.Collect$$libinit$$0000000C  c_w.l(libinit2.o)
    0x0800021e   0x0800021e   0x00000000   Code   RO         1236    .ARM.Collect$$libinit$$0000000E  c_w.l(libinit2.o)
    0x0800021e   0x0800021e   0x00000000   Code   RO         1238    .ARM.Collect$$libinit$$00000010  c_w.l(libinit2.o)
    0x0800021e   0x0800021e   0x00000006   Code   RO         1239    .ARM.Collect$$libinit$$00000011  c_w.l(libinit2.o)
    0x08000224   0x08000224   0x00000000   Code   RO         1241    .ARM.Collect$$libinit$$00000013  c_w.l(libinit2.o)
    0x08000224   0x08000224   0x0000000c   Code   RO         1242    .ARM.Collect$$libinit$$00000014  c_w.l(libinit2.o)
    0x08000230   0x08000230   0x00000000   Code   RO         1243    .ARM.Collect$$libinit$$00000015  c_w.l(libinit2.o)
    0x08000230   0x08000230   0x00000000   Code   RO         1245    .ARM.Collect$$libinit$$00000017  c_w.l(libinit2.o)
    0x08000230   0x08000230   0x0000000a   Code   RO         1246    .ARM.Collect$$libinit$$00000018  c_w.l(libinit2.o)
    0x0800023a   0x0800023a   0x00000000   Code   RO         1247    .ARM.Collect$$libinit$$00000019  c_w.l(libinit2.o)
    0x0800023a   0x0800023a   0x00000000   Code   RO         1249    .ARM.Collect$$libinit$$0000001B  c_w.l(libinit2.o)
    0x0800023a   0x0800023a   0x00000000   Code   RO         1251    .ARM.Collect$$libinit$$0000001D  c_w.l(libinit2.o)
    0x0800023a   0x0800023a   0x00000000   Code   RO         1253    .ARM.Collect$$libinit$$0000001F  c_w.l(libinit2.o)
    0x0800023a   0x0800023a   0x00000000   Code   RO         1255    .ARM.Collect$$libinit$$00000021  c_w.l(libinit2.o)
    0x0800023a   0x0800023a   0x00000000   Code   RO         1257    .ARM.Collect$$libinit$$00000023  c_w.l(libinit2.o)
    0x0800023a   0x0800023a   0x00000000   Code   RO         1259    .ARM.Collect$$libinit$$00000025  c_w.l(libinit2.o)
    0x0800023a   0x0800023a   0x00000000   Code   RO         1261    .ARM.Collect$$libinit$$00000027  c_w.l(libinit2.o)
    0x0800023a   0x0800023a   0x00000000   Code   RO         1265    .ARM.Collect$$libinit$$0000002E  c_w.l(libinit2.o)
    0x0800023a   0x0800023a   0x00000000   Code   RO         1267    .ARM.Collect$$libinit$$00000030  c_w.l(libinit2.o)
    0x0800023a   0x0800023a   0x00000000   Code   RO         1269    .ARM.Collect$$libinit$$00000032  c_w.l(libinit2.o)
    0x0800023a   0x0800023a   0x00000000   Code   RO         1271    .ARM.Collect$$libinit$$00000034  c_w.l(libinit2.o)
    0x0800023a   0x0800023a   0x00000002   Code   RO         1272    .ARM.Collect$$libinit$$00000035  c_w.l(libinit2.o)
    0x0800023c   0x0800023c   0x00000002   Code   RO         1296    .ARM.Collect$$libshutdown$$00000000  c_w.l(libshutdown.o)
    0x0800023e   0x0800023e   0x00000000   Code   RO         1311    .ARM.Collect$$libshutdown$$00000002  c_w.l(libshutdown2.o)
    0x0800023e   0x0800023e   0x00000000   Code   RO         1313    .ARM.Collect$$libshutdown$$00000004  c_w.l(libshutdown2.o)
    0x0800023e   0x0800023e   0x00000000   Code   RO         1316    .ARM.Collect$$libshutdown$$00000007  c_w.l(libshutdown2.o)
    0x0800023e   0x0800023e   0x00000000   Code   RO         1319    .ARM.Collect$$libshutdown$$0000000A  c_w.l(libshutdown2.o)
    0x0800023e   0x0800023e   0x00000000   Code   RO         1321    .ARM.Collect$$libshutdown$$0000000C  c_w.l(libshutdown2.o)
    0x0800023e   0x0800023e   0x00000000   Code   RO         1324    .ARM.Collect$$libshutdown$$0000000F  c_w.l(libshutdown2.o)
    0x0800023e   0x0800023e   0x00000002   Code   RO         1325    .ARM.Collect$$libshutdown$$00000010  c_w.l(libshutdown2.o)
    0x08000240   0x08000240   0x00000000   Code   RO         1045    .ARM.Collect$$rtentry$$00000000  c_w.l(__rtentry.o)
    0x08000240   0x08000240   0x00000000   Code   RO         1132    .ARM.Collect$$rtentry$$00000002  c_w.l(__rtentry2.o)
    0x08000240   0x08000240   0x00000006   Code   RO         1144    .ARM.Collect$$rtentry$$00000004  c_w.l(__rtentry4.o)
    0x08000246   0x08000246   0x00000000   Code   RO         1134    .ARM.Collect$$rtentry$$00000009  c_w.l(__rtentry2.o)
    0x08000246   0x08000246   0x00000004   Code   RO         1135    .ARM.Collect$$rtentry$$0000000A  c_w.l(__rtentry2.o)
    0x0800024a   0x0800024a   0x00000000   Code   RO         1137    .ARM.Collect$$rtentry$$0000000C  c_w.l(__rtentry2.o)
    0x0800024a   0x0800024a   0x00000008   Code   RO         1138    .ARM.Collect$$rtentry$$0000000D  c_w.l(__rtentry2.o)
    0x08000252   0x08000252   0x00000002   Code   RO         1222    .ARM.Collect$$rtexit$$00000000  c_w.l(rtexit.o)
    0x08000254   0x08000254   0x00000000   Code   RO         1274    .ARM.Collect$$rtexit$$00000002  c_w.l(rtexit2.o)
    0x08000254   0x08000254   0x00000004   Code   RO         1275    .ARM.Collect$$rtexit$$00000003  c_w.l(rtexit2.o)
    0x08000258   0x08000258   0x00000006   Code   RO         1276    .ARM.Collect$$rtexit$$00000004  c_w.l(rtexit2.o)
    0x0800025e   0x0800025e   0x00000002   PAD
    0x08000260   0x08000260   0x00000040   Code   RO            4    .text               startup_stm32f103xb.o
    0x080002a0   0x080002a0   0x0000003c   Code   RO          990    .text               c_w.l(vsnprintf.o)
    0x080002dc   0x080002dc   0x00000040   Code   RO          992    .text               c_w.l(__2snprintf.o)
    0x0800031c   0x0800031c   0x00000052   Code   RO          998    .text               c_w.l(_printf_str.o)
    0x0800036e   0x0800036e   0x00000002   PAD
    0x08000370   0x08000370   0x00000078   Code   RO         1000    .text               c_w.l(_printf_dec.o)
    0x080003e8   0x080003e8   0x00000188   Code   RO         1019    .text               c_w.l(__printf_flags_ss_wp.o)
    0x08000570   0x08000570   0x00000014   Code   RO         1027    .text               c_w.l(strchr.o)
    0x08000584   0x08000584   0x00000024   Code   RO         1029    .text               c_w.l(strstr.o)
    0x080005a8   0x080005a8   0x0000003e   Code   RO         1031    .text               c_w.l(strlen.o)
    0x080005e6   0x080005e6   0x00000044   Code   RO         1033    .text               c_w.l(rt_memclr.o)
    0x0800062a   0x0800062a   0x0000004e   Code   RO         1035    .text               c_w.l(rt_memclr_w.o)
    0x08000678   0x08000678   0x00000056   Code   RO         1037    .text               c_w.l(strncpy.o)
    0x080006ce   0x080006ce   0x00000002   PAD
    0x080006d0   0x080006d0   0x00000080   Code   RO         1039    .text               c_w.l(strcmpv7m.o)
    0x08000750   0x08000750   0x00000006   Code   RO         1041    .text               c_w.l(heapauxi.o)
    0x08000756   0x08000756   0x0000004e   Code   RO         1051    .text               c_w.l(_printf_pad.o)
    0x080007a4   0x080007a4   0x00000024   Code   RO         1053    .text               c_w.l(_printf_truncate.o)
    0x080007c8   0x080007c8   0x000000b2   Code   RO         1055    .text               c_w.l(_printf_intcommon.o)
    0x0800087a   0x0800087a   0x00000028   Code   RO         1057    .text               c_w.l(_printf_charcount.o)
    0x080008a2   0x080008a2   0x00000002   PAD
    0x080008a4   0x080008a4   0x00000030   Code   RO         1059    .text               c_w.l(_printf_char_common.o)
    0x080008d4   0x080008d4   0x00000010   Code   RO         1061    .text               c_w.l(_snputc.o)
    0x080008e4   0x080008e4   0x0000002c   Code   RO         1063    .text               c_w.l(_printf_char.o)
    0x08000910   0x08000910   0x000000bc   Code   RO         1065    .text               c_w.l(_printf_wctomb.o)
    0x080009cc   0x080009cc   0x0000007c   Code   RO         1068    .text               c_w.l(_printf_longlong_dec.o)
    0x08000a48   0x08000a48   0x00000070   Code   RO         1074    .text               c_w.l(_printf_oct_int_ll.o)
    0x08000ab8   0x08000ab8   0x00000094   Code   RO         1094    .text               c_w.l(_printf_hex_int_ll_ptr.o)
    0x08000b4c   0x08000b4c   0x00000008   Code   RO         1128    .text               c_w.l(libspace.o)
    0x08000b54   0x08000b54   0x00000010   Code   RO         1146    .text               c_w.l(rt_ctype_table.o)
    0x08000b64   0x08000b64   0x0000008a   Code   RO         1148    .text               c_w.l(lludiv10.o)
    0x08000bee   0x08000bee   0x0000041c   Code   RO         1150    .text               c_w.l(_printf_fp_dec.o)
    0x0800100a   0x0800100a   0x00000002   PAD
    0x0800100c   0x0800100c   0x000002fc   Code   RO         1154    .text               c_w.l(_printf_fp_hex.o)
    0x08001308   0x08001308   0x0000002c   Code   RO         1159    .text               c_w.l(_printf_wchar.o)
    0x08001334   0x08001334   0x00000048   Code   RO         1163    .text               c_w.l(_c16rtomb.o)
    0x0800137c   0x0800137c   0x0000004a   Code   RO         1165    .text               c_w.l(sys_stackheap_outer.o)
    0x080013c6   0x080013c6   0x00000002   PAD
    0x080013c8   0x080013c8   0x00000008   Code   RO         1170    .text               c_w.l(rt_locale_intlibspace.o)
    0x080013d0   0x080013d0   0x00000080   Code   RO         1172    .text               c_w.l(_printf_fp_infnan.o)
    0x08001450   0x08001450   0x000000e4   Code   RO         1176    .text               c_w.l(bigflt0.o)
    0x08001534   0x08001534   0x00000012   Code   RO         1209    .text               c_w.l(exit.o)
    0x08001546   0x08001546   0x00000002   PAD
    0x08001548   0x08001548   0x0000000c   Code   RO         1286    .text               c_w.l(sys_exit.o)
    0x08001554   0x08001554   0x00000002   Code   RO         1301    .text               c_w.l(use_no_semi.o)
    0x08001556   0x08001556   0x00000000   Code   RO         1303    .text               c_w.l(indicate_semi.o)
    0x08001556   0x08001556   0x00000002   PAD
    0x08001558   0x08001558   0x00000002   Code   RO          150    .text.BusFault_Handler  stm32f1xx_it.o
    0x0800155a   0x0800155a   0x00000002   PAD
    0x0800155c   0x0800155c   0x00000002   Code   RO          156    .text.DebugMon_Handler  stm32f1xx_it.o
    0x0800155e   0x0800155e   0x00000002   PAD
    0x08001560   0x08001560   0x000001b8   Code   RO           55    .text.ESP8266_AT_MQTT_Publish_Raw  esp8266.o
    0x08001718   0x08001718   0x0000026c   Code   RO           17    .text.ESP8266_AT_Test  esp8266.o
    0x08001984   0x08001984   0x0000015c   Code   RO           41    .text.ESP8266_Aithinker_MQTT_Example  esp8266.o
    0x08001ae0   0x08001ae0   0x000000d0   Code   RO           53    .text.ESP8266_Bind_OneNET_Report_Topic_With_Cmd  esp8266.o
    0x08001bb0   0x08001bb0   0x0000026c   Code   RO           15    .text.ESP8266_Cmd   esp8266.o
    0x08001e1c   0x08001e1c   0x00000086   Code   RO           21    .text.ESP8266_Init  esp8266.o
    0x08001ea2   0x08001ea2   0x00000002   PAD
    0x08001ea4   0x08001ea4   0x00000144   Code   RO           29    .text.ESP8266_LINK_AP  esp8266.o
    0x08001fe8   0x08001fe8   0x00000210   Code   RO           39    .text.ESP8266_Link_Server  esp8266.o
    0x080021f8   0x080021f8   0x00000104   Code   RO           43    .text.ESP8266_MQTT_Subscribe_OneNET  esp8266.o
    0x080022fc   0x080022fc   0x000000f8   Code   RO           45    .text.ESP8266_MQTT_Subscribe_OneNET_Repaly  esp8266.o
    0x080023f4   0x080023f4   0x00000414   Code   RO           47    .text.ESP8266_Parse_OneNET_Property  esp8266.o
    0x08002808   0x08002808   0x0000000a   Code   RO           81    .text.Error_Handler  main.o
    0x08002812   0x08002812   0x00000002   PAD
    0x08002814   0x08002814   0x00000046   Code   RO          665    .text.HAL_DMA_Abort  stm32f1xx_hal_dma.o
    0x0800285a   0x0800285a   0x00000002   PAD
    0x0800285c   0x0800285c   0x000000b6   Code   RO          667    .text.HAL_DMA_Abort_IT  stm32f1xx_hal_dma.o
    0x08002912   0x08002912   0x00000002   PAD
    0x08002914   0x08002914   0x00000028   Code   RO          541    .text.HAL_Delay     stm32f1xx_hal.o
    0x0800293c   0x0800293c   0x0000020e   Code   RO          633    .text.HAL_GPIO_Init  stm32f1xx_hal_gpio.o
    0x08002b4a   0x08002b4a   0x00000002   PAD
    0x08002b4c   0x08002b4c   0x0000000a   Code   RO          639    .text.HAL_GPIO_WritePin  stm32f1xx_hal_gpio.o
    0x08002b56   0x08002b56   0x00000002   PAD
    0x08002b58   0x08002b58   0x0000000c   Code   RO          533    .text.HAL_GetTick   stm32f1xx_hal.o
    0x08002b64   0x08002b64   0x0000001a   Code   RO          531    .text.HAL_IncTick   stm32f1xx_hal.o
    0x08002b7e   0x08002b7e   0x00000002   PAD
    0x08002b80   0x08002b80   0x00000026   Code   RO          521    .text.HAL_Init      stm32f1xx_hal.o
    0x08002ba6   0x08002ba6   0x00000002   PAD
    0x08002ba8   0x08002ba8   0x00000048   Code   RO          523    .text.HAL_InitTick  stm32f1xx_hal.o
    0x08002bf0   0x08002bf0   0x00000042   Code   RO          179    .text.HAL_MspInit   stm32f1xx_hal_msp.o
    0x08002c32   0x08002c32   0x00000002   PAD
    0x08002c34   0x08002c34   0x00000022   Code   RO          693    .text.HAL_NVIC_EnableIRQ  stm32f1xx_hal_cortex.o
    0x08002c56   0x08002c56   0x00000002   PAD
    0x08002c58   0x08002c58   0x00000056   Code   RO          691    .text.HAL_NVIC_SetPriority  stm32f1xx_hal_cortex.o
    0x08002cae   0x08002cae   0x00000002   PAD
    0x08002cb0   0x08002cb0   0x00000020   Code   RO          689    .text.HAL_NVIC_SetPriorityGrouping  stm32f1xx_hal_cortex.o
    0x08002cd0   0x08002cd0   0x000001ba   Code   RO          585    .text.HAL_RCC_ClockConfig  stm32f1xx_hal_rcc.o
    0x08002e8a   0x08002e8a   0x00000002   PAD
    0x08002e8c   0x08002e8c   0x00000026   Code   RO          597    .text.HAL_RCC_GetPCLK1Freq  stm32f1xx_hal_rcc.o
    0x08002eb2   0x08002eb2   0x00000002   PAD
    0x08002eb4   0x08002eb4   0x00000026   Code   RO          599    .text.HAL_RCC_GetPCLK2Freq  stm32f1xx_hal_rcc.o
    0x08002eda   0x08002eda   0x00000002   PAD
    0x08002edc   0x08002edc   0x00000400   Code   RO          583    .text.HAL_RCC_OscConfig  stm32f1xx_hal_rcc.o
    0x080032dc   0x080032dc   0x0000002c   Code   RO          701    .text.HAL_SYSTICK_Config  stm32f1xx_hal_cortex.o
    0x08003308   0x08003308   0x00000002   Code   RO          507    .text.HAL_TIMEx_BreakCallback  stm32f1xx_hal_tim_ex.o
    0x0800330a   0x0800330a   0x00000002   PAD
    0x0800330c   0x0800330c   0x00000002   Code   RO          503    .text.HAL_TIMEx_CommutCallback  stm32f1xx_hal_tim_ex.o
    0x0800330e   0x0800330e   0x00000002   PAD
    0x08003310   0x08003310   0x0000007e   Code   RO          497    .text.HAL_TIMEx_MasterConfigSynchronization  stm32f1xx_hal_tim_ex.o
    0x0800338e   0x0800338e   0x00000002   PAD
    0x08003390   0x08003390   0x000000fa   Code   RO          202    .text.HAL_TIM_Base_Init  stm32f1xx_hal_tim.o
    0x0800348a   0x0800348a   0x00000002   PAD
    0x0800348c   0x0800348c   0x0000009a   Code   RO          111    .text.HAL_TIM_Base_MspInit  tim.o
    0x08003526   0x08003526   0x00000002   PAD
    0x08003528   0x08003528   0x000001a0   Code   RO          382    .text.HAL_TIM_ConfigClockSource  stm32f1xx_hal_tim.o
    0x080036c8   0x080036c8   0x00000002   Code   RO           83    .text.HAL_TIM_IC_CaptureCallback  main.o
    0x080036ca   0x080036ca   0x00000002   PAD
    0x080036cc   0x080036cc   0x0000014e   Code   RO          336    .text.HAL_TIM_IRQHandler  stm32f1xx_hal_tim.o
    0x0800381a   0x0800381a   0x00000002   PAD
    0x0800381c   0x0800381c   0x00000002   Code   RO          340    .text.HAL_TIM_OC_DelayElapsedCallback  stm32f1xx_hal_tim.o
    0x0800381e   0x0800381e   0x00000002   PAD
    0x08003820   0x08003820   0x00000002   Code   RO          342    .text.HAL_TIM_PWM_PulseFinishedCallback  stm32f1xx_hal_tim.o
    0x08003822   0x08003822   0x00000002   PAD
    0x08003824   0x08003824   0x00000002   Code   RO           75    .text.HAL_TIM_PeriodElapsedCallback  main.o
    0x08003826   0x08003826   0x00000002   PAD
    0x08003828   0x08003828   0x00000002   Code   RO          346    .text.HAL_TIM_TriggerCallback  stm32f1xx_hal_tim.o
    0x0800382a   0x0800382a   0x00000002   PAD
    0x0800382c   0x0800382c   0x00000002   Code   RO          938    .text.HAL_UARTEx_RxEventCallback  stm32f1xx_hal_uart.o
    0x0800382e   0x0800382e   0x00000002   PAD
    0x08003830   0x08003830   0x00000002   Code   RO          928    .text.HAL_UART_AbortReceiveCpltCallback  stm32f1xx_hal_uart.o
    0x08003832   0x08003832   0x00000002   PAD
    0x08003834   0x08003834   0x00000174   Code   RO          924    .text.HAL_UART_AbortReceive_IT  stm32f1xx_hal_uart.o
    0x080039a8   0x080039a8   0x00000002   Code   RO          936    .text.HAL_UART_ErrorCallback  stm32f1xx_hal_uart.o
    0x080039aa   0x080039aa   0x00000002   PAD
    0x080039ac   0x080039ac   0x00000570   Code   RO          930    .text.HAL_UART_IRQHandler  stm32f1xx_hal_uart.o
    0x08003f1c   0x08003f1c   0x000000e2   Code   RO          854    .text.HAL_UART_Init  stm32f1xx_hal_uart.o
    0x08003ffe   0x08003ffe   0x00000002   PAD
    0x08004000   0x08004000   0x000000d6   Code   RO          130    .text.HAL_UART_MspInit  usart.o
    0x080040d6   0x080040d6   0x00000002   PAD
    0x080040d8   0x080040d8   0x00000054   Code   RO          874    .text.HAL_UART_Receive_IT  stm32f1xx_hal_uart.o
    0x0800412c   0x0800412c   0x00000096   Code   RO           11    .text.HAL_UART_RxCpltCallback  esp8266.o
    0x080041c2   0x080041c2   0x00000002   PAD
    0x080041c4   0x080041c4   0x00000192   Code   RO          868    .text.HAL_UART_Transmit  stm32f1xx_hal_uart.o
    0x08004356   0x08004356   0x00000002   PAD
    0x08004358   0x08004358   0x0000003e   Code   RO          872    .text.HAL_UART_Transmit_IT  stm32f1xx_hal_uart.o
    0x08004396   0x08004396   0x00000002   PAD
    0x08004398   0x08004398   0x00000002   Code   RO          940    .text.HAL_UART_TxCpltCallback  stm32f1xx_hal_uart.o
    0x0800439a   0x0800439a   0x00000002   PAD
    0x0800439c   0x0800439c   0x00000002   Code   RO          146    .text.HardFault_Handler  stm32f1xx_it.o
    0x0800439e   0x0800439e   0x00000002   PAD
    0x080043a0   0x080043a0   0x000000aa   Code   RO           96    .text.MX_GPIO_Init  gpio.o
    0x0800444a   0x0800444a   0x00000002   PAD
    0x0800444c   0x0800444c   0x00000070   Code   RO          105    .text.MX_TIM2_Init  tim.o
    0x080044bc   0x080044bc   0x00000074   Code   RO          107    .text.MX_TIM3_Init  tim.o
    0x08004530   0x08004530   0x00000078   Code   RO          109    .text.MX_TIM4_Init  tim.o
    0x080045a8   0x080045a8   0x0000003c   Code   RO          126    .text.MX_USART1_UART_Init  usart.o
    0x080045e4   0x080045e4   0x0000003c   Code   RO          128    .text.MX_USART2_UART_Init  usart.o
    0x08004620   0x08004620   0x00000002   Code   RO          148    .text.MemManage_Handler  stm32f1xx_it.o
    0x08004622   0x08004622   0x00000002   PAD
    0x08004624   0x08004624   0x00000002   Code   RO          144    .text.NMI_Handler   stm32f1xx_it.o
    0x08004626   0x08004626   0x00000002   PAD
    0x08004628   0x08004628   0x00000002   Code   RO          158    .text.PendSV_Handler  stm32f1xx_it.o
    0x0800462a   0x0800462a   0x00000002   PAD
    0x0800462c   0x0800462c   0x00000002   Code   RO          154    .text.SVC_Handler   stm32f1xx_it.o
    0x0800462e   0x0800462e   0x00000002   PAD
    0x08004630   0x08004630   0x00000004   Code   RO          160    .text.SysTick_Handler  stm32f1xx_it.o
    0x08004634   0x08004634   0x00000002   Code   RO          974    .text.SystemInit    system_stm32f1xx.o
    0x08004636   0x08004636   0x00000002   PAD
    0x08004638   0x08004638   0x0000000c   Code   RO          162    .text.TIM2_IRQHandler  stm32f1xx_it.o
    0x08004644   0x08004644   0x0000000c   Code   RO          164    .text.TIM3_IRQHandler  stm32f1xx_it.o
    0x08004650   0x08004650   0x0000000c   Code   RO          166    .text.TIM4_IRQHandler  stm32f1xx_it.o
    0x0800465c   0x0800465c   0x00000068   Code   RO           13    .text.UART2_Debug_Print  esp8266.o
    0x080046c4   0x080046c4   0x0000000c   Code   RO          934    .text.UART_DMAAbortOnError  stm32f1xx_hal_uart.o
    0x080046d0   0x080046d0   0x00000012   Code   RO          926    .text.UART_DMARxOnlyAbortCallback  stm32f1xx_hal_uart.o
    0x080046e2   0x080046e2   0x00000002   PAD
    0x080046e4   0x080046e4   0x000000fe   Code   RO          932    .text.UART_Receive_IT  stm32f1xx_hal_uart.o
    0x080047e2   0x080047e2   0x00000002   PAD
    0x080047e4   0x080047e4   0x0000000c   Code   RO          168    .text.USART1_IRQHandler  stm32f1xx_it.o
    0x080047f0   0x080047f0   0x0000000c   Code   RO          170    .text.USART2_IRQHandler  stm32f1xx_it.o
    0x080047fc   0x080047fc   0x00000002   Code   RO          152    .text.UsageFault_Handler  stm32f1xx_it.o
    0x080047fe   0x080047fe   0x00000002   PAD
    0x08004800   0x08004800   0x0000014c   Code   RO           77    .text.main          main.o
    0x0800494c   0x0800494c   0x00000148   Code   RO           49    .text.main_loop_task  esp8266.o
    0x08004a94   0x08004a94   0x0000003e   Code   RO         1179    CL$$btod_d2e        c_w.l(btod.o)
    0x08004ad2   0x08004ad2   0x00000046   Code   RO         1181    CL$$btod_d2e_denorm_low  c_w.l(btod.o)
    0x08004b18   0x08004b18   0x00000060   Code   RO         1180    CL$$btod_d2e_norm_op1  c_w.l(btod.o)
    0x08004b78   0x08004b78   0x00000338   Code   RO         1189    CL$$btod_div_common  c_w.l(btod.o)
    0x08004eb0   0x08004eb0   0x000000dc   Code   RO         1186    CL$$btod_e2e        c_w.l(btod.o)
    0x08004f8c   0x08004f8c   0x0000002a   Code   RO         1183    CL$$btod_ediv       c_w.l(btod.o)
    0x08004fb6   0x08004fb6   0x0000002a   Code   RO         1182    CL$$btod_emul       c_w.l(btod.o)
    0x08004fe0   0x08004fe0   0x00000244   Code   RO         1188    CL$$btod_mult_common  c_w.l(btod.o)
    0x08005224   0x08005224   0x00000028   Code   RO         1220    i.__ARM_fpclassify  m_ws.l(fpclassify.o)
    0x0800524c   0x0800524c   0x0000000e   Code   RO         1012    i._is_digit         c_w.l(__printf_wp.o)
    0x0800525a   0x0800525a   0x00000002   PAD
    0x0800525c   0x0800525c   0x0000002c   Code   RO         1204    locale$$code        c_w.l(lc_ctype_c.o)
    0x08005288   0x08005288   0x0000002c   Code   RO         1207    locale$$code        c_w.l(lc_numeric_c.o)
    0x080052b4   0x080052b4   0x00000004   Code   RO         1120    x$fpl$printf1       fz_ws.l(printf1.o)
    0x080052b8   0x080052b8   0x00000004   Code   RO         1122    x$fpl$printf2       fz_ws.l(printf2.o)
    0x080052bc   0x080052bc   0x00000000   Code   RO         1219    x$fpl$usenofp       fz_ws.l(usenofp.o)
    0x080052bc   0x080052bc   0x00000011   Data   RO         1020    .constdata          c_w.l(__printf_flags_ss_wp.o)
    0x080052cd   0x080052cd   0x00000003   PAD
    0x080052d0   0x080052d0   0x00000008   Data   RO         1066    .constdata          c_w.l(_printf_wctomb.o)
    0x080052d8   0x080052d8   0x00000028   Data   RO         1095    .constdata          c_w.l(_printf_hex_int_ll_ptr.o)
    0x08005300   0x08005300   0x00000026   Data   RO         1155    .constdata          c_w.l(_printf_fp_hex.o)
    0x08005326   0x08005326   0x00000002   PAD
    0x08005328   0x08005328   0x00000094   Data   RO         1177    .constdata          c_w.l(bigflt0.o)
    0x080053bc   0x080053bc   0x00000010   Data   RO          979    .rodata.AHBPrescTable  system_stm32f1xx.o
    0x080053cc   0x080053cc   0x00000008   Data   RO          980    .rodata.APBPrescTable  system_stm32f1xx.o
    0x080053d4   0x080053d4   0x00000002   Data   RO          610    .rodata.HAL_RCC_GetSysClockFreq.aPredivFactorTable  stm32f1xx_hal_rcc.o
    0x080053d6   0x080053d6   0x00000010   Data   RO          609    .rodata.cst16       stm32f1xx_hal_rcc.o
    0x080053e6   0x080053e6   0x00000ee3   Data   RO           64    .rodata.str1.1      esp8266.o
    0x080062c9   0x080062c9   0x00000020   Data   RO           86    .rodata.str1.1      main.o
    0x080062e9   0x080062e9   0x00000003   PAD
    0x080062ec   0x080062ec   0x00000020   Data   RO         1359    Region$$Table       anon$$obj.o
    0x0800630c   0x0800630c   0x00000110   Data   RO         1203    locale$$data        c_w.l(lc_ctype_c.o)
    0x0800641c   0x0800641c   0x0000001c   Data   RO         1206    locale$$data        c_w.l(lc_numeric_c.o)


    Execution Region RW_IRAM1 (Exec base: 0x20000000, Load base: 0x08006438, Size: 0x000013f0, Max: 0x00005000, ABSOLUTE)

    Exec Addr    Load Addr    Size         Type   Attr      Idx    E Section Name        Object

    0x20000000   0x08006438   0x00000008   Data   RW          572    .data..L_MergedGlobals  stm32f1xx_hal.o
    0x20000008   0x08006440   0x00000004   Data   RW          978    .data.SystemCoreClock  system_stm32f1xx.o
    0x2000000c   0x08006444   0x00000004   PAD
    0x20000010        -       0x00000060   Zero   RW         1129    .bss                c_w.l(libspace.o)
    0x20000070        -       0x00000008   Zero   RW           62    .bss.g_OneNET_Property_Data  esp8266.o
    0x20000078        -       0x00000001   Zero   RW           85    .bss.g_uart1_busy   main.o
    0x20000079   0x08006444   0x00000003   PAD
    0x2000007c        -       0x00000048   Zero   RW          115    .bss.htim2          tim.o
    0x200000c4        -       0x00000048   Zero   RW          116    .bss.htim3          tim.o
    0x2000010c        -       0x00000048   Zero   RW          117    .bss.htim4          tim.o
    0x20000154        -       0x00000048   Zero   RW          134    .bss.huart1         usart.o
    0x2000019c        -       0x00000048   Zero   RW          135    .bss.huart2         usart.o
    0x200001e4        -       0x00000402   Zero   RW           63    .bss.strEsp8266_Fram_Record  esp8266.o
    0x200005e6   0x08006444   0x00000002   PAD
    0x200005e8        -       0x00000400   Zero   RW           60    .bss.uart1_tx_buffer  esp8266.o
    0x200009e8        -       0x00000400   Zero   RW           61    .bss.uart2_tx_buffer  esp8266.o
    0x20000de8        -       0x00000004   Zero   RW          571    .bss.uwTick         stm32f1xx_hal.o
    0x20000dec   0x08006444   0x00000004   PAD
    0x20000df0        -       0x00000200   Zero   RW            2    HEAP                startup_stm32f103xb.o
    0x20000ff0        -       0x00000400   Zero   RW            1    STACK               startup_stm32f103xb.o


==============================================================================

Image component sizes


      Code (inc. data)   RO Data    RW Data    ZI Data      Debug   Object Name

      5356       1232       3811          0       3082      22669   esp8266.o
       170          0          0          0          0       1596   gpio.o
       346         36         32          0          1       6418   main.o
        64         26        236          0       1536        796   startup_stm32f103xb.o
       188          0          0          8          4       5784   stm32f1xx_hal.o
       196          0          0          0          0       8439   stm32f1xx_hal_cortex.o
       252          0          0          0          0       8587   stm32f1xx_hal_dma.o
       536         22          0          0          0       4781   stm32f1xx_hal_gpio.o
        66          0          0          0          0       1225   stm32f1xx_hal_msp.o
      1542          0         18          0          0       8092   stm32f1xx_hal_rcc.o
      1006          0          0          0          0      58596   stm32f1xx_hal_tim.o
       130          0          0          0          0      21237   stm32f1xx_hal_tim_ex.o
      2830          0          0          0          0      33177   stm32f1xx_hal_uart.o
        80          0          0          0          0       5884   stm32f1xx_it.o
         2          0         24          4          0       1603   system_stm32f1xx.o
       502          0          0          0        216       6676   tim.o
       334          0          0          0        144       5836   usart.o

    ----------------------------------------------------------------------
     13692       1316       4156         12       4996     201396   Object Totals
         0          0         32          0          0          0   (incl. Generated)
        92          0          3          0         13          0   (incl. Padding)

    ----------------------------------------------------------------------

      Code (inc. data)   RO Data    RW Data    ZI Data      Debug   Library Member Name

        64          6          0          0          0         84   __2snprintf.o
         8          0          0          0          0         68   __main.o
       392          4         17          0          0         92   __printf_flags_ss_wp.o
        14          0          0          0          0         68   __printf_wp.o
         0          0          0          0          0          0   __rtentry.o
        12          0          0          0          0          0   __rtentry2.o
         6          0          0          0          0          0   __rtentry4.o
        94          8          0          0          0          0   __scatter.o
        26          0          0          0          0          0   __scatter_copy.o
        28          0          0          0          0          0   __scatter_zi.o
        72          0          0          0          0         96   _c16rtomb.o
         6          0          0          0          0          0   _printf_a.o
         6          0          0          0          0          0   _printf_c.o
        44          0          0          0          0        108   _printf_char.o
        48          6          0          0          0         96   _printf_char_common.o
        40          0          0          0          0         68   _printf_charcount.o
         6          0          0          0          0          0   _printf_d.o
       120         16          0          0          0         92   _printf_dec.o
         6          0          0          0          0          0   _printf_e.o
         6          0          0          0          0          0   _printf_f.o
      1052          0          0          0          0        148   _printf_fp_dec.o
       764          8         38          0          0        100   _printf_fp_hex.o
       128         16          0          0          0         84   _printf_fp_infnan.o
         6          0          0          0          0          0   _printf_g.o
       148          4         40          0          0        160   _printf_hex_int_ll_ptr.o
         6          0          0          0          0          0   _printf_i.o
       178          0          0          0          0         88   _printf_intcommon.o
        10          0          0          0          0          0   _printf_l.o
         6          0          0          0          0          0   _printf_lc.o
        10          0          0          0          0          0   _printf_ll.o
         6          0          0          0          0          0   _printf_lld.o
         6          0          0          0          0          0   _printf_lli.o
         6          0          0          0          0          0   _printf_llo.o
         6          0          0          0          0          0   _printf_llu.o
         6          0          0          0          0          0   _printf_llx.o
       124         16          0          0          0         92   _printf_longlong_dec.o
         6          0          0          0          0          0   _printf_ls.o
         6          0          0          0          0          0   _printf_n.o
         6          0          0          0          0          0   _printf_o.o
       112          8          0          0          0        124   _printf_oct_int_ll.o
         6          0          0          0          0          0   _printf_p.o
        78          0          0          0          0        108   _printf_pad.o
         0          0          0          0          0          0   _printf_percent.o
         4          0          0          0          0          0   _printf_percent_end.o
         6          0          0          0          0          0   _printf_s.o
        82          0          0          0          0         80   _printf_str.o
        36          0          0          0          0         84   _printf_truncate.o
         6          0          0          0          0          0   _printf_u.o
        44          0          0          0          0        108   _printf_wchar.o
       188          6          8          0          0         92   _printf_wctomb.o
         6          0          0          0          0          0   _printf_x.o
        16          0          0          0          0         68   _snputc.o
       228          4        148          0          0         96   bigflt0.o
      1936        128          0          0          0        668   btod.o
        18          0          0          0          0         80   exit.o
         6          0          0          0          0        152   heapauxi.o
         0          0          0          0          0          0   indicate_semi.o
        44         10        272          0          0         76   lc_ctype_c.o
        44         10         28          0          0         76   lc_numeric_c.o
         2          0          0          0          0          0   libinit.o
        30          0          0          0          0          0   libinit2.o
         2          0          0          0          0          0   libshutdown.o
         2          0          0          0          0          0   libshutdown2.o
         8          4          0          0         96         68   libspace.o
       138          0          0          0          0         80   lludiv10.o
        16          4          0          0          0         76   rt_ctype_table.o
         8          4          0          0          0         68   rt_locale_intlibspace.o
        68          0          0          0          0         68   rt_memclr.o
        78          0          0          0          0         80   rt_memclr_w.o
         2          0          0          0          0          0   rtexit.o
        10          0          0          0          0          0   rtexit2.o
        20          0          0          0          0         68   strchr.o
       128          0          0          0          0         68   strcmpv7m.o
        62          0          0          0          0         76   strlen.o
        86          0          0          0          0         76   strncpy.o
        36          0          0          0          0         80   strstr.o
        12          4          0          0          0         68   sys_exit.o
        74          0          0          0          0         80   sys_stackheap_outer.o
         2          0          0          0          0         68   use_no_semi.o
        60          4          0          0          0         80   vsnprintf.o
         4          0          0          0          0         68   printf1.o
         4          0          0          0          0         68   printf2.o
         0          0          0          0          0          0   usenofp.o
        40          0          0          0          0         68   fpclassify.o

    ----------------------------------------------------------------------
      7252        270        556          0         96       4564   Library Totals
        22          0          5          0          0          0   (incl. Padding)

    ----------------------------------------------------------------------

      Code (inc. data)   RO Data    RW Data    ZI Data      Debug   Library Name

      7182        270        551          0         96       4360   c_w.l
         8          0          0          0          0        136   fz_ws.l
        40          0          0          0          0         68   m_ws.l

    ----------------------------------------------------------------------
      7252        270        556          0         96       4564   Library Totals

    ----------------------------------------------------------------------

==============================================================================


      Code (inc. data)   RO Data    RW Data    ZI Data      Debug   

     20944       1586       4712         12       5092     203228   Grand Totals
     20944       1586       4712         12       5092     203228   ELF Image Totals
     20944       1586       4712         12          0          0   ROM Totals

==============================================================================

    Total RO  Size (Code + RO Data)                25656 (  25.05kB)
    Total RW  Size (RW Data + ZI Data)              5104 (   4.98kB)
    Total ROM Size (Code + RO Data + RW Data)      25668 (  25.07kB)

==============================================================================

