Component: Arm Compiler for Embedded 6.23 Tool: armlink [5f102400]

==============================================================================

Section Cross References

    startup_stm32f103xb.o(STACK) refers (Special) to heapauxi.o(.text) for __use_two_region_memory
    startup_stm32f103xb.o(HEAP) refers (Special) to heapauxi.o(.text) for __use_two_region_memory
    startup_stm32f103xb.o(RESET) refers (Special) to heapauxi.o(.text) for __use_two_region_memory
    startup_stm32f103xb.o(RESET) refers to startup_stm32f103xb.o(STACK) for __initial_sp
    startup_stm32f103xb.o(RESET) refers to startup_stm32f103xb.o(.text) for Reset_Handler
    startup_stm32f103xb.o(RESET) refers to stm32f1xx_it.o(.text.NMI_Handler) for NMI_Handler
    startup_stm32f103xb.o(RESET) refers to stm32f1xx_it.o(.text.HardFault_Handler) for HardFault_Handler
    startup_stm32f103xb.o(RESET) refers to stm32f1xx_it.o(.text.MemManage_Handler) for MemManage_Handler
    startup_stm32f103xb.o(RESET) refers to stm32f1xx_it.o(.text.BusFault_Handler) for BusFault_Handler
    startup_stm32f103xb.o(RESET) refers to stm32f1xx_it.o(.text.UsageFault_Handler) for UsageFault_Handler
    startup_stm32f103xb.o(RESET) refers to stm32f1xx_it.o(.text.SVC_Handler) for SVC_Handler
    startup_stm32f103xb.o(RESET) refers to stm32f1xx_it.o(.text.DebugMon_Handler) for DebugMon_Handler
    startup_stm32f103xb.o(RESET) refers to stm32f1xx_it.o(.text.PendSV_Handler) for PendSV_Handler
    startup_stm32f103xb.o(RESET) refers to stm32f1xx_it.o(.text.SysTick_Handler) for SysTick_Handler
    startup_stm32f103xb.o(RESET) refers to stm32f1xx_it.o(.text.USART2_IRQHandler) for USART2_IRQHandler
    startup_stm32f103xb.o(.text) refers (Special) to heapauxi.o(.text) for __use_two_region_memory
    startup_stm32f103xb.o(.text) refers to system_stm32f1xx.o(.text.SystemInit) for SystemInit
    startup_stm32f103xb.o(.text) refers to __main.o(!!!main) for __main
    startup_stm32f103xb.o(.text) refers to startup_stm32f103xb.o(HEAP) for Heap_Mem
    startup_stm32f103xb.o(.text) refers to startup_stm32f103xb.o(STACK) for Stack_Mem
    debug_uart.o(.text.fputc) refers to usart.o(.bss.huart2) for huart2
    debug_uart.o(.text.fputc) refers to stm32f1xx_hal_uart.o(.text.HAL_UART_Transmit) for HAL_UART_Transmit
    debug_uart.o(.ARM.exidx.text.fputc) refers to debug_uart.o(.text.fputc) for [Anonymous Symbol]
    debug_uart.o(.text.debug_printf) refers to debug_uart.o(.bss.debug_buf) for debug_buf
    debug_uart.o(.text.debug_printf) refers to vsnprintf.o(.text) for vsnprintf
    debug_uart.o(.text.debug_printf) refers to usart.o(.bss.huart2) for huart2
    debug_uart.o(.text.debug_printf) refers to stm32f1xx_hal_uart.o(.text.HAL_UART_Transmit) for HAL_UART_Transmit
    debug_uart.o(.ARM.exidx.text.debug_printf) refers to debug_uart.o(.text.debug_printf) for [Anonymous Symbol]
    debug_uart.o(.text.debug_printf_isr) refers to debug_uart.o(.bss.debug_buf) for debug_buf
    debug_uart.o(.text.debug_printf_isr) refers to vsnprintf.o(.text) for vsnprintf
    debug_uart.o(.text.debug_printf_isr) refers to usart.o(.bss.huart2) for huart2
    debug_uart.o(.text.debug_printf_isr) refers to stm32f1xx_hal_uart.o(.text.HAL_UART_Transmit) for HAL_UART_Transmit
    debug_uart.o(.ARM.exidx.text.debug_printf_isr) refers to debug_uart.o(.text.debug_printf_isr) for [Anonymous Symbol]
    debug_uart.o(.text.debug_getchar) refers to usart.o(.bss.huart2) for huart2
    debug_uart.o(.text.debug_getchar) refers to stm32f1xx_hal_uart.o(.text.HAL_UART_Receive) for HAL_UART_Receive
    debug_uart.o(.ARM.exidx.text.debug_getchar) refers to debug_uart.o(.text.debug_getchar) for [Anonymous Symbol]
    nrf24l01.o(.text.NRF24L01_CSN_Enable) refers to stm32f1xx_hal_gpio.o(.text.HAL_GPIO_WritePin) for HAL_GPIO_WritePin
    nrf24l01.o(.ARM.exidx.text.NRF24L01_CSN_Enable) refers to nrf24l01.o(.text.NRF24L01_CSN_Enable) for [Anonymous Symbol]
    nrf24l01.o(.text.NRF24L01_CSN_Disable) refers to stm32f1xx_hal_gpio.o(.text.HAL_GPIO_WritePin) for HAL_GPIO_WritePin
    nrf24l01.o(.ARM.exidx.text.NRF24L01_CSN_Disable) refers to nrf24l01.o(.text.NRF24L01_CSN_Disable) for [Anonymous Symbol]
    nrf24l01.o(.text.NRF24L01_SPI_RW) refers to debug_uart.o(.text.debug_printf) for debug_printf
    nrf24l01.o(.text.NRF24L01_SPI_RW) refers to spi.o(.bss.hspi1) for hspi1
    nrf24l01.o(.text.NRF24L01_SPI_RW) refers to stm32f1xx_hal_spi.o(.text.HAL_SPI_TransmitReceive) for HAL_SPI_TransmitReceive
    nrf24l01.o(.text.NRF24L01_SPI_RW) refers to nrf24l01.o(.rodata.str1.1) for .L.str.2
    nrf24l01.o(.ARM.exidx.text.NRF24L01_SPI_RW) refers to nrf24l01.o(.text.NRF24L01_SPI_RW) for [Anonymous Symbol]
    nrf24l01.o(.text.NRF24L01_ReadReg) refers to stm32f1xx_hal_gpio.o(.text.HAL_GPIO_WritePin) for HAL_GPIO_WritePin
    nrf24l01.o(.text.NRF24L01_ReadReg) refers to nrf24l01.o(.text.NRF24L01_SPI_RW) for NRF24L01_SPI_RW
    nrf24l01.o(.ARM.exidx.text.NRF24L01_ReadReg) refers to nrf24l01.o(.text.NRF24L01_ReadReg) for [Anonymous Symbol]
[...]
    ../fplib/istatus.s                       0x00000000   Number         0  istatus.o ABSOLUTE
    ../fplib/printf1.s                       0x00000000   Number         0  printf1.o ABSOLUTE
    ../fplib/printf2.s                       0x00000000   Number         0  printf2.o ABSOLUTE
    ../fplib/printf2a.s                      0x00000000   Number         0  printf2a.o ABSOLUTE
    ../fplib/printf2b.s                      0x00000000   Number         0  printf2b.o ABSOLUTE
    ../fplib/usenofp.s                       0x00000000   Number         0  usenofp.o ABSOLUTE
    ../mathlib/fpclassify.c                  0x00000000   Number         0  fpclassify.o ABSOLUTE
    dc.s                                     0x00000000   Number         0  dc.o ABSOLUTE
    debug_uart.c                             0x00000000   Number         0  debug_uart.o ABSOLUTE
    gpio.c                                   0x00000000   Number         0  gpio.o ABSOLUTE
    main.c                                   0x00000000   Number         0  main.o ABSOLUTE
    nrf24l01.c                               0x00000000   Number         0  nrf24l01.o ABSOLUTE
    spi.c                                    0x00000000   Number         0  spi.o ABSOLUTE
    startup_stm32f103xb.s                    0x00000000   Number         0  startup_stm32f103xb.o ABSOLUTE
    stm32f1xx_hal.c                          0x00000000   Number         0  stm32f1xx_hal.o ABSOLUTE
    stm32f1xx_hal_cortex.c                   0x00000000   Number         0  stm32f1xx_hal_cortex.o ABSOLUTE
    stm32f1xx_hal_dma.c                      0x00000000   Number         0  stm32f1xx_hal_dma.o ABSOLUTE
    stm32f1xx_hal_exti.c                     0x00000000   Number         0  stm32f1xx_hal_exti.o ABSOLUTE
    stm32f1xx_hal_flash.c                    0x00000000   Number         0  stm32f1xx_hal_flash.o ABSOLUTE
    stm32f1xx_hal_flash_ex.c                 0x00000000   Number         0  stm32f1xx_hal_flash_ex.o ABSOLUTE
    stm32f1xx_hal_gpio.c                     0x00000000   Number         0  stm32f1xx_hal_gpio.o ABSOLUTE
    stm32f1xx_hal_gpio_ex.c                  0x00000000   Number         0  stm32f1xx_hal_gpio_ex.o ABSOLUTE
    stm32f1xx_hal_msp.c                      0x00000000   Number         0  stm32f1xx_hal_msp.o ABSOLUTE
    stm32f1xx_hal_pwr.c                      0x00000000   Number         0  stm32f1xx_hal_pwr.o ABSOLUTE
    stm32f1xx_hal_rcc.c                      0x00000000   Number         0  stm32f1xx_hal_rcc.o ABSOLUTE
    stm32f1xx_hal_rcc_ex.c                   0x00000000   Number         0  stm32f1xx_hal_rcc_ex.o ABSOLUTE
    stm32f1xx_hal_spi.c                      0x00000000   Number         0  stm32f1xx_hal_spi.o ABSOLUTE
    stm32f1xx_hal_uart.c                     0x00000000   Number         0  stm32f1xx_hal_uart.o ABSOLUTE
    stm32f1xx_it.c                           0x00000000   Number         0  stm32f1xx_it.o ABSOLUTE
    system_stm32f1xx.c                       0x00000000   Number         0  system_stm32f1xx.o ABSOLUTE
    usart.c                                  0x00000000   Number         0  usart.o ABSOLUTE
    RESET                                    0x08000000   Section      236  startup_stm32f103xb.o(RESET)
    !!!main                                  0x080000ec   Section        8  __main.o(!!!main)
    !!!scatter                               0x080000f4   Section       92  __scatter.o(!!!scatter)
    !!handler_copy                           0x08000150   Section       26  __scatter_copy.o(!!handler_copy)
    !!handler_null                           0x0800016c   Section        2  __scatter.o(!!handler_null)
    !!handler_zi                             0x08000170   Section       28  __scatter_zi.o(!!handler_zi)
    .ARM.Collect$$_printf_percent$$00000000  0x0800018c   Section        0  _printf_percent.o(.ARM.Collect$$_printf_percent$$00000000)
    .ARM.Collect$$_printf_percent$$00000001  0x0800018c   Section        6  _printf_n.o(.ARM.Collect$$_printf_percent$$00000001)
    .ARM.Collect$$_printf_percent$$00000002  0x08000192   Section        6  _printf_p.o(.ARM.Collect$$_printf_percent$$00000002)
    .ARM.Collect$$_printf_percent$$00000003  0x08000198   Section        6  _printf_f.o(.ARM.Collect$$_printf_percent$$00000003)
    .ARM.Collect$$_printf_percent$$00000004  0x0800019e   Section        6  _printf_e.o(.ARM.Collect$$_printf_percent$$00000004)
    .ARM.Collect$$_printf_percent$$00000005  0x080001a4   Section        6  _printf_g.o(.ARM.Collect$$_printf_percent$$00000005)
    .ARM.Collect$$_printf_percent$$00000006  0x080001aa   Section        6  _printf_a.o(.ARM.Collect$$_printf_percent$$00000006)
    .ARM.Collect$$_printf_percent$$00000007  0x080001b0   Section       10  _printf_ll.o(.ARM.Collect$$_printf_percent$$00000007)
    .ARM.Collect$$_printf_percent$$00000008  0x080001ba   Section        6  _printf_i.o(.ARM.Collect$$_printf_percent$$00000008)
    .ARM.Collect$$_printf_percent$$00000009  0x080001c0   Section        6  _printf_d.o(.ARM.Collect$$_printf_percent$$00000009)
    .ARM.Collect$$_printf_percent$$0000000A  0x080001c6   Section        6  _printf_u.o(.ARM.Collect$$_printf_percent$$0000000A)
    .ARM.Collect$$_printf_percent$$0000000B  0x080001cc   Section        6  _printf_o.o(.ARM.Collect$$_printf_percent$$0000000B)
    .ARM.Collect$$_printf_percent$$0000000C  0x080001d2   Section        6  _printf_x.o(.ARM.Collect$$_printf_percent$$0000000C)
    .ARM.Collect$$_printf_percent$$0000000D  0x080001d8   Section        6  _printf_lli.o(.ARM.Collect$$_printf_percent$$0000000D)
    .ARM.Collect$$_printf_percent$$0000000E  0x080001de   Section        6  _printf_lld.o(.ARM.Collect$$_printf_percent$$0000000E)
    .ARM.Collect$$_printf_percent$$0000000F  0x080001e4   Section        6  _printf_llu.o(.ARM.Collect$$_printf_percent$$0000000F)
    .ARM.Collect$$_printf_percent$$00000010  0x080001ea   Section        6  _printf_llo.o(.ARM.Collect$$_printf_percent$$00000010)
    .ARM.Collect$$_printf_percent$$00000011  0x080001f0   Section        6  _printf_llx.o(.ARM.Collect$$_printf_percent$$00000011)
    .ARM.Collect$$_printf_percent$$00000012  0x080001f6   Section       10  _printf_l.o(.ARM.Collect$$_printf_percent$$00000012)
    .ARM.Collect$$_printf_percent$$00000013  0x08000200   Section        6  _printf_c.o(.ARM.Collect$$_printf_percent$$00000013)
    .ARM.Collect$$_printf_percent$$00000014  0x08000206   Section        6  _printf_s.o(.ARM.Collect$$_printf_percent$$00000014)
    .ARM.Collect$$_printf_percent$$00000015  0x0800020c   Section        6  _printf_lc.o(.ARM.Collect$$_printf_percent$$00000015)
    .ARM.Collect$$_printf_percent$$00000016  0x08000212   Section        6  _printf_ls.o(.ARM.Collect$$_printf_percent$$00000016)
    .ARM.Collect$$_printf_percent$$00000017  0x08000218   Section        4  _printf_percent_end.o(.ARM.Collect$$_printf_percent$$00000017)
    .ARM.Collect$$libinit$$00000000          0x0800021c   Section        2  libinit.o(.ARM.Collect$$libinit$$00000000)
    .ARM.Collect$$libinit$$00000002          0x0800021e   Section        0  libinit2.o(.ARM.Collect$$libinit$$00000002)
    .ARM.Collect$$libinit$$00000004          0x0800021e   Section        0  libinit2.o(.ARM.Collect$$libinit$$00000004)
    .ARM.Collect$$libinit$$00000006          0x0800021e   Section        0  libinit2.o(.ARM.Collect$$libinit$$00000006)
    .ARM.Collect$$libinit$$0000000C          0x0800021e   Section        0  libinit2.o(.ARM.Collect$$libinit$$0000000C)
    .ARM.Collect$$libinit$$0000000E          0x0800021e   Section        0  libinit2.o(.ARM.Collect$$libinit$$0000000E)
    .ARM.Collect$$libinit$$00000010          0x0800021e   Section        0  libinit2.o(.ARM.Collect$$libinit$$00000010)
    .ARM.Collect$$libinit$$00000011          0x0800021e   Section        6  libinit2.o(.ARM.Collect$$libinit$$00000011)
    .ARM.Collect$$libinit$$00000013          0x08000224   Section        0  libinit2.o(.ARM.Collect$$libinit$$00000013)
    .ARM.Collect$$libinit$$00000014          0x08000224   Section       12  libinit2.o(.ARM.Collect$$libinit$$00000014)
    .ARM.Collect$$libinit$$00000015          0x08000230   Section        0  libinit2.o(.ARM.Collect$$libinit$$00000015)
    .ARM.Collect$$libinit$$00000017          0x08000230   Section        0  libinit2.o(.ARM.Collect$$libinit$$00000017)
    .ARM.Collect$$libinit$$00000018          0x08000230   Section       10  libinit2.o(.ARM.Collect$$libinit$$00000018)
    .ARM.Collect$$libinit$$00000019          0x0800023a   Section        0  libinit2.o(.ARM.Collect$$libinit$$00000019)
    .ARM.Collect$$libinit$$0000001B          0x0800023a   Section        0  libinit2.o(.ARM.Collect$$libinit$$0000001B)
    .ARM.Collect$$libinit$$0000001D          0x0800023a   Section        0  libinit2.o(.ARM.Collect$$libinit$$0000001D)
    .ARM.Collect$$libinit$$0000001F          0x0800023a   Section        0  libinit2.o(.ARM.Collect$$libinit$$0000001F)
    .ARM.Collect$$libinit$$00000021          0x0800023a   Section        0  libinit2.o(.ARM.Collect$$libinit$$00000021)
    .ARM.Collect$$libinit$$00000023          0x0800023a   Section        0  libinit2.o(.ARM.Collect$$libinit$$00000023)
    .ARM.Collect$$libinit$$00000025          0x0800023a   Section        0  libinit2.o(.ARM.Collect$$libinit$$00000025)
    .ARM.Collect$$libinit$$00000027          0x0800023a   Section        0  libinit2.o(.ARM.Collect$$libinit$$00000027)
    .ARM.Collect$$libinit$$0000002E          0x0800023a   Section        0  libinit2.o(.ARM.Collect$$libinit$$0000002E)
    .ARM.Collect$$libinit$$00000030          0x0800023a   Section        0  libinit2.o(.ARM.Collect$$libinit$$00000030)
    .ARM.Collect$$libinit$$00000032          0x0800023a   Section        0  libinit2.o(.ARM.Collect$$libinit$$00000032)
    .ARM.Collect$$libinit$$00000034          0x0800023a   Section        0  libinit2.o(.ARM.Collect$$libinit$$00000034)
    .ARM.Collect$$libinit$$00000035          0x0800023a   Section        2  libinit2.o(.ARM.Collect$$libinit$$00000035)
    .ARM.Collect$$libshutdown$$00000000      0x0800023c   Section        2  libshutdown.o(.ARM.Collect$$libshutdown$$00000000)
    .ARM.Collect$$libshutdown$$00000002      0x0800023e   Section        0  libshutdown2.o(.ARM.Collect$$libshutdown$$00000002)
    .ARM.Collect$$libshutdown$$00000004      0x0800023e   Section        0  libshutdown2.o(.ARM.Collect$$libshutdown$$00000004)
    .ARM.Collect$$libshutdown$$00000007      0x0800023e   Section        0  libshutdown2.o(.ARM.Collect$$libshutdown$$00000007)
    .ARM.Collect$$libshutdown$$0000000A      0x0800023e   Section        0  libshutdown2.o(.ARM.Collect$$libshutdown$$0000000A)
    .ARM.Collect$$libshutdown$$0000000C      0x0800023e   Section        0  libshutdown2.o(.ARM.Collect$$libshutdown$$0000000C)
    .ARM.Collect$$libshutdown$$0000000F      0x0800023e   Section        0  libshutdown2.o(.ARM.Collect$$libshutdown$$0000000F)
    .ARM.Collect$$libshutdown$$00000010      0x0800023e   Section        2  libshutdown2.o(.ARM.Collect$$libshutdown$$00000010)
    .ARM.Collect$$rtentry$$00000000          0x08000240   Section        0  __rtentry.o(.ARM.Collect$$rtentry$$00000000)
    .ARM.Collect$$rtentry$$00000002          0x08000240   Section        0  __rtentry2.o(.ARM.Collect$$rtentry$$00000002)
    .ARM.Collect$$rtentry$$00000004          0x08000240   Section        6  __rtentry4.o(.ARM.Collect$$rtentry$$00000004)
    .ARM.Collect$$rtentry$$00000009          0x08000246   Section        0  __rtentry2.o(.ARM.Collect$$rtentry$$00000009)
    .ARM.Collect$$rtentry$$0000000A          0x08000246   Section        4  __rtentry2.o(.ARM.Collect$$rtentry$$0000000A)
    .ARM.Collect$$rtentry$$0000000C          0x0800024a   Section        0  __rtentry2.o(.ARM.Collect$$rtentry$$0000000C)
    .ARM.Collect$$rtentry$$0000000D          0x0800024a   Section        8  __rtentry2.o(.ARM.Collect$$rtentry$$0000000D)
    .ARM.Collect$$rtexit$$00000000           0x08000252   Section        2  rtexit.o(.ARM.Collect$$rtexit$$00000000)
    .ARM.Collect$$rtexit$$00000002           0x08000254   Section        0  rtexit2.o(.ARM.Collect$$rtexit$$00000002)
    .ARM.Collect$$rtexit$$00000003           0x08000254   Section        4  rtexit2.o(.ARM.Collect$$rtexit$$00000003)
    .ARM.Collect$$rtexit$$00000004           0x08000258   Section        6  rtexit2.o(.ARM.Collect$$rtexit$$00000004)
    .text                                    0x08000260   Section       64  startup_stm32f103xb.o(.text)
    .text                                    0x080002a0   Section        0  vsnprintf.o(.text)
    .text                                    0x080002dc   Section        0  heapauxi.o(.text)
    .text                                    0x080002e2   Section        0  _printf_pad.o(.text)
    .text                                    0x08000330   Section        0  _printf_truncate.o(.text)
    .text                                    0x08000354   Section        0  _printf_str.o(.text)
    .text                                    0x080003a8   Section        0  _printf_dec.o(.text)
    .text                                    0x08000420   Section        0  _printf_charcount.o(.text)
    _printf_input_char                       0x08000449   Thumb Code    10  _printf_char_common.o(.text)
    .text                                    0x08000448   Section        0  _printf_char_common.o(.text)
    .text                                    0x08000478   Section        0  _snputc.o(.text)
    .text                                    0x08000488   Section        0  _printf_wctomb.o(.text)
    .text                                    0x08000544   Section        0  _printf_longlong_dec.o(.text)
    _printf_longlong_oct_internal            0x080005c1   Thumb Code     0  _printf_oct_int_ll.o(.text)
    .text                                    0x080005c0   Section        0  _printf_oct_int_ll.o(.text)
    _printf_hex_common                       0x08000631   Thumb Code     0  _printf_hex_int_ll_ptr.o(.text)
    .text                                    0x08000630   Section        0  _printf_hex_int_ll_ptr.o(.text)
    .text                                    0x080006c4   Section        0  __printf_flags_ss_wp.o(.text)
    .text                                    0x0800084c   Section      138  lludiv10.o(.text)
    .text                                    0x080008d6   Section        0  _printf_intcommon.o(.text)
    _fp_digits                               0x08000989   Thumb Code   432  _printf_fp_dec.o(.text)
    .text                                    0x08000988   Section        0  _printf_fp_dec.o(.text)
    .text                                    0x08000da4   Section        0  _printf_fp_hex.o(.text)
    .text                                    0x080010a0   Section        0  _printf_char.o(.text)
    .text                                    0x080010cc   Section        0  _printf_wchar.o(.text)
    .text                                    0x080010f8   Section        0  _c16rtomb.o(.text)
    .text                                    0x08001140   Section       74  sys_stackheap_outer.o(.text)
    .text                                    0x0800118c   Section       16  rt_ctype_table.o(.text)
    .text                                    0x0800119c   Section        8  rt_locale_intlibspace.o(.text)
    .text                                    0x080011a4   Section        0  _printf_fp_infnan.o(.text)
    .text                                    0x08001224   Section        0  bigflt0.o(.text)
    .text                                    0x08001308   Section        0  exit.o(.text)
    .text                                    0x0800131c   Section        8  libspace.o(.text)
    .text                                    0x08001324   Section      128  strcmpv7m.o(.text)
    .text                                    0x080013a4   Section        0  sys_exit.o(.text)
    .text                                    0x080013b0   Section        2  use_no_semi.o(.text)
    .text                                    0x080013b2   Section        0  indicate_semi.o(.text)
    [Anonymous Symbol]                       0x080013b4   Section        0  stm32f1xx_it.o(.text.BusFault_Handler)
    [Anonymous Symbol]                       0x080013b8   Section        0  stm32f1xx_it.o(.text.DebugMon_Handler)
    [Anonymous Symbol]                       0x080013bc   Section        0  main.o(.text.Error_Handler)
    [Anonymous Symbol]                       0x080013c8   Section        0  stm32f1xx_hal_dma.o(.text.HAL_DMA_Abort)
    [Anonymous Symbol]                       0x08001410   Section        0  stm32f1xx_hal_dma.o(.text.HAL_DMA_Abort_IT)
    [Anonymous Symbol]                       0x080014c8   Section        0  stm32f1xx_hal.o(.text.HAL_Delay)
    [Anonymous Symbol]                       0x080014f0   Section        0  stm32f1xx_hal_gpio.o(.text.HAL_GPIO_Init)
    [Anonymous Symbol]                       0x08001700   Section        0  stm32f1xx_hal_gpio.o(.text.HAL_GPIO_WritePin)
    [Anonymous Symbol]                       0x0800170c   Section        0  stm32f1xx_hal.o(.text.HAL_GetTick)
    [Anonymous Symbol]                       0x08001718   Section        0  stm32f1xx_hal.o(.text.HAL_IncTick)
    [Anonymous Symbol]                       0x08001734   Section        0  stm32f1xx_hal.o(.text.HAL_Init)
    [Anonymous Symbol]                       0x0800175c   Section        0  stm32f1xx_hal.o(.text.HAL_InitTick)
    [Anonymous Symbol]                       0x080017a4   Section        0  stm32f1xx_hal_msp.o(.text.HAL_MspInit)
    [Anonymous Symbol]                       0x080017e8   Section        0  stm32f1xx_hal_cortex.o(.text.HAL_NVIC_EnableIRQ)
    [Anonymous Symbol]                       0x0800180c   Section        0  stm32f1xx_hal_cortex.o(.text.HAL_NVIC_SetPriority)
    [Anonymous Symbol]                       0x08001864   Section        0  stm32f1xx_hal_cortex.o(.text.HAL_NVIC_SetPriorityGrouping)
    [Anonymous Symbol]                       0x08001884   Section        0  stm32f1xx_hal_rcc.o(.text.HAL_RCC_ClockConfig)
    [Anonymous Symbol]                       0x08001a40   Section        0  stm32f1xx_hal_rcc.o(.text.HAL_RCC_GetPCLK1Freq)
    [Anonymous Symbol]                       0x08001a68   Section        0  stm32f1xx_hal_rcc.o(.text.HAL_RCC_GetPCLK2Freq)
    [Anonymous Symbol]                       0x08001a90   Section        0  stm32f1xx_hal_rcc.o(.text.HAL_RCC_OscConfig)
    [Anonymous Symbol]                       0x08001e90   Section        0  stm32f1xx_hal_spi.o(.text.HAL_SPI_Init)
    [Anonymous Symbol]                       0x08001f38   Section        0  spi.o(.text.HAL_SPI_MspInit)
    [Anonymous Symbol]                       0x08001fb4   Section        0  stm32f1xx_hal_spi.o(.text.HAL_SPI_TransmitReceive)
    [Anonymous Symbol]                       0x08002288   Section        0  stm32f1xx_hal_cortex.o(.text.HAL_SYSTICK_Config)
    [Anonymous Symbol]                       0x080022b4   Section        0  stm32f1xx_hal_uart.o(.text.HAL_UARTEx_RxEventCallback)
    [Anonymous Symbol]                       0x080022b8   Section        0  stm32f1xx_hal_uart.o(.text.HAL_UART_ErrorCallback)
    [Anonymous Symbol]                       0x080022bc   Section        0  stm32f1xx_hal_uart.o(.text.HAL_UART_IRQHandler)
    [Anonymous Symbol]                       0x0800282c   Section        0  stm32f1xx_hal_uart.o(.text.HAL_UART_Init)
    [Anonymous Symbol]                       0x08002910   Section        0  usart.o(.text.HAL_UART_MspInit)
    [Anonymous Symbol]                       0x0800299c   Section        0  stm32f1xx_hal_uart.o(.text.HAL_UART_RxCpltCallback)
    [Anonymous Symbol]                       0x080029a0   Section        0  stm32f1xx_hal_uart.o(.text.HAL_UART_Transmit)
    [Anonymous Symbol]                       0x08002b34   Section        0  stm32f1xx_hal_uart.o(.text.HAL_UART_TxCpltCallback)
    [Anonymous Symbol]                       0x08002b38   Section        0  stm32f1xx_it.o(.text.HardFault_Handler)
    [Anonymous Symbol]                       0x08002b3c   Section        0  gpio.o(.text.MX_GPIO_Init)
    [Anonymous Symbol]                       0x08002bb4   Section        0  spi.o(.text.MX_SPI1_Init)
    [Anonymous Symbol]                       0x08002c00   Section        0  usart.o(.text.MX_USART2_UART_Init)
    [Anonymous Symbol]                       0x08002c3c   Section        0  stm32f1xx_it.o(.text.MemManage_Handler)
    [Anonymous Symbol]                       0x08002c40   Section        0  stm32f1xx_it.o(.text.NMI_Handler)
    [Anonymous Symbol]                       0x08002c44   Section        0  nrf24l01.o(.text.NRF24L01_Init)
    [Anonymous Symbol]                       0x08002ed8   Section        0  nrf24l01.o(.text.NRF24L01_SPI_RW)
    [Anonymous Symbol]                       0x08002fd8   Section        0  stm32f1xx_it.o(.text.PendSV_Handler)
    SPI_WaitFlagStateUntilTimeout            0x08002fdd   Thumb Code   288  stm32f1xx_hal_spi.o(.text.SPI_WaitFlagStateUntilTimeout)
    [Anonymous Symbol]                       0x08002fdc   Section        0  stm32f1xx_hal_spi.o(.text.SPI_WaitFlagStateUntilTimeout)
    [Anonymous Symbol]                       0x080030fc   Section        0  stm32f1xx_it.o(.text.SVC_Handler)
    [Anonymous Symbol]                       0x08003100   Section        0  stm32f1xx_it.o(.text.SysTick_Handler)
    [Anonymous Symbol]                       0x08003104   Section        0  system_stm32f1xx.o(.text.SystemInit)
    UART_DMAAbortOnError                     0x08003109   Thumb Code    12  stm32f1xx_hal_uart.o(.text.UART_DMAAbortOnError)
    [Anonymous Symbol]                       0x08003108   Section        0  stm32f1xx_hal_uart.o(.text.UART_DMAAbortOnError)
    UART_Receive_IT                          0x08003115   Thumb Code   254  stm32f1xx_hal_uart.o(.text.UART_Receive_IT)
    [Anonymous Symbol]                       0x08003114   Section        0  stm32f1xx_hal_uart.o(.text.UART_Receive_IT)
    [Anonymous Symbol]                       0x08003214   Section        0  stm32f1xx_it.o(.text.USART2_IRQHandler)
    [Anonymous Symbol]                       0x08003220   Section        0  stm32f1xx_it.o(.text.UsageFault_Handler)
    [Anonymous Symbol]                       0x08003224   Section        0  debug_uart.o(.text.debug_printf)
    [Anonymous Symbol]                       0x08003270   Section        0  main.o(.text.main)
    CL$$btod_d2e                             0x080032ea   Section       62  btod.o(CL$$btod_d2e)
    CL$$btod_d2e_denorm_low                  0x08003328   Section       70  btod.o(CL$$btod_d2e_denorm_low)
    CL$$btod_d2e_norm_op1                    0x0800336e   Section       96  btod.o(CL$$btod_d2e_norm_op1)
    CL$$btod_div_common                      0x080033d0   Section      824  btod.o(CL$$btod_div_common)
    CL$$btod_e2e                             0x08003708   Section      220  btod.o(CL$$btod_e2e)
    CL$$btod_ediv                            0x080037e4   Section       42  btod.o(CL$$btod_ediv)
    CL$$btod_emul                            0x0800380e   Section       42  btod.o(CL$$btod_emul)
    CL$$btod_mult_common                     0x08003838   Section      580  btod.o(CL$$btod_mult_common)
    i.__ARM_fpclassify                       0x08003a7c   Section        0  fpclassify.o(i.__ARM_fpclassify)
    i._is_digit                              0x08003aa4   Section        0  __printf_wp.o(i._is_digit)
    locale$$code                             0x08003ab4   Section       44  lc_numeric_c.o(locale$$code)
    locale$$code                             0x08003ae0   Section       44  lc_ctype_c.o(locale$$code)
    x$fpl$printf1                            0x08003b0c   Section        4  printf1.o(x$fpl$printf1)
    x$fpl$printf2                            0x08003b10   Section        4  printf2.o(x$fpl$printf2)
    initial_mbstate                          0x08003b14   Data           8  _printf_wctomb.o(.constdata)
    .constdata                               0x08003b14   Section        8  _printf_wctomb.o(.constdata)
    x$fpl$usenofp                            0x08003b14   Section        0  usenofp.o(x$fpl$usenofp)
    uc_hextab                                0x08003b1c   Data          20  _printf_hex_int_ll_ptr.o(.constdata)
    .constdata                               0x08003b1c   Section       40  _printf_hex_int_ll_ptr.o(.constdata)
    lc_hextab                                0x08003b30   Data          20  _printf_hex_int_ll_ptr.o(.constdata)
    maptable                                 0x08003b44   Data          17  __printf_flags_ss_wp.o(.constdata)
    .constdata                               0x08003b44   Section       17  __printf_flags_ss_wp.o(.constdata)
    lc_hextab                                0x08003b55   Data          19  _printf_fp_hex.o(.constdata)
    .constdata                               0x08003b55   Section       38  _printf_fp_hex.o(.constdata)
    uc_hextab                                0x08003b68   Data          19  _printf_fp_hex.o(.constdata)
    tenpwrs_x                                0x08003b7c   Data          60  bigflt0.o(.constdata)
    .constdata                               0x08003b7c   Section      148  bigflt0.o(.constdata)
    tenpwrs_i                                0x08003bb8   Data          64  bigflt0.o(.constdata)
    HAL_RCC_GetSysClockFreq.aPredivFactorTable 0x08003c28   Data           2  stm32f1xx_hal_rcc.o(.rodata.HAL_RCC_GetSysClockFreq.aPredivFactorTable)
    [Anonymous Symbol]                       0x08003c28   Section        0  stm32f1xx_hal_rcc.o(.rodata.HAL_RCC_GetSysClockFreq.aPredivFactorTable)
    HAL_RCC_GetSysClockFreq.aPLLMULFactorTable 0x08003c2a   Data          16  stm32f1xx_hal_rcc.o(.rodata.cst16)
    [Anonymous Symbol]                       0x08003c2a   Section        0  stm32f1xx_hal_rcc.o(.rodata.cst16)
    [Anonymous Symbol]                       0x08003c3a   Section        0  nrf24l01.o(.rodata.str1.1)
    .L.str.11                                0x08003c5f   Data          70  nrf24l01.o(.rodata.str1.1)
    .L.str.4                                 0x08003c78   Data          37  nrf24l01.o(.rodata.str1.1)
    .L.str.5                                 0x08003c9d   Data          43  nrf24l01.o(.rodata.str1.1)
    .L.str.15                                0x08003ca5   Data          71  nrf24l01.o(.rodata.str1.1)
    .L.str.6                                 0x08003cc8   Data           8  nrf24l01.o(.rodata.str1.1)
    .L.str.7                                 0x08003cd0   Data           3  nrf24l01.o(.rodata.str1.1)
    .L.str.12                                0x08003cec   Data          49  nrf24l01.o(.rodata.str1.1)
    .L.str.2                                 0x08003d1d   Data          62  nrf24l01.o(.rodata.str1.1)
    locale$$data                             0x08003db0   Section       28  lc_numeric_c.o(locale$$data)
    __lcnum_c_name                           0x08003db4   Data           2  lc_numeric_c.o(locale$$data)
    __lcnum_c_start                          0x08003dbc   Data           0  lc_numeric_c.o(locale$$data)
    __lcnum_c_point                          0x08003dc8   Data           0  lc_numeric_c.o(locale$$data)
    __lcnum_c_thousands                      0x08003dca   Data           0  lc_numeric_c.o(locale$$data)
    __lcnum_c_grouping                       0x08003dcb   Data           0  lc_numeric_c.o(locale$$data)
    __lcnum_c_end                            0x08003dcc   Data           0  lc_numeric_c.o(locale$$data)
    locale$$data                             0x08003dcc   Section      272  lc_ctype_c.o(locale$$data)
    __lcctype_c_name                         0x08003dd0   Data           2  lc_ctype_c.o(locale$$data)
    __lcctype_c_start                        0x08003dd8   Data           0  lc_ctype_c.o(locale$$data)
    __lcctype_c_end                          0x08003edc   Data           0  lc_ctype_c.o(locale$$data)
    .L_MergedGlobals                         0x20000000   Data           8  stm32f1xx_hal.o(.data..L_MergedGlobals)
    [Anonymous Symbol]                       0x20000000   Section        0  stm32f1xx_hal.o(.data..L_MergedGlobals)
    .bss                                     0x20000010   Section       96  libspace.o(.bss)
    debug_buf                                0x20000070   Data         256  debug_uart.o(.bss.debug_buf)
    [Anonymous Symbol]                       0x20000070   Section        0  debug_uart.o(.bss.debug_buf)
    Heap_Mem                                 0x20000218   Data         512  startup_stm32f103xb.o(HEAP)
    HEAP                                     0x20000218   Section      512  startup_stm32f103xb.o(HEAP)
    Stack_Mem                                0x20000418   Data        1024  startup_stm32f103xb.o(STACK)
    STACK                                    0x20000418   Section     1024  startup_stm32f103xb.o(STACK)
    __initial_sp                             0x20000818   Data           0  startup_stm32f103xb.o(STACK)

    Global Symbols

    Symbol Name                              Value     Ov Type        Size  Object(Section)

    BuildAttributes$$THM_ISAv4$P$D$K$B$S$PE$A:L22UL41UL21$X:L11$S22US41US21$IEEE1$IW$~IW$USESV6$~STKCKD$USESV7$~SHL$OTIME$ROPI$IEEEJ$EBA8$UX$STANDARDLIB$REQ8$PRES8$EABIv2 0x00000000   Number         0  anon$$obj.o ABSOLUTE
    __fp_init_empty                          0x00000000   Number         0  fpinit_empty.o ABSOLUTE
    _printf_flags                            0x00000000   Number         0  printf_stubs.o ABSOLUTE
    _printf_return_value                     0x00000000   Number         0  printf_stubs.o ABSOLUTE
    _printf_sizespec                         0x00000000   Number         0  printf_stubs.o ABSOLUTE
    _printf_widthprec                        0x00000000   Number         0  printf_stubs.o ABSOLUTE
    __ARM_exceptions_init                     - Undefined Weak Reference
    __alloca_initialize                       - Undefined Weak Reference
    __arm_preinit_                            - Undefined Weak Reference
    __arm_relocate_pie_                       - Undefined Weak Reference
    __cpp_initialize__aeabi_                  - Undefined Weak Reference
    __cxa_finalize                            - Undefined Weak Reference
    __sigvec_lookup                           - Undefined Weak Reference
    _atexit_init                              - Undefined Weak Reference
    _call_atexit_fns                          - Undefined Weak Reference
    _clock_init                               - Undefined Weak Reference
    _fp_trap_init                             - Undefined Weak Reference
    _fp_trap_shutdown                         - Undefined Weak Reference
    _get_lc_collate                           - Undefined Weak Reference
    _get_lc_monetary                          - Undefined Weak Reference
    _get_lc_time                              - Undefined Weak Reference
    _getenv_init                              - Undefined Weak Reference
    _handle_redirection                       - Undefined Weak Reference
    _init_alloc                               - Undefined Weak Reference
    _init_user_alloc                          - Undefined Weak Reference
    _initio                                   - Undefined Weak Reference
    _printf_mbtowc                            - Undefined Weak Reference
    _printf_wc                                - Undefined Weak Reference
    _rand_init                                - Undefined Weak Reference
    _signal_finish                            - Undefined Weak Reference
    _signal_init                              - Undefined Weak Reference
    _terminate_alloc                          - Undefined Weak Reference
    _terminate_user_alloc                     - Undefined Weak Reference
    _terminateio                              - Undefined Weak Reference
    __Vectors_Size                           0x000000ec   Number         0  startup_stm32f103xb.o ABSOLUTE
    __Vectors                                0x08000000   Data           4  startup_stm32f103xb.o(RESET)
    __Vectors_End                            0x080000ec   Data           0  startup_stm32f103xb.o(RESET)
    __main                                   0x080000ed   Thumb Code     8  __main.o(!!!main)
    __scatterload                            0x080000f5   Thumb Code     0  __scatter.o(!!!scatter)
    __scatterload_rt2                        0x080000f5   Thumb Code    84  __scatter.o(!!!scatter)
    __scatterload_rt2_thumb_only             0x080000f5   Thumb Code     0  __scatter.o(!!!scatter)
    __scatterload_loop                       0x080000ff   Thumb Code     0  __scatter.o(!!!scatter)
    __scatterload_copy                       0x08000151   Thumb Code    26  __scatter_copy.o(!!handler_copy)
    __scatterload_null                       0x0800016d   Thumb Code     2  __scatter.o(!!handler_null)
    __scatterload_zeroinit                   0x08000171   Thumb Code    28  __scatter_zi.o(!!handler_zi)
    _printf_n                                0x0800018d   Thumb Code     0  _printf_n.o(.ARM.Collect$$_printf_percent$$00000001)
    _printf_percent                          0x0800018d   Thumb Code     0  _printf_percent.o(.ARM.Collect$$_printf_percent$$00000000)
    _printf_p                                0x08000193   Thumb Code     0  _printf_p.o(.ARM.Collect$$_printf_percent$$00000002)
    _printf_f                                0x08000199   Thumb Code     0  _printf_f.o(.ARM.Collect$$_printf_percent$$00000003)
    _printf_e                                0x0800019f   Thumb Code     0  _printf_e.o(.ARM.Collect$$_printf_percent$$00000004)
    _printf_g                                0x080001a5   Thumb Code     0  _printf_g.o(.ARM.Collect$$_printf_percent$$00000005)
    _printf_a                                0x080001ab   Thumb Code     0  _printf_a.o(.ARM.Collect$$_printf_percent$$00000006)
    _printf_ll                               0x080001b1   Thumb Code     0  _printf_ll.o(.ARM.Collect$$_printf_percent$$00000007)
    _printf_i                                0x080001bb   Thumb Code     0  _printf_i.o(.ARM.Collect$$_printf_percent$$00000008)
    _printf_d                                0x080001c1   Thumb Code     0  _printf_d.o(.ARM.Collect$$_printf_percent$$00000009)
    _printf_u                                0x080001c7   Thumb Code     0  _printf_u.o(.ARM.Collect$$_printf_percent$$0000000A)
    _printf_o                                0x080001cd   Thumb Code     0  _printf_o.o(.ARM.Collect$$_printf_percent$$0000000B)
    _printf_x                                0x080001d3   Thumb Code     0  _printf_x.o(.ARM.Collect$$_printf_percent$$0000000C)
    _printf_lli                              0x080001d9   Thumb Code     0  _printf_lli.o(.ARM.Collect$$_printf_percent$$0000000D)
    _printf_lld                              0x080001df   Thumb Code     0  _printf_lld.o(.ARM.Collect$$_printf_percent$$0000000E)
    _printf_llu                              0x080001e5   Thumb Code     0  _printf_llu.o(.ARM.Collect$$_printf_percent$$0000000F)
    _printf_llo                              0x080001eb   Thumb Code     0  _printf_llo.o(.ARM.Collect$$_printf_percent$$00000010)
    _printf_llx                              0x080001f1   Thumb Code     0  _printf_llx.o(.ARM.Collect$$_printf_percent$$00000011)
    _printf_l                                0x080001f7   Thumb Code     0  _printf_l.o(.ARM.Collect$$_printf_percent$$00000012)
    _printf_c                                0x08000201   Thumb Code     0  _printf_c.o(.ARM.Collect$$_printf_percent$$00000013)
    _printf_s                                0x08000207   Thumb Code     0  _printf_s.o(.ARM.Collect$$_printf_percent$$00000014)
    _printf_lc                               0x0800020d   Thumb Code     0  _printf_lc.o(.ARM.Collect$$_printf_percent$$00000015)
    _printf_ls                               0x08000213   Thumb Code     0  _printf_ls.o(.ARM.Collect$$_printf_percent$$00000016)
    _printf_percent_end                      0x08000219   Thumb Code     0  _printf_percent_end.o(.ARM.Collect$$_printf_percent$$00000017)
    __rt_lib_init                            0x0800021d   Thumb Code     0  libinit.o(.ARM.Collect$$libinit$$00000000)
    __rt_lib_init_fp_1                       0x0800021f   Thumb Code     0  libinit2.o(.ARM.Collect$$libinit$$00000002)
    __rt_lib_init_heap_1                     0x0800021f   Thumb Code     0  libinit2.o(.ARM.Collect$$libinit$$0000000C)
    __rt_lib_init_lc_common                  0x0800021f   Thumb Code     0  libinit2.o(.ARM.Collect$$libinit$$00000011)
    __rt_lib_init_preinit_1                  0x0800021f   Thumb Code     0  libinit2.o(.ARM.Collect$$libinit$$00000006)
    __rt_lib_init_rand_1                     0x0800021f   Thumb Code     0  libinit2.o(.ARM.Collect$$libinit$$00000010)
    __rt_lib_init_relocate_pie_1             0x0800021f   Thumb Code     0  libinit2.o(.ARM.Collect$$libinit$$00000004)
    __rt_lib_init_user_alloc_1               0x0800021f   Thumb Code     0  libinit2.o(.ARM.Collect$$libinit$$0000000E)
    __rt_lib_init_lc_collate_1               0x08000225   Thumb Code     0  libinit2.o(.ARM.Collect$$libinit$$00000013)
    __rt_lib_init_lc_ctype_2                 0x08000225   Thumb Code     0  libinit2.o(.ARM.Collect$$libinit$$00000014)
    __rt_lib_init_lc_ctype_1                 0x08000231   Thumb Code     0  libinit2.o(.ARM.Collect$$libinit$$00000015)
    __rt_lib_init_lc_monetary_1              0x08000231   Thumb Code     0  libinit2.o(.ARM.Collect$$libinit$$00000017)
    __rt_lib_init_lc_numeric_2               0x08000231   Thumb Code     0  libinit2.o(.ARM.Collect$$libinit$$00000018)
    __rt_lib_init_alloca_1                   0x0800023b   Thumb Code     0  libinit2.o(.ARM.Collect$$libinit$$00000030)
    __rt_lib_init_argv_1                     0x0800023b   Thumb Code     0  libinit2.o(.ARM.Collect$$libinit$$0000002E)
    __rt_lib_init_atexit_1                   0x0800023b   Thumb Code     0  libinit2.o(.ARM.Collect$$libinit$$0000001D)
    __rt_lib_init_clock_1                    0x0800023b   Thumb Code     0  libinit2.o(.ARM.Collect$$libinit$$00000023)
    __rt_lib_init_cpp_1                      0x0800023b   Thumb Code     0  libinit2.o(.ARM.Collect$$libinit$$00000034)
    __rt_lib_init_exceptions_1               0x0800023b   Thumb Code     0  libinit2.o(.ARM.Collect$$libinit$$00000032)
    __rt_lib_init_fp_trap_1                  0x0800023b   Thumb Code     0  libinit2.o(.ARM.Collect$$libinit$$00000021)
    __rt_lib_init_getenv_1                   0x0800023b   Thumb Code     0  libinit2.o(.ARM.Collect$$libinit$$00000025)
    __rt_lib_init_lc_numeric_1               0x0800023b   Thumb Code     0  libinit2.o(.ARM.Collect$$libinit$$00000019)
    __rt_lib_init_lc_time_1                  0x0800023b   Thumb Code     0  libinit2.o(.ARM.Collect$$libinit$$0000001B)
    __rt_lib_init_return                     0x0800023b   Thumb Code     0  libinit2.o(.ARM.Collect$$libinit$$00000035)
    __rt_lib_init_signal_1                   0x0800023b   Thumb Code     0  libinit2.o(.ARM.Collect$$libinit$$0000001F)
    __rt_lib_init_stdio_1                    0x0800023b   Thumb Code     0  libinit2.o(.ARM.Collect$$libinit$$00000027)
    __rt_lib_shutdown                        0x0800023d   Thumb Code     0  libshutdown.o(.ARM.Collect$$libshutdown$$00000000)
    __rt_lib_shutdown_cpp_1                  0x0800023f   Thumb Code     0  libshutdown2.o(.ARM.Collect$$libshutdown$$00000002)
    __rt_lib_shutdown_fp_trap_1              0x0800023f   Thumb Code     0  libshutdown2.o(.ARM.Collect$$libshutdown$$00000007)
    __rt_lib_shutdown_heap_1                 0x0800023f   Thumb Code     0  libshutdown2.o(.ARM.Collect$$libshutdown$$0000000F)
    __rt_lib_shutdown_return                 0x0800023f   Thumb Code     0  libshutdown2.o(.ARM.Collect$$libshutdown$$00000010)
    __rt_lib_shutdown_signal_1               0x0800023f   Thumb Code     0  libshutdown2.o(.ARM.Collect$$libshutdown$$0000000A)
    __rt_lib_shutdown_stdio_1                0x0800023f   Thumb Code     0  libshutdown2.o(.ARM.Collect$$libshutdown$$00000004)
    __rt_lib_shutdown_user_alloc_1           0x0800023f   Thumb Code     0  libshutdown2.o(.ARM.Collect$$libshutdown$$0000000C)
    __rt_entry                               0x08000241   Thumb Code     0  __rtentry.o(.ARM.Collect$$rtentry$$00000000)
    __rt_entry_presh_1                       0x08000241   Thumb Code     0  __rtentry2.o(.ARM.Collect$$rtentry$$00000002)
    __rt_entry_sh                            0x08000241   Thumb Code     0  __rtentry4.o(.ARM.Collect$$rtentry$$00000004)
    __rt_entry_li                            0x08000247   Thumb Code     0  __rtentry2.o(.ARM.Collect$$rtentry$$0000000A)
    __rt_entry_postsh_1                      0x08000247   Thumb Code     0  __rtentry2.o(.ARM.Collect$$rtentry$$00000009)
    __rt_entry_main                          0x0800024b   Thumb Code     0  __rtentry2.o(.ARM.Collect$$rtentry$$0000000D)
    __rt_entry_postli_1                      0x0800024b   Thumb Code     0  __rtentry2.o(.ARM.Collect$$rtentry$$0000000C)
    __rt_exit                                0x08000253   Thumb Code     0  rtexit.o(.ARM.Collect$$rtexit$$00000000)
    __rt_exit_ls                             0x08000255   Thumb Code     0  rtexit2.o(.ARM.Collect$$rtexit$$00000003)
    __rt_exit_prels_1                        0x08000255   Thumb Code     0  rtexit2.o(.ARM.Collect$$rtexit$$00000002)
    __rt_exit_exit                           0x08000259   Thumb Code     0  rtexit2.o(.ARM.Collect$$rtexit$$00000004)
    Reset_Handler                            0x08000261   Thumb Code     8  startup_stm32f103xb.o(.text)
    ADC1_2_IRQHandler                        0x0800027b   Thumb Code     0  startup_stm32f103xb.o(.text)
    CAN1_RX1_IRQHandler                      0x0800027b   Thumb Code     0  startup_stm32f103xb.o(.text)
    CAN1_SCE_IRQHandler                      0x0800027b   Thumb Code     0  startup_stm32f103xb.o(.text)
    DMA1_Channel1_IRQHandler                 0x0800027b   Thumb Code     0  startup_stm32f103xb.o(.text)
    DMA1_Channel2_IRQHandler                 0x0800027b   Thumb Code     0  startup_stm32f103xb.o(.text)
    DMA1_Channel3_IRQHandler                 0x0800027b   Thumb Code     0  startup_stm32f103xb.o(.text)
    DMA1_Channel4_IRQHandler                 0x0800027b   Thumb Code     0  startup_stm32f103xb.o(.text)
    DMA1_Channel5_IRQHandler                 0x0800027b   Thumb Code     0  startup_stm32f103xb.o(.text)
    DMA1_Channel6_IRQHandler                 0x0800027b   Thumb Code     0  startup_stm32f103xb.o(.text)
    DMA1_Channel7_IRQHandler                 0x0800027b   Thumb Code     0  startup_stm32f103xb.o(.text)
    EXTI0_IRQHandler                         0x0800027b   Thumb Code     0  startup_stm32f103xb.o(.text)
    EXTI15_10_IRQHandler                     0x0800027b   Thumb Code     0  startup_stm32f103xb.o(.text)
    EXTI1_IRQHandler                         0x0800027b   Thumb Code     0  startup_stm32f103xb.o(.text)
    EXTI2_IRQHandler                         0x0800027b   Thumb Code     0  startup_stm32f103xb.o(.text)
    EXTI3_IRQHandler                         0x0800027b   Thumb Code     0  startup_stm32f103xb.o(.text)
    EXTI4_IRQHandler                         0x0800027b   Thumb Code     0  startup_stm32f103xb.o(.text)
    EXTI9_5_IRQHandler                       0x0800027b   Thumb Code     0  startup_stm32f103xb.o(.text)
    FLASH_IRQHandler                         0x0800027b   Thumb Code     0  startup_stm32f103xb.o(.text)
    I2C1_ER_IRQHandler                       0x0800027b   Thumb Code     0  startup_stm32f103xb.o(.text)
    I2C1_EV_IRQHandler                       0x0800027b   Thumb Code     0  startup_stm32f103xb.o(.text)
    I2C2_ER_IRQHandler                       0x0800027b   Thumb Code     0  startup_stm32f103xb.o(.text)
    I2C2_EV_IRQHandler                       0x0800027b   Thumb Code     0  startup_stm32f103xb.o(.text)
    PVD_IRQHandler                           0x0800027b   Thumb Code     0  startup_stm32f103xb.o(.text)
    RCC_IRQHandler                           0x0800027b   Thumb Code     0  startup_stm32f103xb.o(.text)
    RTC_Alarm_IRQHandler                     0x0800027b   Thumb Code     0  startup_stm32f103xb.o(.text)
    RTC_IRQHandler                           0x0800027b   Thumb Code     0  startup_stm32f103xb.o(.text)
    SPI1_IRQHandler                          0x0800027b   Thumb Code     0  startup_stm32f103xb.o(.text)
    SPI2_IRQHandler                          0x0800027b   Thumb Code     0  startup_stm32f103xb.o(.text)
    TAMPER_IRQHandler                        0x0800027b   Thumb Code     0  startup_stm32f103xb.o(.text)
    TIM1_BRK_IRQHandler                      0x0800027b   Thumb Code     0  startup_stm32f103xb.o(.text)
    TIM1_CC_IRQHandler                       0x0800027b   Thumb Code     0  startup_stm32f103xb.o(.text)
    TIM1_TRG_COM_IRQHandler                  0x0800027b   Thumb Code     0  startup_stm32f103xb.o(.text)
    TIM1_UP_IRQHandler                       0x0800027b   Thumb Code     0  startup_stm32f103xb.o(.text)
    TIM2_IRQHandler                          0x0800027b   Thumb Code     0  startup_stm32f103xb.o(.text)
    TIM3_IRQHandler                          0x0800027b   Thumb Code     0  startup_stm32f103xb.o(.text)
    TIM4_IRQHandler                          0x0800027b   Thumb Code     0  startup_stm32f103xb.o(.text)
    USART1_IRQHandler                        0x0800027b   Thumb Code     0  startup_stm32f103xb.o(.text)
    USART3_IRQHandler                        0x0800027b   Thumb Code     0  startup_stm32f103xb.o(.text)
    USBWakeUp_IRQHandler                     0x0800027b   Thumb Code     0  startup_stm32f103xb.o(.text)
    USB_HP_CAN1_TX_IRQHandler                0x0800027b   Thumb Code     0  startup_stm32f103xb.o(.text)
    USB_LP_CAN1_RX0_IRQHandler               0x0800027b   Thumb Code     0  startup_stm32f103xb.o(.text)
    WWDG_IRQHandler                          0x0800027b   Thumb Code     0  startup_stm32f103xb.o(.text)
    __user_initial_stackheap                 0x0800027d   Thumb Code     0  startup_stm32f103xb.o(.text)
    vsnprintf                                0x080002a1   Thumb Code    56  vsnprintf.o(.text)
    __use_two_region_memory                  0x080002dd   Thumb Code     2  heapauxi.o(.text)
    __rt_heap_escrow$2region                 0x080002df   Thumb Code     2  heapauxi.o(.text)
    __rt_heap_expand$2region                 0x080002e1   Thumb Code     2  heapauxi.o(.text)
    _printf_pre_padding                      0x080002e3   Thumb Code    44  _printf_pad.o(.text)
    _printf_post_padding                     0x0800030f   Thumb Code    34  _printf_pad.o(.text)
    _printf_truncate_signed                  0x08000331   Thumb Code    18  _printf_truncate.o(.text)
    _printf_truncate_unsigned                0x08000343   Thumb Code    18  _printf_truncate.o(.text)
    _printf_str                              0x08000355   Thumb Code    82  _printf_str.o(.text)
    _printf_int_dec                          0x080003a9   Thumb Code   104  _printf_dec.o(.text)
    _printf_charcount                        0x08000421   Thumb Code    40  _printf_charcount.o(.text)
    _printf_char_common                      0x08000453   Thumb Code    32  _printf_char_common.o(.text)
    _snputc                                  0x08000479   Thumb Code    16  _snputc.o(.text)
    _printf_wctomb                           0x08000489   Thumb Code   182  _printf_wctomb.o(.text)
    _printf_longlong_dec                     0x08000545   Thumb Code   108  _printf_longlong_dec.o(.text)
    _printf_longlong_oct                     0x080005c1   Thumb Code    68  _printf_oct_int_ll.o(.text)
    _printf_int_oct                          0x08000605   Thumb Code    24  _printf_oct_int_ll.o(.text)
    _printf_ll_oct                           0x0800061d   Thumb Code    12  _printf_oct_int_ll.o(.text)
    _printf_longlong_hex                     0x08000631   Thumb Code    86  _printf_hex_int_ll_ptr.o(.text)
    _printf_int_hex                          0x08000687   Thumb Code    28  _printf_hex_int_ll_ptr.o(.text)
    _printf_ll_hex                           0x080006a3   Thumb Code    12  _printf_hex_int_ll_ptr.o(.text)
    _printf_hex_ptr                          0x080006af   Thumb Code    18  _printf_hex_int_ll_ptr.o(.text)
    __printf                                 0x080006c5   Thumb Code   388  __printf_flags_ss_wp.o(.text)
    _ll_udiv10                               0x0800084d   Thumb Code   138  lludiv10.o(.text)
    _printf_int_common                       0x080008d7   Thumb Code   178  _printf_intcommon.o(.text)
    _printf_fp_dec_real                      0x08000b39   Thumb Code   620  _printf_fp_dec.o(.text)
    _printf_fp_hex_real                      0x08000da5   Thumb Code   756  _printf_fp_hex.o(.text)
    _printf_cs_common                        0x080010a1   Thumb Code    20  _printf_char.o(.text)
    _printf_char                             0x080010b5   Thumb Code    16  _printf_char.o(.text)
    _printf_string                           0x080010c5   Thumb Code     8  _printf_char.o(.text)
    _printf_lcs_common                       0x080010cd   Thumb Code    20  _printf_wchar.o(.text)
    _printf_wchar                            0x080010e1   Thumb Code    16  _printf_wchar.o(.text)
    _printf_wstring                          0x080010f1   Thumb Code     8  _printf_wchar.o(.text)
    _c16rtomb                                0x080010f9   Thumb Code    72  _c16rtomb.o(.text)
    _wcrtomb                                 0x080010f9   Thumb Code     0  _c16rtomb.o(.text)
    __user_setup_stackheap                   0x08001141   Thumb Code    74  sys_stackheap_outer.o(.text)
    __rt_ctype_table                         0x0800118d   Thumb Code    16  rt_ctype_table.o(.text)
    __rt_locale                              0x0800119d   Thumb Code     8  rt_locale_intlibspace.o(.text)
    _printf_fp_infnan                        0x080011a5   Thumb Code   112  _printf_fp_infnan.o(.text)
    _btod_etento                             0x08001225   Thumb Code   224  bigflt0.o(.text)
    exit                                     0x08001309   Thumb Code    18  exit.o(.text)
    __user_libspace                          0x0800131d   Thumb Code     8  libspace.o(.text)
    __user_perproc_libspace                  0x0800131d   Thumb Code     0  libspace.o(.text)
    __user_perthread_libspace                0x0800131d   Thumb Code     0  libspace.o(.text)
    strcmp                                   0x08001325   Thumb Code   128  strcmpv7m.o(.text)
    _sys_exit                                0x080013a5   Thumb Code     8  sys_exit.o(.text)
    __I$use$semihosting                      0x080013b1   Thumb Code     0  use_no_semi.o(.text)
    __use_no_semihosting_swi                 0x080013b1   Thumb Code     2  use_no_semi.o(.text)
    __semihosting_library_function           0x080013b3   Thumb Code     0  indicate_semi.o(.text)
    BusFault_Handler                         0x080013b5   Thumb Code     2  stm32f1xx_it.o(.text.BusFault_Handler)
    DebugMon_Handler                         0x080013b9   Thumb Code     2  stm32f1xx_it.o(.text.DebugMon_Handler)
    Error_Handler                            0x080013bd   Thumb Code    10  main.o(.text.Error_Handler)
    HAL_DMA_Abort                            0x080013c9   Thumb Code    70  stm32f1xx_hal_dma.o(.text.HAL_DMA_Abort)
    HAL_DMA_Abort_IT                         0x08001411   Thumb Code   182  stm32f1xx_hal_dma.o(.text.HAL_DMA_Abort_IT)
    HAL_Delay                                0x080014c9   Thumb Code    40  stm32f1xx_hal.o(.text.HAL_Delay)
    HAL_GPIO_Init                            0x080014f1   Thumb Code   526  stm32f1xx_hal_gpio.o(.text.HAL_GPIO_Init)
    HAL_GPIO_WritePin                        0x08001701   Thumb Code    10  stm32f1xx_hal_gpio.o(.text.HAL_GPIO_WritePin)
    HAL_GetTick                              0x0800170d   Thumb Code    12  stm32f1xx_hal.o(.text.HAL_GetTick)
    HAL_IncTick                              0x08001719   Thumb Code    26  stm32f1xx_hal.o(.text.HAL_IncTick)
    HAL_Init                                 0x08001735   Thumb Code    38  stm32f1xx_hal.o(.text.HAL_Init)
    HAL_InitTick                             0x0800175d   Thumb Code    72  stm32f1xx_hal.o(.text.HAL_InitTick)
    HAL_MspInit                              0x080017a5   Thumb Code    66  stm32f1xx_hal_msp.o(.text.HAL_MspInit)
    HAL_NVIC_EnableIRQ                       0x080017e9   Thumb Code    34  stm32f1xx_hal_cortex.o(.text.HAL_NVIC_EnableIRQ)
    HAL_NVIC_SetPriority                     0x0800180d   Thumb Code    86  stm32f1xx_hal_cortex.o(.text.HAL_NVIC_SetPriority)
    HAL_NVIC_SetPriorityGrouping             0x08001865   Thumb Code    32  stm32f1xx_hal_cortex.o(.text.HAL_NVIC_SetPriorityGrouping)
    HAL_RCC_ClockConfig                      0x08001885   Thumb Code   442  stm32f1xx_hal_rcc.o(.text.HAL_RCC_ClockConfig)
    HAL_RCC_GetPCLK1Freq                     0x08001a41   Thumb Code    38  stm32f1xx_hal_rcc.o(.text.HAL_RCC_GetPCLK1Freq)
    HAL_RCC_GetPCLK2Freq                     0x08001a69   Thumb Code    38  stm32f1xx_hal_rcc.o(.text.HAL_RCC_GetPCLK2Freq)
    HAL_RCC_OscConfig                        0x08001a91   Thumb Code  1024  stm32f1xx_hal_rcc.o(.text.HAL_RCC_OscConfig)
    HAL_SPI_Init                             0x08001e91   Thumb Code   168  stm32f1xx_hal_spi.o(.text.HAL_SPI_Init)
    HAL_SPI_MspInit                          0x08001f39   Thumb Code   122  spi.o(.text.HAL_SPI_MspInit)
    HAL_SPI_TransmitReceive                  0x08001fb5   Thumb Code   722  stm32f1xx_hal_spi.o(.text.HAL_SPI_TransmitReceive)
    HAL_SYSTICK_Config                       0x08002289   Thumb Code    44  stm32f1xx_hal_cortex.o(.text.HAL_SYSTICK_Config)
    HAL_UARTEx_RxEventCallback               0x080022b5   Thumb Code     2  stm32f1xx_hal_uart.o(.text.HAL_UARTEx_RxEventCallback)
    HAL_UART_ErrorCallback                   0x080022b9   Thumb Code     2  stm32f1xx_hal_uart.o(.text.HAL_UART_ErrorCallback)
    HAL_UART_IRQHandler                      0x080022bd   Thumb Code  1392  stm32f1xx_hal_uart.o(.text.HAL_UART_IRQHandler)
    HAL_UART_Init                            0x0800282d   Thumb Code   226  stm32f1xx_hal_uart.o(.text.HAL_UART_Init)
    HAL_UART_MspInit                         0x08002911   Thumb Code   138  usart.o(.text.HAL_UART_MspInit)
    HAL_UART_RxCpltCallback                  0x0800299d   Thumb Code     2  stm32f1xx_hal_uart.o(.text.HAL_UART_RxCpltCallback)
    HAL_UART_Transmit                        0x080029a1   Thumb Code   402  stm32f1xx_hal_uart.o(.text.HAL_UART_Transmit)
    HAL_UART_TxCpltCallback                  0x08002b35   Thumb Code     2  stm32f1xx_hal_uart.o(.text.HAL_UART_TxCpltCallback)
    HardFault_Handler                        0x08002b39   Thumb Code     2  stm32f1xx_it.o(.text.HardFault_Handler)
    MX_GPIO_Init                             0x08002b3d   Thumb Code   120  gpio.o(.text.MX_GPIO_Init)
    MX_SPI1_Init                             0x08002bb5   Thumb Code    76  spi.o(.text.MX_SPI1_Init)
    MX_USART2_UART_Init                      0x08002c01   Thumb Code    60  usart.o(.text.MX_USART2_UART_Init)
    MemManage_Handler                        0x08002c3d   Thumb Code     2  stm32f1xx_it.o(.text.MemManage_Handler)
    NMI_Handler                              0x08002c41   Thumb Code     2  stm32f1xx_it.o(.text.NMI_Handler)
    NRF24L01_Init                            0x08002c45   Thumb Code   540  nrf24l01.o(.text.NRF24L01_Init)
    NRF24L01_SPI_RW                          0x08002ed9   Thumb Code   120  nrf24l01.o(.text.NRF24L01_SPI_RW)
    PendSV_Handler                           0x08002fd9   Thumb Code     2  stm32f1xx_it.o(.text.PendSV_Handler)
    SVC_Handler                              0x080030fd   Thumb Code     2  stm32f1xx_it.o(.text.SVC_Handler)
    SysTick_Handler                          0x08003101   Thumb Code     4  stm32f1xx_it.o(.text.SysTick_Handler)
    SystemInit                               0x08003105   Thumb Code     2  system_stm32f1xx.o(.text.SystemInit)
    USART2_IRQHandler                        0x08003215   Thumb Code    12  stm32f1xx_it.o(.text.USART2_IRQHandler)
    UsageFault_Handler                       0x08003221   Thumb Code     2  stm32f1xx_it.o(.text.UsageFault_Handler)
    debug_printf                             0x08003225   Thumb Code    74  debug_uart.o(.text.debug_printf)
    main                                     0x08003271   Thumb Code   122  main.o(.text.main)
    _btod_d2e                                0x080032eb   Thumb Code    62  btod.o(CL$$btod_d2e)
    _d2e_denorm_low                          0x08003329   Thumb Code    70  btod.o(CL$$btod_d2e_denorm_low)
    _d2e_norm_op1                            0x0800336f   Thumb Code    96  btod.o(CL$$btod_d2e_norm_op1)
    __btod_div_common                        0x080033d1   Thumb Code   696  btod.o(CL$$btod_div_common)
    _e2e                                     0x08003709   Thumb Code   220  btod.o(CL$$btod_e2e)
    _btod_ediv                               0x080037e5   Thumb Code    42  btod.o(CL$$btod_ediv)
    _btod_emul                               0x0800380f   Thumb Code    42  btod.o(CL$$btod_emul)
    __btod_mult_common                       0x08003839   Thumb Code   580  btod.o(CL$$btod_mult_common)
    __ARM_fpclassify                         0x08003a7d   Thumb Code    40  fpclassify.o(i.__ARM_fpclassify)
    _is_digit                                0x08003aa5   Thumb Code    14  __printf_wp.o(i._is_digit)
    _get_lc_numeric                          0x08003ab5   Thumb Code    44  lc_numeric_c.o(locale$$code)
    _get_lc_ctype                            0x08003ae1   Thumb Code    44  lc_ctype_c.o(locale$$code)
    _printf_fp_dec                           0x08003b0d   Thumb Code     4  printf1.o(x$fpl$printf1)
    _printf_fp_hex                           0x08003b11   Thumb Code     4  printf2.o(x$fpl$printf2)
    __I$use$fp                               0x08003b14   Number         0  usenofp.o(x$fpl$usenofp)
    AHBPrescTable                            0x08003c10   Data          16  system_stm32f1xx.o(.rodata.AHBPrescTable)
    APBPrescTable                            0x08003c20   Data           8  system_stm32f1xx.o(.rodata.APBPrescTable)
    Region$$Table$$Base                      0x08003d90   Number         0  anon$$obj.o(Region$$Table)
    Region$$Table$$Limit                     0x08003db0   Number         0  anon$$obj.o(Region$$Table)
    __ctype                                  0x08003dd9   Data           0  lc_ctype_c.o(locale$$data)
    uwTickFreq                               0x20000000   Data           1  stm32f1xx_hal.o(.data..L_MergedGlobals)
    uwTickPrio                               0x20000004   Data           4  stm32f1xx_hal.o(.data..L_MergedGlobals)
    SystemCoreClock                          0x20000008   Data           4  system_stm32f1xx.o(.data.SystemCoreClock)
    __libspace_start                         0x20000010   Data          96  libspace.o(.bss)
    __temporary_stack_top$libspace           0x20000070   Data           0  libspace.o(.bss)
    hspi1                                    0x20000170   Data          88  spi.o(.bss.hspi1)
    huart2                                   0x200001c8   Data          72  usart.o(.bss.huart2)
    uwTick                                   0x20000210   Data           4  stm32f1xx_hal.o(.bss.uwTick)



==============================================================================

Memory Map of the image

  Image Entry point : 0x080000ed

  Load Region LR_IROM1 (Base: 0x08000000, Size: 0x00003ef0, Max: 0x00010000, ABSOLUTE)

    Execution Region ER_IROM1 (Exec base: 0x08000000, Load base: 0x08000000, Size: 0x00003edc, Max: 0x00010000, ABSOLUTE)

    Exec Addr    Load Addr    Size         Type   Attr      Idx    E Section Name        Object

    0x08000000   0x08000000   0x000000ec   Data   RO            3    RESET               startup_stm32f103xb.o
    0x080000ec   0x080000ec   0x00000008   Code   RO          748  * !!!main             c_w.l(__main.o)
    0x080000f4   0x080000f4   0x0000005c   Code   RO         1085    !!!scatter          c_w.l(__scatter.o)
    0x08000150   0x08000150   0x0000001a   Code   RO         1089    !!handler_copy      c_w.l(__scatter_copy.o)
    0x0800016a   0x0800016a   0x00000002   PAD
    0x0800016c   0x0800016c   0x00000002   Code   RO         1086    !!handler_null      c_w.l(__scatter.o)
    0x0800016e   0x0800016e   0x00000002   PAD
    0x08000170   0x08000170   0x0000001c   Code   RO         1091    !!handler_zi        c_w.l(__scatter_zi.o)
    0x0800018c   0x0800018c   0x00000000   Code   RO          832    .ARM.Collect$$_printf_percent$$00000000  c_w.l(_printf_percent.o)
    0x0800018c   0x0800018c   0x00000006   Code   RO          821    .ARM.Collect$$_printf_percent$$00000001  c_w.l(_printf_n.o)
    0x08000192   0x08000192   0x00000006   Code   RO          823    .ARM.Collect$$_printf_percent$$00000002  c_w.l(_printf_p.o)
    0x08000198   0x08000198   0x00000006   Code   RO          828    .ARM.Collect$$_printf_percent$$00000003  c_w.l(_printf_f.o)
    0x0800019e   0x0800019e   0x00000006   Code   RO          829    .ARM.Collect$$_printf_percent$$00000004  c_w.l(_printf_e.o)
    0x080001a4   0x080001a4   0x00000006   Code   RO          830    .ARM.Collect$$_printf_percent$$00000005  c_w.l(_printf_g.o)
    0x080001aa   0x080001aa   0x00000006   Code   RO          831    .ARM.Collect$$_printf_percent$$00000006  c_w.l(_printf_a.o)
    0x080001b0   0x080001b0   0x0000000a   Code   RO          836    .ARM.Collect$$_printf_percent$$00000007  c_w.l(_printf_ll.o)
    0x080001ba   0x080001ba   0x00000006   Code   RO          825    .ARM.Collect$$_printf_percent$$00000008  c_w.l(_printf_i.o)
    0x080001c0   0x080001c0   0x00000006   Code   RO          826    .ARM.Collect$$_printf_percent$$00000009  c_w.l(_printf_d.o)
    0x080001c6   0x080001c6   0x00000006   Code   RO          827    .ARM.Collect$$_printf_percent$$0000000A  c_w.l(_printf_u.o)
    0x080001cc   0x080001cc   0x00000006   Code   RO          824    .ARM.Collect$$_printf_percent$$0000000B  c_w.l(_printf_o.o)
    0x080001d2   0x080001d2   0x00000006   Code   RO          822    .ARM.Collect$$_printf_percent$$0000000C  c_w.l(_printf_x.o)
    0x080001d8   0x080001d8   0x00000006   Code   RO          833    .ARM.Collect$$_printf_percent$$0000000D  c_w.l(_printf_lli.o)
    0x080001de   0x080001de   0x00000006   Code   RO          834    .ARM.Collect$$_printf_percent$$0000000E  c_w.l(_printf_lld.o)
    0x080001e4   0x080001e4   0x00000006   Code   RO          835    .ARM.Collect$$_printf_percent$$0000000F  c_w.l(_printf_llu.o)
    0x080001ea   0x080001ea   0x00000006   Code   RO          840    .ARM.Collect$$_printf_percent$$00000010  c_w.l(_printf_llo.o)
    0x080001f0   0x080001f0   0x00000006   Code   RO          841    .ARM.Collect$$_printf_percent$$00000011  c_w.l(_printf_llx.o)
    0x080001f6   0x080001f6   0x0000000a   Code   RO          837    .ARM.Collect$$_printf_percent$$00000012  c_w.l(_printf_l.o)
    0x08000200   0x08000200   0x00000006   Code   RO          819    .ARM.Collect$$_printf_percent$$00000013  c_w.l(_printf_c.o)
    0x08000206   0x08000206   0x00000006   Code   RO          820    .ARM.Collect$$_printf_percent$$00000014  c_w.l(_printf_s.o)
    0x0800020c   0x0800020c   0x00000006   Code   RO          838    .ARM.Collect$$_printf_percent$$00000015  c_w.l(_printf_lc.o)
    0x08000212   0x08000212   0x00000006   Code   RO          839    .ARM.Collect$$_printf_percent$$00000016  c_w.l(_printf_ls.o)
    0x08000218   0x08000218   0x00000004   Code   RO          882    .ARM.Collect$$_printf_percent$$00000017  c_w.l(_printf_percent_end.o)
    0x0800021c   0x0800021c   0x00000002   Code   RO          933    .ARM.Collect$$libinit$$00000000  c_w.l(libinit.o)
    0x0800021e   0x0800021e   0x00000000   Code   RO          952    .ARM.Collect$$libinit$$00000002  c_w.l(libinit2.o)
    0x0800021e   0x0800021e   0x00000000   Code   RO          954    .ARM.Collect$$libinit$$00000004  c_w.l(libinit2.o)
    0x0800021e   0x0800021e   0x00000000   Code   RO          956    .ARM.Collect$$libinit$$00000006  c_w.l(libinit2.o)
    0x0800021e   0x0800021e   0x00000000   Code   RO          959    .ARM.Collect$$libinit$$0000000C  c_w.l(libinit2.o)
    0x0800021e   0x0800021e   0x00000000   Code   RO          961    .ARM.Collect$$libinit$$0000000E  c_w.l(libinit2.o)
    0x0800021e   0x0800021e   0x00000000   Code   RO          963    .ARM.Collect$$libinit$$00000010  c_w.l(libinit2.o)
    0x0800021e   0x0800021e   0x00000006   Code   RO          964    .ARM.Collect$$libinit$$00000011  c_w.l(libinit2.o)
    0x08000224   0x08000224   0x00000000   Code   RO          966    .ARM.Collect$$libinit$$00000013  c_w.l(libinit2.o)
    0x08000224   0x08000224   0x0000000c   Code   RO          967    .ARM.Collect$$libinit$$00000014  c_w.l(libinit2.o)
    0x08000230   0x08000230   0x00000000   Code   RO          968    .ARM.Collect$$libinit$$00000015  c_w.l(libinit2.o)
    0x08000230   0x08000230   0x00000000   Code   RO          970    .ARM.Collect$$libinit$$00000017  c_w.l(libinit2.o)
    0x08000230   0x08000230   0x0000000a   Code   RO          971    .ARM.Collect$$libinit$$00000018  c_w.l(libinit2.o)
    0x0800023a   0x0800023a   0x00000000   Code   RO          972    .ARM.Collect$$libinit$$00000019  c_w.l(libinit2.o)
    0x0800023a   0x0800023a   0x00000000   Code   RO          974    .ARM.Collect$$libinit$$0000001B  c_w.l(libinit2.o)
    0x0800023a   0x0800023a   0x00000000   Code   RO          976    .ARM.Collect$$libinit$$0000001D  c_w.l(libinit2.o)
    0x0800023a   0x0800023a   0x00000000   Code   RO          978    .ARM.Collect$$libinit$$0000001F  c_w.l(libinit2.o)
    0x0800023a   0x0800023a   0x00000000   Code   RO          980    .ARM.Collect$$libinit$$00000021  c_w.l(libinit2.o)
    0x0800023a   0x0800023a   0x00000000   Code   RO          982    .ARM.Collect$$libinit$$00000023  c_w.l(libinit2.o)
    0x0800023a   0x0800023a   0x00000000   Code   RO          984    .ARM.Collect$$libinit$$00000025  c_w.l(libinit2.o)
    0x0800023a   0x0800023a   0x00000000   Code   RO          986    .ARM.Collect$$libinit$$00000027  c_w.l(libinit2.o)
    0x0800023a   0x0800023a   0x00000000   Code   RO          990    .ARM.Collect$$libinit$$0000002E  c_w.l(libinit2.o)
    0x0800023a   0x0800023a   0x00000000   Code   RO          992    .ARM.Collect$$libinit$$00000030  c_w.l(libinit2.o)
    0x0800023a   0x0800023a   0x00000000   Code   RO          994    .ARM.Collect$$libinit$$00000032  c_w.l(libinit2.o)
    0x0800023a   0x0800023a   0x00000000   Code   RO          996    .ARM.Collect$$libinit$$00000034  c_w.l(libinit2.o)
    0x0800023a   0x0800023a   0x00000002   Code   RO          997    .ARM.Collect$$libinit$$00000035  c_w.l(libinit2.o)
    0x0800023c   0x0800023c   0x00000002   Code   RO         1021    .ARM.Collect$$libshutdown$$00000000  c_w.l(libshutdown.o)
    0x0800023e   0x0800023e   0x00000000   Code   RO         1036    .ARM.Collect$$libshutdown$$00000002  c_w.l(libshutdown2.o)
    0x0800023e   0x0800023e   0x00000000   Code   RO         1038    .ARM.Collect$$libshutdown$$00000004  c_w.l(libshutdown2.o)
    0x0800023e   0x0800023e   0x00000000   Code   RO         1041    .ARM.Collect$$libshutdown$$00000007  c_w.l(libshutdown2.o)
    0x0800023e   0x0800023e   0x00000000   Code   RO         1044    .ARM.Collect$$libshutdown$$0000000A  c_w.l(libshutdown2.o)
    0x0800023e   0x0800023e   0x00000000   Code   RO         1046    .ARM.Collect$$libshutdown$$0000000C  c_w.l(libshutdown2.o)
    0x0800023e   0x0800023e   0x00000000   Code   RO         1049    .ARM.Collect$$libshutdown$$0000000F  c_w.l(libshutdown2.o)
    0x0800023e   0x0800023e   0x00000002   Code   RO         1050    .ARM.Collect$$libshutdown$$00000010  c_w.l(libshutdown2.o)
    0x08000240   0x08000240   0x00000000   Code   RO          750    .ARM.Collect$$rtentry$$00000000  c_w.l(__rtentry.o)
    0x08000240   0x08000240   0x00000000   Code   RO          851    .ARM.Collect$$rtentry$$00000002  c_w.l(__rtentry2.o)
    0x08000240   0x08000240   0x00000006   Code   RO          863    .ARM.Collect$$rtentry$$00000004  c_w.l(__rtentry4.o)
    0x08000246   0x08000246   0x00000000   Code   RO          853    .ARM.Collect$$rtentry$$00000009  c_w.l(__rtentry2.o)
    0x08000246   0x08000246   0x00000004   Code   RO          854    .ARM.Collect$$rtentry$$0000000A  c_w.l(__rtentry2.o)
    0x0800024a   0x0800024a   0x00000000   Code   RO          856    .ARM.Collect$$rtentry$$0000000C  c_w.l(__rtentry2.o)
    0x0800024a   0x0800024a   0x00000008   Code   RO          857    .ARM.Collect$$rtentry$$0000000D  c_w.l(__rtentry2.o)
    0x08000252   0x08000252   0x00000002   Code   RO          942    .ARM.Collect$$rtexit$$00000000  c_w.l(rtexit.o)
    0x08000254   0x08000254   0x00000000   Code   RO          999    .ARM.Collect$$rtexit$$00000002  c_w.l(rtexit2.o)
    0x08000254   0x08000254   0x00000004   Code   RO         1000    .ARM.Collect$$rtexit$$00000003  c_w.l(rtexit2.o)
    0x08000258   0x08000258   0x00000006   Code   RO         1001    .ARM.Collect$$rtexit$$00000004  c_w.l(rtexit2.o)
    0x0800025e   0x0800025e   0x00000002   PAD
    0x08000260   0x08000260   0x00000040   Code   RO            4    .text               startup_stm32f103xb.o
    0x080002a0   0x080002a0   0x0000003c   Code   RO          742    .text               c_w.l(vsnprintf.o)
    0x080002dc   0x080002dc   0x00000006   Code   RO          746    .text               c_w.l(heapauxi.o)
    0x080002e2   0x080002e2   0x0000004e   Code   RO          753    .text               c_w.l(_printf_pad.o)
    0x08000330   0x08000330   0x00000024   Code   RO          755    .text               c_w.l(_printf_truncate.o)
    0x08000354   0x08000354   0x00000052   Code   RO          757    .text               c_w.l(_printf_str.o)
    0x080003a6   0x080003a6   0x00000002   PAD
    0x080003a8   0x080003a8   0x00000078   Code   RO          759    .text               c_w.l(_printf_dec.o)
    0x08000420   0x08000420   0x00000028   Code   RO          761    .text               c_w.l(_printf_charcount.o)
    0x08000448   0x08000448   0x00000030   Code   RO          763    .text               c_w.l(_printf_char_common.o)
    0x08000478   0x08000478   0x00000010   Code   RO          765    .text               c_w.l(_snputc.o)
    0x08000488   0x08000488   0x000000bc   Code   RO          767    .text               c_w.l(_printf_wctomb.o)
    0x08000544   0x08000544   0x0000007c   Code   RO          770    .text               c_w.l(_printf_longlong_dec.o)
    0x080005c0   0x080005c0   0x00000070   Code   RO          776    .text               c_w.l(_printf_oct_int_ll.o)
    0x08000630   0x08000630   0x00000094   Code   RO          796    .text               c_w.l(_printf_hex_int_ll_ptr.o)
    0x080006c4   0x080006c4   0x00000188   Code   RO          816    .text               c_w.l(__printf_flags_ss_wp.o)
    0x0800084c   0x0800084c   0x0000008a   Code   RO          865    .text               c_w.l(lludiv10.o)
    0x080008d6   0x080008d6   0x000000b2   Code   RO          867    .text               c_w.l(_printf_intcommon.o)
    0x08000988   0x08000988   0x0000041c   Code   RO          869    .text               c_w.l(_printf_fp_dec.o)
    0x08000da4   0x08000da4   0x000002fc   Code   RO          873    .text               c_w.l(_printf_fp_hex.o)
    0x080010a0   0x080010a0   0x0000002c   Code   RO          878    .text               c_w.l(_printf_char.o)
    0x080010cc   0x080010cc   0x0000002c   Code   RO          880    .text               c_w.l(_printf_wchar.o)
    0x080010f8   0x080010f8   0x00000048   Code   RO          883    .text               c_w.l(_c16rtomb.o)
    0x08001140   0x08001140   0x0000004a   Code   RO          885    .text               c_w.l(sys_stackheap_outer.o)
    0x0800118a   0x0800118a   0x00000002   PAD
    0x0800118c   0x0800118c   0x00000010   Code   RO          887    .text               c_w.l(rt_ctype_table.o)
    0x0800119c   0x0800119c   0x00000008   Code   RO          892    .text               c_w.l(rt_locale_intlibspace.o)
    0x080011a4   0x080011a4   0x00000080   Code   RO          894    .text               c_w.l(_printf_fp_infnan.o)
    0x08001224   0x08001224   0x000000e4   Code   RO          896    .text               c_w.l(bigflt0.o)
    0x08001308   0x08001308   0x00000012   Code   RO          926    .text               c_w.l(exit.o)
    0x0800131a   0x0800131a   0x00000002   PAD
    0x0800131c   0x0800131c   0x00000008   Code   RO          939    .text               c_w.l(libspace.o)
    0x08001324   0x08001324   0x00000080   Code   RO          949    .text               c_w.l(strcmpv7m.o)
    0x080013a4   0x080013a4   0x0000000c   Code   RO         1011    .text               c_w.l(sys_exit.o)
    0x080013b0   0x080013b0   0x00000002   Code   RO         1026    .text               c_w.l(use_no_semi.o)
    0x080013b2   0x080013b2   0x00000000   Code   RO         1028    .text               c_w.l(indicate_semi.o)
    0x080013b2   0x080013b2   0x00000002   PAD
    0x080013b4   0x080013b4   0x00000002   Code   RO          115    .text.BusFault_Handler  stm32f1xx_it.o
    0x080013b6   0x080013b6   0x00000002   PAD
    0x080013b8   0x080013b8   0x00000002   Code   RO          121    .text.DebugMon_Handler  stm32f1xx_it.o
    0x080013ba   0x080013ba   0x00000002   PAD
    0x080013bc   0x080013bc   0x0000000a   Code   RO           59    .text.Error_Handler  main.o
    0x080013c6   0x080013c6   0x00000002   PAD
    0x080013c8   0x080013c8   0x00000046   Code   RO          417    .text.HAL_DMA_Abort  stm32f1xx_hal_dma.o
    0x0800140e   0x0800140e   0x00000002   PAD
    0x08001410   0x08001410   0x000000b6   Code   RO          419    .text.HAL_DMA_Abort_IT  stm32f1xx_hal_dma.o
    0x080014c6   0x080014c6   0x00000002   PAD
    0x080014c8   0x080014c8   0x00000028   Code   RO          293    .text.HAL_Delay     stm32f1xx_hal.o
    0x080014f0   0x080014f0   0x0000020e   Code   RO          385    .text.HAL_GPIO_Init  stm32f1xx_hal_gpio.o
    0x080016fe   0x080016fe   0x00000002   PAD
    0x08001700   0x08001700   0x0000000a   Code   RO          391    .text.HAL_GPIO_WritePin  stm32f1xx_hal_gpio.o
    0x0800170a   0x0800170a   0x00000002   PAD
    0x0800170c   0x0800170c   0x0000000c   Code   RO          285    .text.HAL_GetTick   stm32f1xx_hal.o
    0x08001718   0x08001718   0x0000001a   Code   RO          283    .text.HAL_IncTick   stm32f1xx_hal.o
    0x08001732   0x08001732   0x00000002   PAD
    0x08001734   0x08001734   0x00000026   Code   RO          273    .text.HAL_Init      stm32f1xx_hal.o
    0x0800175a   0x0800175a   0x00000002   PAD
    0x0800175c   0x0800175c   0x00000048   Code   RO          275    .text.HAL_InitTick  stm32f1xx_hal.o
    0x080017a4   0x080017a4   0x00000042   Code   RO          136    .text.HAL_MspInit   stm32f1xx_hal_msp.o
    0x080017e6   0x080017e6   0x00000002   PAD
    0x080017e8   0x080017e8   0x00000022   Code   RO          445    .text.HAL_NVIC_EnableIRQ  stm32f1xx_hal_cortex.o
    0x0800180a   0x0800180a   0x00000002   PAD
    0x0800180c   0x0800180c   0x00000056   Code   RO          443    .text.HAL_NVIC_SetPriority  stm32f1xx_hal_cortex.o
    0x08001862   0x08001862   0x00000002   PAD
    0x08001864   0x08001864   0x00000020   Code   RO          441    .text.HAL_NVIC_SetPriorityGrouping  stm32f1xx_hal_cortex.o
    0x08001884   0x08001884   0x000001ba   Code   RO          337    .text.HAL_RCC_ClockConfig  stm32f1xx_hal_rcc.o
    0x08001a3e   0x08001a3e   0x00000002   PAD
    0x08001a40   0x08001a40   0x00000026   Code   RO          349    .text.HAL_RCC_GetPCLK1Freq  stm32f1xx_hal_rcc.o
    0x08001a66   0x08001a66   0x00000002   PAD
    0x08001a68   0x08001a68   0x00000026   Code   RO          351    .text.HAL_RCC_GetPCLK2Freq  stm32f1xx_hal_rcc.o
    0x08001a8e   0x08001a8e   0x00000002   PAD
    0x08001a90   0x08001a90   0x00000400   Code   RO          335    .text.HAL_RCC_OscConfig  stm32f1xx_hal_rcc.o
    0x08001e90   0x08001e90   0x000000a8   Code   RO          159    .text.HAL_SPI_Init  stm32f1xx_hal_spi.o
    0x08001f38   0x08001f38   0x0000007a   Code   RO           81    .text.HAL_SPI_MspInit  spi.o
    0x08001fb2   0x08001fb2   0x00000002   PAD
    0x08001fb4   0x08001fb4   0x000002d2   Code   RO          171    .text.HAL_SPI_TransmitReceive  stm32f1xx_hal_spi.o
    0x08002286   0x08002286   0x00000002   PAD
    0x08002288   0x08002288   0x0000002c   Code   RO          453    .text.HAL_SYSTICK_Config  stm32f1xx_hal_cortex.o
    0x080022b4   0x080022b4   0x00000002   Code   RO          690    .text.HAL_UARTEx_RxEventCallback  stm32f1xx_hal_uart.o
    0x080022b6   0x080022b6   0x00000002   PAD
    0x080022b8   0x080022b8   0x00000002   Code   RO          688    .text.HAL_UART_ErrorCallback  stm32f1xx_hal_uart.o
    0x080022ba   0x080022ba   0x00000002   PAD
    0x080022bc   0x080022bc   0x00000570   Code   RO          682    .text.HAL_UART_IRQHandler  stm32f1xx_hal_uart.o
    0x0800282c   0x0800282c   0x000000e2   Code   RO          606    .text.HAL_UART_Init  stm32f1xx_hal_uart.o
    0x0800290e   0x0800290e   0x00000002   PAD
    0x08002910   0x08002910   0x0000008a   Code   RO           96    .text.HAL_UART_MspInit  usart.o
    0x0800299a   0x0800299a   0x00000002   PAD
    0x0800299c   0x0800299c   0x00000002   Code   RO          696    .text.HAL_UART_RxCpltCallback  stm32f1xx_hal_uart.o
    0x0800299e   0x0800299e   0x00000002   PAD
    0x080029a0   0x080029a0   0x00000192   Code   RO          620    .text.HAL_UART_Transmit  stm32f1xx_hal_uart.o
    0x08002b32   0x08002b32   0x00000002   PAD
    0x08002b34   0x08002b34   0x00000002   Code   RO          692    .text.HAL_UART_TxCpltCallback  stm32f1xx_hal_uart.o
    0x08002b36   0x08002b36   0x00000002   PAD
    0x08002b38   0x08002b38   0x00000002   Code   RO          111    .text.HardFault_Handler  stm32f1xx_it.o
    0x08002b3a   0x08002b3a   0x00000002   PAD
    0x08002b3c   0x08002b3c   0x00000078   Code   RO           70    .text.MX_GPIO_Init  gpio.o
    0x08002bb4   0x08002bb4   0x0000004c   Code   RO           79    .text.MX_SPI1_Init  spi.o
    0x08002c00   0x08002c00   0x0000003c   Code   RO           94    .text.MX_USART2_UART_Init  usart.o
    0x08002c3c   0x08002c3c   0x00000002   Code   RO          113    .text.MemManage_Handler  stm32f1xx_it.o
    0x08002c3e   0x08002c3e   0x00000002   PAD
    0x08002c40   0x08002c40   0x00000002   Code   RO          109    .text.NMI_Handler   stm32f1xx_it.o
    0x08002c42   0x08002c42   0x00000002   PAD
    0x08002c44   0x08002c44   0x00000294   Code   RO           44    .text.NRF24L01_Init  nrf24l01.o
    0x08002ed8   0x08002ed8   0x00000100   Code   RO           32    .text.NRF24L01_SPI_RW  nrf24l01.o
    0x08002fd8   0x08002fd8   0x00000002   Code   RO          123    .text.PendSV_Handler  stm32f1xx_it.o
    0x08002fda   0x08002fda   0x00000002   PAD
    0x08002fdc   0x08002fdc   0x00000120   Code   RO          263    .text.SPI_WaitFlagStateUntilTimeout  stm32f1xx_hal_spi.o
    0x080030fc   0x080030fc   0x00000002   Code   RO          119    .text.SVC_Handler   stm32f1xx_it.o
    0x080030fe   0x080030fe   0x00000002   PAD
    0x08003100   0x08003100   0x00000004   Code   RO          125    .text.SysTick_Handler  stm32f1xx_it.o
    0x08003104   0x08003104   0x00000002   Code   RO          726    .text.SystemInit    system_stm32f1xx.o
    0x08003106   0x08003106   0x00000002   PAD
    0x08003108   0x08003108   0x0000000c   Code   RO          686    .text.UART_DMAAbortOnError  stm32f1xx_hal_uart.o
    0x08003114   0x08003114   0x000000fe   Code   RO          684    .text.UART_Receive_IT  stm32f1xx_hal_uart.o
    0x08003212   0x08003212   0x00000002   PAD
    0x08003214   0x08003214   0x0000000c   Code   RO          127    .text.USART2_IRQHandler  stm32f1xx_it.o
    0x08003220   0x08003220   0x00000002   Code   RO          117    .text.UsageFault_Handler  stm32f1xx_it.o
    0x08003222   0x08003222   0x00000002   PAD
    0x08003224   0x08003224   0x0000004a   Code   RO           13    .text.debug_printf  debug_uart.o
    0x0800326e   0x0800326e   0x00000002   PAD
    0x08003270   0x08003270   0x0000007a   Code   RO           55    .text.main          main.o
    0x080032ea   0x080032ea   0x0000003e   Code   RO          899    CL$$btod_d2e        c_w.l(btod.o)
    0x08003328   0x08003328   0x00000046   Code   RO          901    CL$$btod_d2e_denorm_low  c_w.l(btod.o)
    0x0800336e   0x0800336e   0x00000060   Code   RO          900    CL$$btod_d2e_norm_op1  c_w.l(btod.o)
    0x080033ce   0x080033ce   0x00000002   PAD
    0x080033d0   0x080033d0   0x00000338   Code   RO          909    CL$$btod_div_common  c_w.l(btod.o)
    0x08003708   0x08003708   0x000000dc   Code   RO          906    CL$$btod_e2e        c_w.l(btod.o)
    0x080037e4   0x080037e4   0x0000002a   Code   RO          903    CL$$btod_ediv       c_w.l(btod.o)
    0x0800380e   0x0800380e   0x0000002a   Code   RO          902    CL$$btod_emul       c_w.l(btod.o)
    0x08003838   0x08003838   0x00000244   Code   RO          908    CL$$btod_mult_common  c_w.l(btod.o)
    0x08003a7c   0x08003a7c   0x00000028   Code   RO          937    i.__ARM_fpclassify  m_ws.l(fpclassify.o)
    0x08003aa4   0x08003aa4   0x0000000e   Code   RO          809    i._is_digit         c_w.l(__printf_wp.o)
    0x08003ab2   0x08003ab2   0x00000002   PAD
    0x08003ab4   0x08003ab4   0x0000002c   Code   RO          924    locale$$code        c_w.l(lc_numeric_c.o)
    0x08003ae0   0x08003ae0   0x0000002c   Code   RO          947    locale$$code        c_w.l(lc_ctype_c.o)
    0x08003b0c   0x08003b0c   0x00000004   Code   RO          842    x$fpl$printf1       fz_ws.l(printf1.o)
    0x08003b10   0x08003b10   0x00000004   Code   RO          844    x$fpl$printf2       fz_ws.l(printf2.o)
    0x08003b14   0x08003b14   0x00000000   Code   RO          936    x$fpl$usenofp       fz_ws.l(usenofp.o)
    0x08003b14   0x08003b14   0x00000008   Data   RO          768    .constdata          c_w.l(_printf_wctomb.o)
    0x08003b1c   0x08003b1c   0x00000028   Data   RO          797    .constdata          c_w.l(_printf_hex_int_ll_ptr.o)
    0x08003b44   0x08003b44   0x00000011   Data   RO          817    .constdata          c_w.l(__printf_flags_ss_wp.o)
    0x08003b55   0x08003b55   0x00000026   Data   RO          874    .constdata          c_w.l(_printf_fp_hex.o)
    0x08003b7b   0x08003b7b   0x00000001   PAD
    0x08003b7c   0x08003b7c   0x00000094   Data   RO          897    .constdata          c_w.l(bigflt0.o)
    0x08003c10   0x08003c10   0x00000010   Data   RO          731    .rodata.AHBPrescTable  system_stm32f1xx.o
    0x08003c20   0x08003c20   0x00000008   Data   RO          732    .rodata.APBPrescTable  system_stm32f1xx.o
    0x08003c28   0x08003c28   0x00000002   Data   RO          362    .rodata.HAL_RCC_GetSysClockFreq.aPredivFactorTable  stm32f1xx_hal_rcc.o
    0x08003c2a   0x08003c2a   0x00000010   Data   RO          361    .rodata.cst16       stm32f1xx_hal_rcc.o
    0x08003c3a   0x08003c3a   0x00000154   Data   RO           46    .rodata.str1.1      nrf24l01.o
    0x08003d8e   0x08003d8e   0x00000002   PAD
    0x08003d90   0x08003d90   0x00000020   Data   RO         1084    Region$$Table       anon$$obj.o
    0x08003db0   0x08003db0   0x0000001c   Data   RO          923    locale$$data        c_w.l(lc_numeric_c.o)
    0x08003dcc   0x08003dcc   0x00000110   Data   RO          946    locale$$data        c_w.l(lc_ctype_c.o)


    Execution Region RW_IRAM1 (Exec base: 0x20000000, Load base: 0x08003ee0, Size: 0x00000818, Max: 0x00005000, ABSOLUTE)

    Exec Addr    Load Addr    Size         Type   Attr      Idx    E Section Name        Object

    0x20000000   0x08003ee0   0x00000008   Data   RW          324    .data..L_MergedGlobals  stm32f1xx_hal.o
    0x20000008   0x08003ee8   0x00000004   Data   RW          730    .data.SystemCoreClock  system_stm32f1xx.o
    0x2000000c   0x08003eec   0x00000004   PAD
    0x20000010        -       0x00000060   Zero   RW          940    .bss                c_w.l(libspace.o)
    0x20000070        -       0x00000100   Zero   RW           19    .bss.debug_buf      debug_uart.o
    0x20000170        -       0x00000058   Zero   RW           85    .bss.hspi1          spi.o
    0x200001c8        -       0x00000048   Zero   RW          100    .bss.huart2         usart.o
    0x20000210        -       0x00000004   Zero   RW          323    .bss.uwTick         stm32f1xx_hal.o
    0x20000214   0x08003eec   0x00000004   PAD
    0x20000218        -       0x00000200   Zero   RW            2    HEAP                startup_stm32f103xb.o
    0x20000418        -       0x00000400   Zero   RW            1    STACK               startup_stm32f103xb.o


==============================================================================

Image component sizes


      Code (inc. data)   RO Data    RW Data    ZI Data      Debug   Object Name

        74          0          0          0        256       2825   debug_uart.o
       120          0          0          0          0       1561   gpio.o
       132          0          0          0          0       2824   main.o
       916        256        340          0          0       6590   nrf24l01.o
       198          0          0          0         88       4309   spi.o
        64         26        236          0       1536        796   startup_stm32f103xb.o
       188          0          0          8          4       5783   stm32f1xx_hal.o
       196          0          0          0          0       8438   stm32f1xx_hal_cortex.o
       252          0          0          0          0       8586   stm32f1xx_hal_dma.o
       536         22          0          0          0       4780   stm32f1xx_hal_gpio.o
        66          0          0          0          0       1224   stm32f1xx_hal_msp.o
      1542          0         18          0          0       8091   stm32f1xx_hal_rcc.o
      1178          0          0          0          0      23578   stm32f1xx_hal_spi.o
      2294          0          0          0          0      33176   stm32f1xx_hal_uart.o
        32          0          0          0          0       3874   stm32f1xx_it.o
         2          0         24          4          0       1602   system_stm32f1xx.o
       198          0          0          0         72       5465   usart.o

    ----------------------------------------------------------------------
      8054        304        652         12       1964     123502   Object Totals
         0          0         32          0          0          0   (incl. Generated)
        66          0          2          0          8          0   (incl. Padding)

    ----------------------------------------------------------------------

      Code (inc. data)   RO Data    RW Data    ZI Data      Debug   Library Member Name

         8          0          0          0          0         68   __main.o
       392          4         17          0          0         92   __printf_flags_ss_wp.o
        14          0          0          0          0         68   __printf_wp.o
         0          0          0          0          0          0   __rtentry.o
        12          0          0          0          0          0   __rtentry2.o
         6          0          0          0          0          0   __rtentry4.o
        94          8          0          0          0          0   __scatter.o
        26          0          0          0          0          0   __scatter_copy.o
        28          0          0          0          0          0   __scatter_zi.o
        72          0          0          0          0         96   _c16rtomb.o
         6          0          0          0          0          0   _printf_a.o
         6          0          0          0          0          0   _printf_c.o
        44          0          0          0          0        108   _printf_char.o
        48          6          0          0          0         96   _printf_char_common.o
        40          0          0          0          0         68   _printf_charcount.o
         6          0          0          0          0          0   _printf_d.o
       120         16          0          0          0         92   _printf_dec.o
         6          0          0          0          0          0   _printf_e.o
         6          0          0          0          0          0   _printf_f.o
      1052          0          0          0          0        148   _printf_fp_dec.o
       764          8         38          0          0        100   _printf_fp_hex.o
       128         16          0          0          0         84   _printf_fp_infnan.o
         6          0          0          0          0          0   _printf_g.o
       148          4         40          0          0        160   _printf_hex_int_ll_ptr.o
         6          0          0          0          0          0   _printf_i.o
       178          0          0          0          0         88   _printf_intcommon.o
        10          0          0          0          0          0   _printf_l.o
         6          0          0          0          0          0   _printf_lc.o
        10          0          0          0          0          0   _printf_ll.o
         6          0          0          0          0          0   _printf_lld.o
         6          0          0          0          0          0   _printf_lli.o
         6          0          0          0          0          0   _printf_llo.o
         6          0          0          0          0          0   _printf_llu.o
         6          0          0          0          0          0   _printf_llx.o
       124         16          0          0          0         92   _printf_longlong_dec.o
         6          0          0          0          0          0   _printf_ls.o
         6          0          0          0          0          0   _printf_n.o
         6          0          0          0          0          0   _printf_o.o
       112          8          0          0          0        124   _printf_oct_int_ll.o
         6          0          0          0          0          0   _printf_p.o
        78          0          0          0          0        108   _printf_pad.o
         0          0          0          0          0          0   _printf_percent.o
         4          0          0          0          0          0   _printf_percent_end.o
         6          0          0          0          0          0   _printf_s.o
        82          0          0          0          0         80   _printf_str.o
        36          0          0          0          0         84   _printf_truncate.o
         6          0          0          0          0          0   _printf_u.o
        44          0          0          0          0        108   _printf_wchar.o
       188          6          8          0          0         92   _printf_wctomb.o
         6          0          0          0          0          0   _printf_x.o
        16          0          0          0          0         68   _snputc.o
       228          4        148          0          0         96   bigflt0.o
      1936        128          0          0          0        668   btod.o
        18          0          0          0          0         80   exit.o
         6          0          0          0          0        152   heapauxi.o
         0          0          0          0          0          0   indicate_semi.o
        44         10        272          0          0         76   lc_ctype_c.o
        44         10         28          0          0         76   lc_numeric_c.o
         2          0          0          0          0          0   libinit.o
        30          0          0          0          0          0   libinit2.o
         2          0          0          0          0          0   libshutdown.o
         2          0          0          0          0          0   libshutdown2.o
         8          4          0          0         96         68   libspace.o
       138          0          0          0          0         80   lludiv10.o
        16          4          0          0          0         76   rt_ctype_table.o
         8          4          0          0          0         68   rt_locale_intlibspace.o
         2          0          0          0          0          0   rtexit.o
        10          0          0          0          0          0   rtexit2.o
       128          0          0          0          0         68   strcmpv7m.o
        12          4          0          0          0         68   sys_exit.o
        74          0          0          0          0         80   sys_stackheap_outer.o
         2          0          0          0          0         68   use_no_semi.o
        60          4          0          0          0         80   vsnprintf.o
         4          0          0          0          0         68   printf1.o
         4          0          0          0          0         68   printf2.o
         0          0          0          0          0          0   usenofp.o
        40          0          0          0          0         68   fpclassify.o

    ----------------------------------------------------------------------
      6834        264        552          0         96       4032   Library Totals
        18          0          1          0          0          0   (incl. Padding)

    ----------------------------------------------------------------------

      Code (inc. data)   RO Data    RW Data    ZI Data      Debug   Library Name

      6768        264        551          0         96       3828   c_w.l
         8          0          0          0          0        136   fz_ws.l
        40          0          0          0          0         68   m_ws.l

    ----------------------------------------------------------------------
      6834        264        552          0         96       4032   Library Totals

    ----------------------------------------------------------------------

==============================================================================


      Code (inc. data)   RO Data    RW Data    ZI Data      Debug   

     14888        568       1204         12       2060     125166   Grand Totals
     14888        568       1204         12       2060     125166   ELF Image Totals
     14888        568       1204         12          0          0   ROM Totals

==============================================================================

    Total RO  Size (Code + RO Data)                16092 (  15.71kB)
    Total RW  Size (RW Data + ZI Data)              2072 (   2.02kB)
    Total ROM Size (Code + RO Data + RW Data)      16104 (  15.73kB)

==============================================================================

